07-08 21:03:48.153  2990  2990 I BLASTBufferQueue_Java: new BLASTBufferQueue, mName= VRI[LauncherActivity]@11b5082 mNativeObject= 0xb40000736d6f8d20 caller= android.view.ViewRootImpl.updateBlastSurfaceIfNeeded:3603 android.view.ViewRootImpl.relayoutWindow:11813 android.view.ViewRootImpl.performTraversals:4840 android.view.ViewRootImpl.doTraversal:3959 android.view.ViewRootImpl$TraversalRunnable.run:13034 android.view.Choreographer$CallbackRecord.run:1961 android.view.Choreographer$CallbackRecord.run:1970 android.view.Choreographer.doCallbacks:1423 android.view.Choreographer.doFrame:1348 android.view.Choreographer$FrameDisplayEventReceiver.run:1930 
07-08 21:03:48.153  2990  2990 I BLASTBufferQueue_Java: update, w= 1080 h= 2340 mName = VRI[LauncherActivity]@11b5082 mNativeObject= 0xb40000736d6f8d20 sc.mNativeObject= 0xb40000724d15b4d0 format= -2 caller= android.view.ViewRootImpl.updateBlastSurfaceIfNeeded:3608 android.view.ViewRootImpl.relayoutWindow:11813 android.view.ViewRootImpl.performTraversals:4840 android.view.ViewRootImpl.doTraversal:3959 android.view.ViewRootImpl$TraversalRunnable.run:13034 android.view.Choreographer$CallbackRecord.run:1961 
07-08 21:03:48.153  2990  2990 W libc    : Access denied finding property "vendor.perf.ems.egg"
07-08 21:03:48.153  1433  1457 V WindowManager: Collecting in transition 102: WallpaperWindowToken{87f00ea showWhenLocked=true}_<lock>, caller=com.android.server.wm.TransitionController.collect:7 com.android.server.wm.WallpaperWindowToken.setVisibility:75 com.android.server.wm.WallpaperController.adjustWallpaperWindows:886 com.android.server.wm.RootWindowContainer.applySurfaceChangesTransaction$1:152 com.android.server.wm.RootWindowContainer.performSurfacePlacement:59 
07-08 21:03:48.154  2990  2990 I VRI[LauncherActivity]@11b5082: Relayout returned: old=(0,0,1080,2340) new=(0,0,1080,2340) relayoutAsync=false req=(1080,2340)0 dur=14 res=0x3 s={true 0xb40000735d22b430} ch=true seqId=0
07-08 21:03:48.154  1433  1457 V WindowManager: Setting visibility of Window{719ec20 u0 com.android.systemui.wallpapers.ImageWallpaper}: true, caller=com.android.server.wm.WindowContainer.sendAppVisibilityToClients:19 com.android.server.wm.WindowToken.setClientVisible:91 com.android.server.wm.WallpaperWindowToken.setVisible$1:3 com.android.server.wm.WallpaperWindowToken.commitVisibility:48 com.android.server.wm.WallpaperWindowToken.setVisibility:158 
07-08 21:03:48.155  1433  1457 D BLASTSyncEngine: SyncGroup 102:  Unfinished container: ActivityRecord{98668968 u0 com.sec.android.app.launcher/.activities.LauncherActivity t901} mSyncState=2
07-08 21:03:48.155  2990  2990 I VRI[LauncherActivity]@11b5082: Creating new active sync group VRI[LauncherActivity]@11b5082#77
07-08 21:03:48.155  1433  1457 D BLASTSyncEngine: SyncGroup 102:  Unfinished container: ActivityRecord{98668968 u0 com.sec.android.app.launcher/.activities.LauncherActivity t901} mSyncState=2
07-08 21:03:48.156  2499  2509 I WallpaperService: dispatchAppVisibility: systemlock, visible=true , mLidState = -1
07-08 21:03:48.157  2499  2957 D WallpaperService: onVisibilityChanged(true): com.android.systemui.wallpapers.ImageWallpaper$IntegratedEngine@111f34c
07-08 21:03:48.157  2499  2957 I WallpaperService: updateSurface systemlock forceRelayout=false seqId=-1 redrawNeeded=false myWidth=-1 myHeight=-1 fixedSize=false x = 0 y = 0 mWidth=-1 mHeight=-1
07-08 21:03:48.157  2499  2957 I WallpaperService: reportVisibility: visibility changed. visible=true
07-08 21:03:48.157  2499  2957 I ImageWallpaper_7[Image]:  onVisibilityChanged: visible=true , displayId=0
07-08 21:03:48.158  2990  2990 I HoneySpace.MouseDragSelectorImpl: clear mouse selector guide view.
07-08 21:03:48.162  1433  3882 D SyntheticPasswordManager.SDP: Inside fromBytes() - result.pinLength : -1
07-08 21:03:48.162  1433  3882 D SyntheticPasswordManager.SDP: 2. result.secureMode : 0
07-08 21:03:48.163  2499  2957 D ImageWallpaper[WallpaperAnimator]: onEngineVisibilityChanged: visible = true, which = 7, isFullAodShown = false, isMultipack = false, mKeyguardState = false
07-08 21:03:48.163  2499  2957 D ImageWallpaper[WallpaperAnimator]: changeToDownScaleImmediately
07-08 21:03:48.163  2499  2957 I ImageWallpaper[WallpaperAnimator]: release
07-08 21:03:48.163  2990  4438 I VRI[LauncherActivity]@11b5082: mWNT: t=0xb40000733d1f54c0 mBlastBufferQueue=0xb40000736d6f8d20 fn= 1 HdrRenderState mRenderHdrSdrRatio=1.0 caller= android.view.ViewRootImpl$12.onFrameDraw:15561 android.view.ThreadedRenderer$1.onFrameDraw:751 <bottom of call stack> 
07-08 21:03:48.163  2990  4438 I VRI[LauncherActivity]@11b5082: Setting up sync and frameCommitCallback
07-08 21:03:48.177  2990  4311 I BLASTBufferQueue: [VRI[LauncherActivity]@11b5082#22](f:0,a:0,s:0) onFrameAvailable the first frame is available
07-08 21:03:48.177  2990  4311 I VRI[LauncherActivity]@11b5082: Received frameCommittedCallback lastAttemptedDrawFrameNum=1 didProduceBuffer=true
07-08 21:03:48.178  1065  1291 I SurfaceFlinger: [com.sec.android.app.launcher/com.sec.android.app.launcher.activities.LauncherActivity$_2990#1628] setTransactionState with the first frame. bufferData(ID: 12841952215211, frameNumber: 1)
07-08 21:03:48.179  1433  1541 D WindowManager: finishDrawingWindow: Window{bfea4f6 u0 com.sec.android.app.launcher/com.sec.android.app.launcher.activities.LauncherActivity} mDrawState=DRAW_PENDING seqId=0
07-08 21:03:48.179  2990  2990 I HoneySpace.GestureMotionDetector: onScroll, ACTION_DRAG
07-08 21:03:48.179  2990  2990 I HoneySpace.OtherActivityInputConsumer: motionEvent = ActionDrag(event=MotionEvent { action=ACTION_MOVE, actionButton=0, id[0]=0, x[0]=412.0, y[0]=1912.0, toolType[0]=TOOL_TYPE_FINGER, buttonState=0, classification=NONE, metaState=0, flags=0x2000000, edgeFlags=0x0, pointerCount=1, historySize=0, eventTime=2169267, downTime=2169148, deviceId=5, source=0x1002, displayId=0, eventId=809597491 }, distanceX=-150.0, distanceY=-411.0)
07-08 21:03:48.179  2990  2990 I HoneySpace.OtherActivityInputConsumer: collect ActionDrag(event=MotionEvent { action=ACTION_MOVE, actionButton=0, id[0]=0, x[0]=412.0, y[0]=1912.0, toolType[0]=TOOL_TYPE_FINGER, buttonState=0, classification=NONE, metaState=0, flags=0x2000000, edgeFlags=0x0, pointerCount=1, historySize=0, eventTime=2169267, downTime=2169148, deviceId=5, source=0x1002, displayId=0, eventId=809597491 }, distanceX=-150.0, distanceY=-411.0)
07-08 21:03:48.180  2990  2990 I HoneySpace.AnimationSession: doAction(137584570) called with: event = TaskMoveAnimation(motionEvent=MotionEvent { action=ACTION_MOVE, actionButton=0, id[0]=0, x[0]=412.0, y[0]=1912.0, toolType[0]=TOOL_TYPE_FINGER, buttonState=0, classification=NONE, metaState=0, flags=0x2000000, edgeFlags=0x0, pointerCount=1, historySize=0, eventTime=2169267, downTime=2169148, deviceId=5, source=0x1002, displayId=0, eventId=809597491 })
07-08 21:03:48.180  2990  2990 I HoneySpace.AnimationSession: gesture taskPosition Rect(-40, 128 - 868, 2058)
07-08 21:03:48.180  2990  2990 I HoneySpace.GestureMotionDetector: onFling, FlingUp(event=MotionEvent { action=ACTION_UP, actionButton=0, id[0]=0, x[0]=412.0, y[0]=1912.0, toolType[0]=TOOL_TYPE_FINGER, buttonState=0, classification=NONE, metaState=0, flags=0x0, edgeFlags=0x0, pointerCount=1, historySize=0, eventTime=2169276, downTime=2169148, deviceId=5, source=0x1002, displayId=0, eventId=1023862515 }, velocityX=-3905.5122, velocityY=-8578.071)
07-08 21:03:48.180  2990  4287 I HoneySpace.SystemUiProxyImpl: resetHintVI
07-08 21:03:48.180  2990  2990 I HoneySpace.OtherActivityInputConsumer: motionEvent = FlingUp(event=MotionEvent { action=ACTION_UP, actionButton=0, id[0]=0, x[0]=412.0, y[0]=1912.0, toolType[0]=TOOL_TYPE_FINGER, buttonState=0, classification=NONE, metaState=0, flags=0x0, edgeFlags=0x0, pointerCount=1, historySize=0, eventTime=2169276, downTime=2169148, deviceId=5, source=0x1002, displayId=0, eventId=1023862515 }, velocityX=-3905.5122, velocityY=-8578.071)
07-08 21:03:48.180  2990  2990 I HoneySpace.OtherActivityInputConsumer: collect FlingUp(event=MotionEvent { action=ACTION_UP, actionButton=0, id[0]=0, x[0]=412.0, y[0]=1912.0, toolType[0]=TOOL_TYPE_FINGER, buttonState=0, classification=NONE, metaState=0, flags=0x0, edgeFlags=0x0, pointerCount=1, historySize=0, eventTime=2169276, downTime=2169148, deviceId=5, source=0x1002, displayId=0, eventId=1023862515 }, velocityX=-3905.5122, velocityY=-8578.071)
07-08 21:03:48.181  2990  2990 I HoneySpace.GestureMotionDetector: onTouchEvent, ACTION_UP
07-08 21:03:48.181  2990  2990 I HoneySpace.MotionPauseDetector: clear
07-08 21:03:48.181  2499  2954 D Navbar.Store: handleEvent(0) ResetBottomGestureHintVI(noArguments=true) [Module] LauncherProxyService
07-08 21:03:48.181  2990  2990 I HoneySpace.OtherActivityInputConsumer: motionEvent = ActionUp(event=MotionEvent { action=ACTION_UP, actionButton=0, id[0]=0, x[0]=412.0, y[0]=1912.0, toolType[0]=TOOL_TYPE_FINGER, buttonState=0, classification=NONE, metaState=0, flags=0x0, edgeFlags=0x0, pointerCount=1, historySize=0, eventTime=2169276, downTime=2169148, deviceId=5, source=0x1002, displayId=0, eventId=1023862515 }, velocityX=-4.029818, velocityY=-8.590374)
07-08 21:03:48.181  2499  2954 D Navbar.Store: --[Band]GESTURE_PACK_RESET_HINT_VI
07-08 21:03:48.181  2990  2990 I HoneySpace.OtherActivityInputConsumer: collect ActionUp(event=MotionEvent { action=ACTION_UP, actionButton=0, id[0]=0, x[0]=412.0, y[0]=1912.0, toolType[0]=TOOL_TYPE_FINGER, buttonState=0, classification=NONE, metaState=0, flags=0x0, edgeFlags=0x0, pointerCount=1, historySize=0, eventTime=2169276, downTime=2169148, deviceId=5, source=0x1002, displayId=0, eventId=1023862515 }, velocityX=-4.029818, velocityY=-8.590374)
07-08 21:03:48.181  2990  2990 I HoneySpace.OtherActivityInputConsumer: action up, isStartTaskMoveAnimation=true
07-08 21:03:48.181  2499  2954 D Navbar.Store: ----apply(0) NavBarStoreAction$ResetHintVI
07-08 21:03:48.181  2990  2990 I HoneySpace.OtherActivityInputConsumer: action up, startHomeScreenAnimation, flingUp=true, activated=true
07-08 21:03:48.181  2990  2990 I HoneySpace.SettledEventImpl: onSettledEvent: CloseSystemWindowEvent(reason=homekey)
07-08 21:03:48.181  2990  2990 I HoneySpace.SettledEventImpl: closeSystemWindow, homekey
07-08 21:03:48.181  2990  2990 I HoneySpace.OtherActivityInputConsumer: finishTaskMoveAnimation
07-08 21:03:48.181  2990  2990 I HoneySpace.AnimationSession: doAction(137584570) called with: event = com.honeyspace.gesture.entity.ActionEvent$TouchFinish@6ed5e2f
07-08 21:03:48.181  2990  2990 I HoneySpace.RecentsAnimationManager: handleTouchOver
07-08 21:03:48.181  2990  2990 I HoneySpace.AnimationSession: doAction(137584570) called with: event = com.honeyspace.gesture.entity.ActionEvent$StartHomeScreenAnimation@d1d9c3c
07-08 21:03:48.181  2990  2990 I HoneySpace.RecentsAnimationManager: startHomeScreen
07-08 21:03:48.182  1433  1457 V WindowManager: SyncGroup 102: Finished!
07-08 21:03:48.182  1433  1457 V WindowManager: performShowLocked: mDrawState=HAS_DRAWN in Window{bfea4f6 u0 com.sec.android.app.launcher/com.sec.android.app.launcher.activities.LauncherActivity}
07-08 21:03:48.182  1433  1457 D Transition: updateTaskbarTargetIfNeeded: defer to send callbackwhile on transient launch
07-08 21:03:48.182  2499  2499 D QuickSettingSceneViewModel: home gesture occurred
07-08 21:03:48.182  2499  2499 D QuickSettingSceneViewModel: handleHomeGesture bottomSheetAnimating false, showAvailableTiles false, bottomSheetExpand false
07-08 21:03:48.182  2499  2499 D QuickSettingSceneViewModel: Ignored home gesture. bottomSheetAnimating false, editMode false, detailVisible false
07-08 21:03:48.182  1433  1457 D ChangeTransitionController: onTransactionReady: TransitionRecord{8177aca id=102 type=FIRST_CUSTOM+21 flags=0x80 parallelCollectType=RECENTS recentsDisplayId=-1 c=[
07-08 21:03:48.182  1433  1457 D ChangeTransitionController:    ChangeInfo{801bfb3 container=Task{400852b #911 type=standard A=10317:com.instagram.android} flags=0x4}
07-08 21:03:48.182  1433  1457 D ChangeTransitionController:    ChangeInfo{8995970 container=Display{#0 state=ON size=1080x2340 ROTATION_0} flags=0x0}
07-08 21:03:48.182  1433  1457 D ChangeTransitionController:    ChangeInfo{f2b64e9 container=WindowedMagnification:0:31@76821001 flags=0x0}
07-08 21:03:48.182  1433  1457 D ChangeTransitionController:    ChangeInfo{36f256e container=ActivityRecord{98668968 u0 com.sec.android.app.launcher/.activities.LauncherActivity t901} flags=0x0}
07-08 21:03:48.182  1433  1457 D ChangeTransitionController:    ChangeInfo{4cea40f container=WallpaperWindowToken{87f00ea showWhenLocked=true}_<lock> flags=0x0}
07-08 21:03:48.182  1433  1457 D ChangeTransitionController:    ChangeInfo{4929c9c container=RemoteWallpaperAnim:1:1@147516784 flags=0x0}
07-08 21:03:48.182  1433  1457 D ChangeTransitionController:    ChangeInfo{acc66a5 container=Task{967eaf9 #901 type=home I=com.sec.android.app.launcher/.activities.LauncherActivity} flags=0x0}
07-08 21:03:48.182  1433  1457 D ChangeTransitionController:    ChangeInfo{8ec2a7a container=DefaultTaskDisplayArea_d0@183595963 flags=0x0}
07-08 21:03:48.182  1433  1457 D ChangeTransitionController:    ChangeInfo{5db722b container=AppZoomOut:2:14@190752528 flags=0x0}
07-08 21:03:48.182  1433  1457 D ChangeTransitionController:    ChangeInfo{37ae688 container=TransientLaunchOverlayToken{d40d249 token=android.os.BinderProxy@a699977} flags=0x0}
07-08 21:03:48.182  1433  1457 D ChangeTransitionController:    ChangeInfo{2c1c821 container=Task{f8931ca #1 type=home} flags=0x0}
07-08 21:03:48.182  1433  1457 D ChangeTransitionController: ]
07-08 21:03:48.182  1433  1457 D ChangeTransitionController: }
07-08 21:03:48.182  1433  1457 V WindowManager: Start calculating TransitionInfo based on participants: {Task{400852b #911 type=standard A=10317:com.instagram.android}, ActivityRecord{98668968 u0 com.sec.android.app.launcher/.activities.LauncherActivity t901}, WallpaperWindowToken{87f00ea showWhenLocked=true}_<lock>, Task{967eaf9 #901 type=home I=com.sec.android.app.launcher/.activities.LauncherActivity}, TransientLaunchOverlayToken{d40d249 token=android.os.BinderProxy@a699977}, Task{f8931ca #1 type=home}}
07-08 21:03:48.182  1433  1457 V WindowManager:   Final targets: [ChangeInfo{37ae688 container=TransientLaunchOverlayToken{d40d249 token=android.os.BinderProxy@a699977} flags=0x0}, ChangeInfo{2c1c821 container=Task{f8931ca #1 type=home} flags=0x30}, ChangeInfo{801bfb3 container=Task{400852b #911 type=standard A=10317:com.instagram.android} flags=0x4}, ChangeInfo{4cea40f container=WallpaperWindowToken{87f00ea showWhenLocked=true}_<lock> flags=0x0}]
07-08 21:03:48.183  1065  1065 I SurfaceFlinger: RequestedLayer [com.android.systemui.wallpapers.ImageWallpaper$_2499#65] hidden!! flag  from(1) --> to(0)
07-08 21:03:48.184  1065  1290 I SurfaceFlinger: id=1629 createSurf, flag=84004, Transition Root: Task=1#1629
07-08 21:03:48.184  1433  3902 D VibratorManagerService: converted usage = TOUCH(18)
07-08 21:03:48.186  1433  3902 D VibratorManagerService: vibrate - uid: 10140, opPkg: com.sec.android.app.launcher, effect: Mono{mEffect=Composed{segments=[SemHaptic{mType=50124, mMagnitude=-1, mScale=1.0}], repeat=-1, mMagnitudeType=TYPE_TOUCH}}, attrs: VibrationAttributes{mUsage=TOUCH, mAudioUsage= USAGE_UNKNOWN, mFlags=0, tags=}, reason: null, token: android.os.BinderProxy@2027446
07-08 21:03:48.186  1433  3902 D VibratorHelper: getPatternFrequencyByIndex(), index out of bound, mVibePatternHash:119, type:50124, index:100
07-08 21:03:48.186  1433  3902 D SingleVibrationSession: semDcVibrate : EFFECT_CLICK_RESERVED_DC(100), repeat: -1, usage: TOUCH(18), magnitude: 45
07-08 21:03:48.186  1433  3902 D VibratorManagerService: Starting vibrate for vibration 65
07-08 21:03:48.186  1433  1457 D WindowManager: setActiveRecents, recents=Task{f8931ca #1 type=home}, task=Task{400852b #911 type=standard A=10317:com.instagram.android}, caller=com.android.server.wm.InputMonitor.setActiveRecents:33 com.android.server.wm.Transition.handleLegacyRecentsStartBehavior:105 com.android.server.wm.Transition.onTransactionReady:1971 
07-08 21:03:48.187  1433  1457 I SurfaceControlRegistry: show, t=StartTransaction_SyncId<102> sc=ActivityRecord{98668968 u0 com.sec.android.app.launcher/.activities.LauncherActivity t901}#99, caller=android.view.SurfaceControl$Transaction.show:3679 com.android.server.wm.Transition.onTransactionReady:2034 com.android.server.wm.BLASTSyncEngine$SyncGroup.finishNow:261 com.android.server.wm.BLASTSyncEngine.onSurfacePlacement:263 com.android.server.wm.RootWindowContainer.performSurfacePlacement:1105 com.android.server.wm.WindowSurfacePlacer.performSurfacePlacement:163 
07-08 21:03:48.187  1433  3902 D VibratorManagerService: Check AppOp mode VIBRATE for uid 10140 and package com.sec.android.app.launcher returned audio=allow, op=allow
07-08 21:03:48.187  1433  1457 I SurfaceControlRegistry: show, t=StartTransaction_SyncId<102> sc=Task=901#98, caller=android.view.SurfaceControl$Transaction.show:3679 com.android.server.wm.Transition.onTransactionReady:2072 com.android.server.wm.BLASTSyncEngine$SyncGroup.finishNow:261 com.android.server.wm.BLASTSyncEngine.onSurfacePlacement:263 com.android.server.wm.RootWindowContainer.performSurfacePlacement:1105 com.android.server.wm.WindowSurfacePlacer.performSurfacePlacement:163 
07-08 21:03:48.187  1433  3902 D VibratorManagerService: Starting vibration 65 on thread
07-08 21:03:48.187  1433  1457 I SurfaceControlRegistry: hide, t=FinishTransaction_SyncId<102> sc=TransientLaunchOverlayToken{d40d249 token=android.os.BinderProxy@a699977}#109, caller=android.view.SurfaceControl$Transaction.hide:3705 com.android.server.wm.Transition.buildFinishTransaction:120 com.android.server.wm.Transition.onTransactionReady:2370 com.android.server.wm.BLASTSyncEngine$SyncGroup.finishNow:261 com.android.server.wm.BLASTSyncEngine.onSurfacePlacement:263 com.android.server.wm.RootWindowContainer.performSurfacePlacement:1105 
07-08 21:03:48.187  1433  3902 D VibratorManagerService: Start AppOp mode VIBRATE for uid 10140 and package com.sec.android.app.launcher returned allow
07-08 21:03:48.187  1065  1290 I libbinder.BpBinder: onLastStrongRef automatically unlinking death recipients for descriptor: '(not cached)'
07-08 21:03:48.188  1433  1457 V WindowManager: Calling onTransitionReady: {id=102 t=FIRST_CUSTOM+21 f=0x80 trk=0 r=[0@Point(0, 0)] c=[
07-08 21:03:48.188  1433  1457 V WindowManager:         {m=TO_FRONT f=TRANSLUCENT|FLAG_IS_SYSTEM_WINDOW|TRANSIENT_LAUNCH_OVERLAY leash=Surface(name=TransientLaunchOverlayToken{d40d249 token=android.os.BinderProxy@a699977}#109)/@0xa8a3d46 sb=Rect(0, 0 - 1080, 2340) eb=Rect(0, 0 - 1080, 2340) epz=Point(1080, 2340) d=0 inset=Rect(0, 0 - 0, 0)},
07-08 21:03:48.188  1433  1457 V WindowManager:         {WCT{RemoteToken{124662c Task{f8931ca #1 type=home}}} m=TO_FRONT f=SHOW_WALLPAPER|MOVE_TO_TOP|EDGE_EXTENSION_RESTRICTION leash=Surface(name=Task=1#46)/@0xfb5704c sb=Rect(0, 0 - 1080, 2340) eb=Rect(0, 0 - 1080, 2340) epz=Point(1080, 2340) d=0 taskParent=-1 winMode=1 userId=0 inset=Rect(0, 77 - 0, 42)},
07-08 21:03:48.188  1433  1457 V WindowManager:         {WCT{RemoteToken{27901ce Task{400852b #911 type=standard A=10317:com.instagram.android}}} m=TO_BACK f=EDGE_EXTENSION_RESTRICTION leash=Surface(name=Task=911#1223)/@0xdb906d0 sb=Rect(0, 0 - 1080, 2340) eb=Rect(0, 0 - 1080, 2340) epz=Point(1080, 2340) d=0 taskParent=-1 winMode=1 userId=0 inset=Rect(0, 154 - 0, 42) dim=true allowAppBgLayer=true},
07-08 21:03:48.188  1433  1457 V WindowManager:         {m=TO_FRONT f=IS_WALLPAPER|IS_FIXED_PORTRAIT p=WCT{RemoteToken{e919f2a RemoteWallpaperAnim:1:1@147516784}} leash=Surface(name=WallpaperWindowToken{87f00ea}#63)/@0x6d71521 sb=Rect(0, 0 - 1080, 2340) eb=Rect(0, 0 - 1080, 2340) epz=Point(1080, 2340) d=0 inset=Rect(0, 0 - 0, 0)}
07-08 21:03:48.188  1433  1457 V WindowManager:     ]}
07-08 21:03:48.189  1433  1580 D VibrationThread: Playing vibration id 65 StartSequentialEffectStep
07-08 21:03:48.189  1433  1580 D VibrationThread: StartSequentialEffectStep for effect #0
07-08 21:03:48.189  1433  1580 D VibrationThread: Running amplitude step with 0ms latency.
07-08 21:03:48.190  1433  1580 D VibrationThread: Turning on vibrator 0 for 45ms
07-08 21:03:48.190  1028  1028 E SecVibrator-HAL-AIDL-CORE: V_2_0: Vibrator on for timeoutMs: 45
07-08 21:03:48.190  1028  1028 E SecVibrator-HAL-AIDL-CORE: HW_API: do_on for timeoutMs: 45
07-08 21:03:48.190  1028  1028 E SecVibrator-HAL-AIDL-CORE: HW_API: >> writeNode node:/timed_output/vibrator/enable val:45
07-08 21:03:48.191  1433  1453 D [secipm]: mSecIpmManager report to nap
07-08 21:03:48.191  1433  1453 I PkgPredictorService-SecIpmManagerServiceImpl: reportToNAP uid:10140 com.sec.android.app.launcher/com.sec.android.app.launcher.activities.LauncherActivity thisTime:79
07-08 21:03:48.191  1433  1453 D PkgPredictorService-SecIpmManagerServiceImpl: reportToNAP: mHeavyLaunchCounter is false
07-08 21:03:48.192  2990  2990 I HoneySpace.MultiStateCallback: [149331563] Adding [STATE_WALLPAPER_ANIMATOR_START (262144)] to [STATE_GESTURE_START, STATE_START_RECENTS_TRANSITION, STATE_GESTURE_MOVE_START (524293)]
07-08 21:03:48.192  2990  2990 I HoneySpace.MultiStateCallback: [149331563] Adding [STATE_GESTURE_START_HOME_SCREEN (128)] to [STATE_GESTURE_START, STATE_START_RECENTS_TRANSITION, STATE_WALLPAPER_ANIMATOR_START, STATE_GESTURE_MOVE_START (786437)]
07-08 21:03:48.192  2990  2990 I HoneySpace.AnimationSession: doAction(137584570) called with: event = com.honeyspace.gesture.entity.ActionEvent$FinishTaskMoveAnimation@d9dfdc5
07-08 21:03:48.192  2990   373 I HoneySpace.AnimationSession: minimizePopupWindows
07-08 21:03:48.192  2990  2990 I HoneySpace.GestureInputHandler: reset
07-08 21:03:48.192  2990  2990 I HoneySpace.InputSession: close
07-08 21:03:48.192  1433  3208 D FreecessController: restrictJobsByOlaf: restrict=true, uid=-1, reason=Anim_Start_Launcher
07-08 21:03:48.193  2990  4714 I HoneySpace.HoneyAppWidgetHost: called startListening, host: e5b9cd6, hostId: 1024
07-08 21:03:48.193  2990  4714 I AppWidgetHost: semStartListening()
07-08 21:03:48.193  1028  1028 E SecVibrator-HAL-AIDL-CORE: HW_API: << writeNode node OK : 3
07-08 21:03:48.194  1433  3111 D PkgPredictorService-SecIpmManagerServiceImpl: ACTION_FOREGROUND_FINISH_EVENT sCurForegroundApp :com.sec.android.app.launcher
07-08 21:03:48.195  1433  1453 V WindowManager: Sent Transition (#102) createdAt=07-08 21:03:48.097
07-08 21:03:48.195  2990  3046 I HoneySpace.TopTaskSource: onTaskMovedToFront : taskId = 901, displayId = 0
07-08 21:03:48.195  1433  1533 I AppWidgetServiceImpl: startListening() 
07-08 21:03:48.195  2990  3048 I HoneySpace.TopTaskUseCase: topTasks 901 ComponentInfo{com.sec.android.app.launcher/com.sec.android.app.launcher.Launcher}[displayId=0]
07-08 21:03:48.195  1433  1453 V WindowManager:     startWCT=WindowContainerTransaction { changes= {} hops= [{pendingIntent: options=Bundle[{android.activity.splashScreenStyle=-1, android.activity.sourceInfo=android.app.ActivityOptions$SourceInfo@651c55d, android:activity.isMlLaunch=-1, android.pendingIntent.backgroundActivityAllowed=1, android:activity.isActiveLaunch=false, android.activity.forceLaunchTaskOnHome=false, android.activity.launchTypeDnD=false, android:activity.startedFromWindowTypeLauncher=false, android:activity.rapidLaunch=false, android.activity.launchDisplayId=0, android:activity.unhandledDropLaunch=false, android:activity.launchInFocusedStageRoot=false, android:activity.animAbortListener=null, android.activity.disableSplashScreen=false, android.activity.startAssistantActivity=false, android.activity.applySystemModalPolicy=false, android:activity.launchedFromHome=false, android:activity.applyBigFreeformSize=false, android.activity.enterPipWhileLaunching=false, android.activity.splitPosition=0, android.activity.preserveTaskWindowingMode=false, android:activity.enterSplitSideWithAdjacentFlag=0, android.activity.transientLaunch=true}]}] errorCallbackToken=null taskFragmentOrganizer=null }
07-08 21:03:48.195  1433  1533 I AppWidgetServiceImpl: startListening callbacks : com.android.internal.appwidget.IAppWidgetHost$Stub$Proxy@de18ed2 intervalEnsure:3509612 intervalHostLock:3509612 LhostId:HostId{user:0, app:10140, hostId:1024, pkg:com.sec.android.app.launcher}
07-08 21:03:48.195  1433  1533 I AppWidgetServiceImpl: startListening() finish
07-08 21:03:48.196  1433  1453 V WindowManager:     info={id=102 t=FIRST_CUSTOM+21 f=0x80 trk=0 r=[0@Point(0, 0)] c=[
07-08 21:03:48.196  1433  1453 V WindowManager:         {m=TO_FRONT f=TRANSLUCENT|FLAG_IS_SYSTEM_WINDOW|TRANSIENT_LAUNCH_OVERLAY leash=Surface(name=TransientLaunchOverlayToken{d40d249 token=android.os.BinderProxy@a699977}#109)/@0xa8a3d46 sb=Rect(0, 0 - 1080, 2340) eb=Rect(0, 0 - 1080, 2340) epz=Point(1080, 2340) d=0 inset=Rect(0, 0 - 0, 0)},
07-08 21:03:48.196  1433  1453 V WindowManager:         {WCT{RemoteToken{124662c Task{f8931ca #1 type=home}}} m=TO_FRONT f=SHOW_WALLPAPER|MOVE_TO_TOP|EDGE_EXTENSION_RESTRICTION leash=Surface(name=Task=1#46)/@0xfb5704c sb=Rect(0, 0 - 1080, 2340) eb=Rect(0, 0 - 1080, 2340) epz=Point(1080, 2340) d=0 taskParent=-1 winMode=1 userId=0 inset=Rect(0, 77 - 0, 42)},
07-08 21:03:48.196  1433  1453 V WindowManager:         {WCT{RemoteToken{27901ce Task{400852b #911 type=standard A=10317:com.instagram.android}}} m=TO_BACK f=EDGE_EXTENSION_RESTRICTION leash=Surface(name=Task=911#1223)/@0xdb906d0 sb=Rect(0, 0 - 1080, 2340) eb=Rect(0, 0 - 1080, 2340) epz=Point(1080, 2340) d=0 taskParent=-1 winMode=1 userId=0 inset=Rect(0, 154 - 0, 42) dim=true allowAppBgLayer=true},
07-08 21:03:48.196  1433  1453 V WindowManager:         {m=TO_FRONT f=IS_WALLPAPER|IS_FIXED_PORTRAIT p=WCT{RemoteToken{e919f2a RemoteWallpaperAnim:1:1@147516784}} leash=Surface(name=WallpaperWindowToken{87f00ea}#63)/@0x6d71521 sb=Rect(0, 0 - 1080, 2340) eb=Rect(0, 0 - 1080, 2340) epz=Point(1080, 2340) d=0 inset=Rect(0, 0 - 0, 0)}
07-08 21:03:48.196  1433  1453 V WindowManager:     ]}
07-08 21:03:48.196  2499  2954 V WindowManagerShell: onTransitionReady(transaction=6154688145481)
07-08 21:03:48.197  1433  1580 D VibrationThread: Turned on vibrator 0, result = 45
07-08 21:03:48.197  1433  1580 D VibrationThread: Amplitude changed on vibrator 0 to -1.0
07-08 21:03:48.197  1433  3331 D MotionRecognitionService: inject vibrator info = 1.0
07-08 21:03:48.199  2499  2685 V WindowManagerShell: onTransitionReady (#102) android.os.BinderProxy@a5b8b68: {id=102 t=FIRST_CUSTOM+21 f=0x80 trk=0 r=[0@Point(0, 0)] c=[
07-08 21:03:48.199  2499  2685 V WindowManagerShell:         {m=TO_FRONT f=TRANSLUCENT|FLAG_IS_SYSTEM_WINDOW|TRANSIENT_LAUNCH_OVERLAY leash=Surface(name=TransientLaunchOverlayToken{d40d249 token=android.os.BinderProxy@a699977}#109)/@0xf9b0662 sb=Rect(0, 0 - 1080, 2340) eb=Rect(0, 0 - 1080, 2340) epz=Point(1080, 2340) d=0 inset=Rect(0, 0 - 0, 0)},
07-08 21:03:48.199  2499  2685 V WindowManagerShell:         {m=TO_FRONT f=SHOW_WALLPAPER|MOVE_TO_TOP|EDGE_EXTENSION_RESTRICTION leash=Surface(name=Task=1#46)/@0x2bfc3f3 sb=Rect(0, 0 - 1080, 2340) eb=Rect(0, 0 - 1080, 2340) epz=Point(1080, 2340) d=0 taskParent=-1 winMode=1 userId=0 inset=Rect(0, 77 - 0, 42)},
07-08 21:03:48.199  2499  2685 V WindowManagerShell:         {m=TO_BACK f=EDGE_EXTENSION_RESTRICTION leash=Surface(name=Task=911#1223)/@0xa4ca8b0 sb=Rect(0, 0 - 1080, 2340) eb=Rect(0, 0 - 1080, 2340) epz=Point(1080, 2340) d=0 taskParent=-1 winMode=1 userId=0 inset=Rect(0, 154 - 0, 42) dim=true allowAppBgLayer=true},
07-08 21:03:48.199  2499  2685 V WindowManagerShell:         {m=TO_FRONT f=IS_WALLPAPER|IS_FIXED_PORTRAIT p=WCT{android.os.BinderProxy@908ac4f} leash=Surface(name=WallpaperWindowToken{87f00ea}#63)/@0x629a329 sb=Rect(0, 0 - 1080, 2340) eb=Rect(0, 0 - 1080, 2340) epz=Point(1080, 2340) d=0 inset=Rect(0, 0 - 0, 0)}
07-08 21:03:48.199  2499  2685 V WindowManagerShell:     ]}
07-08 21:03:48.199  1433  3902 W ParceledListSlice: Element #116 is 21688 bytes.
07-08 21:03:48.200  1065  1065 I SurfaceFlinger: RequestedLayer [Input Consumer recents_animation_input_consumer#108] hidden!! flag  from(1) --> to(0)
07-08 21:03:48.200  2499  2685 V ShellDesktopMode: DesktopModeLogger: taskInfo map after processing changes 0
07-08 21:03:48.200  1065  1065 I SurfaceFlinger: [LayerHierarchy{RequestedLayerState{WindowToken{8a1825c type=2019 android.os.BinderProxy@cc8a52e}#71 parentId=1223 z=2147483647} 1 children}] reparent to LayerHierarchy{RequestedLayerState{Task=911#1223 parentId=10 z=7} 3 children}
07-08 21:03:48.200  1065  1065 I SurfaceFlinger: [LayerHierarchy{RequestedLayerState{Input Consumer recents_animation_input_consumer#108 relativeParentId=1223 z=2} no children}] RelativeParent to LayerHierarchy{RequestedLayerState{Task=911#1223 parentId=10 z=7} 3 children}
07-08 21:03:48.200  1065  1065 I SurfaceFlinger: [Transition Root: Task=1#1629] attach to parent LayerHierarchy{RequestedLayerState{DefaultTaskDisplayArea_d0#10 parentId=9} 10 children}
07-08 21:03:48.200  2499  2685 D ShellDesktopMode: DesktopTaskChangeListener: onTaskMovingToFront for taskId=1, displayId=0 - desktop not supported
07-08 21:03:48.201  2499  2685 I SurfaceControlRegistry: show, t=StartTransaction_SyncId<102> sc=WallpaperWindowToken{87f00ea}#63, caller=android.view.SurfaceControl$Transaction.show:3679 com.android.wm.shell.transition.Transitions.dispatchReady:689 com.android.wm.shell.transition.Transitions$TransitionPlayerImpl$$ExternalSyntheticLambda1.run:284 android.os.Handler.handleCallback:1070 android.os.Handler.dispatchMessage:125 android.os.Looper.dispatchMessage:358 
07-08 21:03:48.201  2990  4714 I HoneySpace.HoneyAppWidgetHost: success hidden_semStartListening - result: true, host: e5b9cd6, hostId: 1024
07-08 21:03:48.201  2499  2685 I SurfaceControlRegistry: hide, t=FinishTransaction_SyncId<102> sc=Task=911#1223, caller=android.view.SurfaceControl$Transaction.hide:3705 com.android.wm.shell.transition.Transitions.dispatchReady:1368 com.android.wm.shell.transition.Transitions$TransitionPlayerImpl$$ExternalSyntheticLambda1.run:284 android.os.Handler.handleCallback:1070 android.os.Handler.dispatchMessage:125 android.os.Looper.dispatchMessage:358 
07-08 21:03:48.201  1433  5408 D BSOHChargingDataCollector:  BSOH Sys-servce ... 
07-08 21:03:48.201  1433  5408 D BSOHChargingDataCollector: performBatteryWork++
07-08 21:03:48.201  1433  5408 D BSOHChargingDataCollector: performBatteryWork battery com.android.server.bsoh.device.PrimeBattery@e20a0c2
07-08 21:03:48.202  1433  5408 D BSOHChargingDataCollector: primeBatt readVoltage from sysFsBattVolt,  path : /sys/class/power_supply/battery/batt_voltage_now
07-08 21:03:48.202  2499  2685 I SurfaceControlRegistry: show, t=StartTransaction_SyncId<102> sc=Task=1#46, caller=android.view.SurfaceControl$Transaction.show:3679 com.android.wm.shell.transition.Transitions.dispatchReady:1385 com.android.wm.shell.transition.Transitions$TransitionPlayerImpl$$ExternalSyntheticLambda1.run:284 android.os.Handler.handleCallback:1070 android.os.Handler.dispatchMessage:125 android.os.Looper.dispatchMessage:358 
07-08 21:03:48.202  2499  2685 I SurfaceControlRegistry: show, t=FinishTransaction_SyncId<102> sc=Task=1#46, caller=android.view.SurfaceControl$Transaction.show:3679 com.android.wm.shell.transition.Transitions.dispatchReady:1483 com.android.wm.shell.transition.Transitions$TransitionPlayerImpl$$ExternalSyntheticLambda1.run:284 android.os.Handler.handleCallback:1070 android.os.Handler.dispatchMessage:125 android.os.Looper.dispatchMessage:358 
07-08 21:03:48.202  2499  2685 V WindowManagerShell: Playing animation for (#102) android.os.BinderProxy@a5b8b68@0
07-08 21:03:48.203  2499  2685 I SurfaceControlRegistry: show, t=StartTransaction_SyncId<102> sc=Transition Root: Task=1#1629, caller=android.view.SurfaceControl$Transaction.show:3679 com.android.wm.shell.transition.Transitions.playTransition:78 com.android.wm.shell.transition.Transitions.processReadyQueue:296 com.android.wm.shell.transition.Transitions.dispatchReady:1505 com.android.wm.shell.transition.Transitions$TransitionPlayerImpl$$ExternalSyntheticLambda1.run:284 android.os.Handler.handleCallback:1070 
07-08 21:03:48.203  2499  2685 V WindowManagerShell:  try firstHandler com.android.wm.shell.recents.RecentsTransitionHandler@4124d43
07-08 21:03:48.203  2499  2685 V ShellRecents: [132397953] RecentsController.start
07-08 21:03:48.203   981   981 I SensorsHub: SensorBase::injectSensorData: ICM42632M Accelerometer default injection, type=268435461
07-08 21:03:48.204  1065  1290 I SurfaceFlinger: id=1630 createSurf, flag=84000, Surface(name=TransientLaunchOverlayToken{d40d249 token=android.os.BinderProxy@a699977}#109)/@0xf9b0662_transition-leash#1630
07-08 21:03:48.206  2499  2685 I SurfaceControlRegistry: show, t=StartTransaction_SyncId<102> sc=TransientLaunchOverlayToken{d40d249 token=android.os.BinderProxy@a699977}#109, caller=android.view.SurfaceControl$Transaction.show:3679 com.android.wm.shell.shared.TransitionUtil.createLeash:454 com.android.wm.shell.shared.TransitionUtil.newTarget:1 com.android.wm.shell.recents.RecentsTransitionHandler.startAnimation:1552 com.android.wm.shell.transition.Transitions.playTransition:954 com.android.wm.shell.transition.Transitions.processReadyQueue:296 
07-08 21:03:48.206  1065  1291 I SurfaceFlinger: id=1631 createSurf, flag=84000, Surface(name=Task=1#46)/@0x2bfc3f3_transition-leash#1631
07-08 21:03:48.207  2990  2990 I HoneySpace.HoneyAppWidgetHost: onProviderChange 21, ComponentInfo{com.duolingo/com.duolingo.streak.streakWidget.StreakWidgetProvider}
07-08 21:03:48.207  1433  1470 W libprocessgroup: SetCgroup::ExecuteForProcess: failed to open /dev/cpuctl/foreground-boost/cgroup.procs: No such file or directory
07-08 21:03:48.207  1065  1065 D SurfaceFlinger: Display 4633128672291735931 HWC layers:
07-08 21:03:48.207  1065  1065 D SurfaceFlinger:   SOLID_COLOR |                        0 | 00000000 | N/A          |    0.0    0.0    0.0    0.0 |    0    0 1080   78 | Letterbox - top#1227 (0)
07-08 21:03:48.207  1065  1065 D SurfaceFlinger:        DEVICE |          134024454471984 | 00000100 | 0x32315659   |   10.0    0.0  710.0 1280.0 |    0  154 1080 2129 | [BBQ] be3d823#1604#1608 (1167)
07-08 21:03:48.207  1065  1065 D SurfaceFlinger:        DEVICE |          134024454471963 | 00002100 | RGBA_8888    |    0.0    0.0 1080.0 2263.0 |    0   77 1080 2340 | com.instagram.android/com.instagram.[...]activity.MainTabActivity$_31205#1573 (2450)
07-08 21:03:48.207  1065  1065 D SurfaceFlinger:        DEVICE |           10733123273564 | 00002100 | RGBA_8888    |    0.0    0.0 1080.0  135.0 |    0 2205 1080 2340 | NavigationBar0$_2499#82 (395)
07-08 21:03:48.207  1065  1065 D SurfaceFlinger:        DEVICE |           10733123273607 | 00002100 | RGBA_8888    |    0.0    0.0 1080.0   77.0 |    0    0 1080   77 | StatusBar$_2499#86 (1331)
07-08 21:03:48.207  1065  1065 D SurfaceFlinger: 
07-08 21:03:48.208  2499  2685 I SurfaceControlRegistry: show, t=StartTransaction_SyncId<102> sc=Task=1#46, caller=android.view.SurfaceControl$Transaction.show:3679 com.android.wm.shell.shared.TransitionUtil.createLeash:454 com.android.wm.shell.recents.RecentsTransitionHandler.startAnimation:826 com.android.wm.shell.transition.Transitions.playTransition:954 com.android.wm.shell.transition.Transitions.processReadyQueue:296 com.android.wm.shell.transition.Transitions.dispatchReady:1505 
07-08 21:03:48.208  2499  2685 V ShellRecents:   hiding home taskId=1
07-08 21:03:48.208  1065  1118 I SurfaceFlinger: id=1632 createSurf, flag=84000, Surface(name=Task=911#1223)/@0xa4ca8b0_transition-leash#1632
07-08 21:03:48.209  2499  2499 D SystemUIService: SYSUI_RAM_OPTIMIZATION onTrimMemory=20
07-08 21:03:48.209  2499  2499 D CentralSurfaces: SYSUI_RAM_OPTIMIZATION onTrimMemory=20
07-08 21:03:48.210  2499  2499 V ShellDragAndDrop: Receive android.intent.action.CLOSE_SYSTEM_DIALOGS
07-08 21:03:48.210  1433  1433 D OlafRestriction:  olaf state update: state=true
07-08 21:03:48.210  2499  2685 I SurfaceControlRegistry: show, t=StartTransaction_SyncId<102> sc=Task=911#1223, caller=android.view.SurfaceControl$Transaction.show:3679 com.android.wm.shell.shared.TransitionUtil.createLeash:454 com.android.wm.shell.recents.RecentsTransitionHandler.startAnimation:826 com.android.wm.shell.transition.Transitions.playTransition:954 com.android.wm.shell.transition.Transitions.processReadyQueue:296 com.android.wm.shell.transition.Transitions.dispatchReady:1505 
07-08 21:03:48.210  1433  1433 D OlafRestriction:  sending trigger onRestrictionStateChanged msg.
07-08 21:03:48.210  2499  2499 D PopupUI.PopupUI: PopupUIReceiver.onReceive() action : android.intent.action.CLOSE_SYSTEM_DIALOGS
07-08 21:03:48.210  2499  2685 V ShellRecents:   adding pausing leaf taskId=911 at layer=10
07-08 21:03:48.210  2499  2685 V ShellRecents:  Excluded change from remote targets, change={m=TO_FRONT f=IS_WALLPAPER|IS_FIXED_PORTRAIT p=WCT{android.os.BinderProxy@908ac4f} leash=Surface(name=WallpaperWindowToken{87f00ea}#63)/@0x629a329 sb=Rect(0, 0 - 1080, 2340) eb=Rect(0, 0 - 1080, 2340) epz=Point(1080, 2340) d=0 inset=Rect(0, 0 - 0, 0)}
07-08 21:03:48.210  2499  2499 D SimTrayProtectionViewModel: dismiss : isFoldedState()falseisRemoveSimtray() : true
07-08 21:03:48.210  2499  2685 V ShellRecents: Applying transaction=6154688145481
07-08 21:03:48.211  2499  2685 I SurfaceControlRegistry: apply, t=StartTransaction_SyncId<102>, caller=android.view.SurfaceControl$Transaction.apply:3581 android.view.SurfaceControl$Transaction.apply:3569 android.view.SurfaceControl$Transaction.apply:3519 com.android.wm.shell.recents.RecentsTransitionHandler.startAnimation:1658 com.android.wm.shell.transition.Transitions.playTransition:954 com.android.wm.shell.transition.Transitions.processReadyQueue:296 
07-08 21:03:48.212  2990  3396 I HoneySpace.LauncherProvider: call - android.uid.systemui:10048, get_internal_Dex_status, internal_dex_status
07-08 21:03:48.212  2990  3396 I HoneySpace.ExternalMethodItem: updateRefsItemsByEntryPoints. HoneySpaceInfo(name=HomeOnly, displayId=0)
07-08 21:03:48.213  2499  2499 D LocationControllerImpl: onReceive() = android.intent.action.CLOSE_SYSTEM_DIALOGS
07-08 21:03:48.213  2499  2499 D SecMultiSIMPreferredBarViewModel: onReceive() - action = android.intent.action.CLOSE_SYSTEM_DIALOGS
07-08 21:03:48.213  2499  2499 D SecMultiSIMPreferredBarViewModel: Received broadcast that should dismiss popup: android.intent.action.CLOSE_SYSTEM_DIALOGS
07-08 21:03:48.213  2499  2499 D SecVolume.VolumePanelStore: dispatch [ACTION_DISMISS_REQUESTED with [STATE_NO_DISPATCH], currentAction={isFromOutside : true}, currentState={activeStream=3(vol=900), stream=3(vol=900) } isVoiceCapable : true, isMediaDefaultEnabled : true, isSetupWizardComplete : true, isHasVibrator : true, isCaptionComponentEnabled : true, ringerModeInternal : 2, timeOutControlsText : 0, pinDevice : 0, activeStream : 3, timeOut : 3000, stream : 3, earProtectLevel : 909, cutoutHeight : 0, timeOutControls : 0, systemTimeNow : 2120504}
07-08 21:03:48.213  2499  2499 D SecVolume.VolumePanelStore:   > New State : [STATE_NO_DISPATCH]
07-08 21:03:48.215  1059  1080 D HeatmapThread: Updated plugType via uevent: 0
07-08 21:03:48.216  2990  2990 I HoneySpace.HoneyAppWidgetProviderInfo: provider : ComponentInfo{com.duolingo/com.duolingo.streak.streakWidget.StreakWidgetProvider}, minSpanX : 2, minSpanY : 1, maxSpanX: 4, maxSpanY : 6, spanX : 2, spanY : 1, minResizePx : 309x127, maxResizePx : 0x0, targetGrid : Point(4, 6), isProviderChange : true
07-08 21:03:48.217  1065  1065 I SurfaceFlinger: [LayerHierarchy{RequestedLayerState{Input Consumer recents_animation_input_consumer#108 relativeParentId=1223 z=2} no children}] RelativeParent to LayerHierarchy{RequestedLayerState{Task=911#1223 parentId=10 z=7} 3 children}
07-08 21:03:48.217  1065  1065 I SurfaceFlinger: [Surface(name=TransientLaunchOverlayToken{d40d249 token=android.os.BinderProxy@a699977}#109)/@0xf9b0662_transition-leash#1630] attach to parent LayerHierarchy{RequestedLayerState{Transition Root: Task=1#1629 parentId=10} 1 children}
07-08 21:03:48.217  1065  1065 I SurfaceFlinger: [Surface(name=Task=1#46)/@0x2bfc3f3_transition-leash#1631] attach to parent LayerHierarchy{RequestedLayerState{Transition Root: Task=1#1629 parentId=10} 2 children}
07-08 21:03:48.217  1065  1065 I SurfaceFlinger: [Surface(name=Task=911#1223)/@0xa4ca8b0_transition-leash#1632] attach to parent LayerHierarchy{RequestedLayerState{Transition Root: Task=1#1629 parentId=10} 3 children}
07-08 21:03:48.217   979  1010 E BatteryDump: !@new_battery_dump : 3774,291,1000,2400,26,370,365,443,0,0,390,443,0,Charging,NO_CHARGING,Normal,Good,PDIC,0,Normal,0,0,9300,0x4,0x10000,0x0,0,0,0000,0000,00000000,0,0,0,0,871,37805,2600,1000,0,
07-08 21:03:48.220  2990  2990 I HoneySpace.HoneyAppWidgetHostView: [updateAppWidget id=21] receive event - isAnimating: false, remoteViews: null, hostView: @14804b6
07-08 21:03:48.220  2990  2990 I HoneySpace.HoneyAppWidgetHostView: [updateAppWidget id=21] direct update - false
07-08 21:03:48.221  2990  2990 I HoneySpace.HoneyAppWidgetHostView: [updateAppWidget id=21] perform updateAppWidget - remoteViews: null, hostView: @14804b6
07-08 21:03:48.221  2990  2990 I GWT:HostView: [launcher] [host-2.0.9] getDefaultView com.duolingo.streak.streakWidget.StreakWidgetProvider small / colorful
07-08 21:03:48.221  1433  5408 D BSOHChargingDataCollector: 0 	 BattData addData data : BattData { voltage:3.774, current:0.291, soc:0.26, temperature:37.0, status:2, timestamp:1783533828221, voltage_chg:null}
07-08 21:03:48.222  1433  5408 D BSOHChargingDataCollector: performBatteryWork--
07-08 21:03:48.222   979   979 I android.hardware.health@2.1-service-samsung: updateLrpSysfs: write: 388
07-08 21:03:48.224  1433  6067 V [SS]SleepChargingTimeController: [isActivated]mSleepChargingStatus Confident False => false
07-08 21:03:48.226  2990  6231 I HoneySpace.PredictionDataSourceImpl: TYPE_SUGGESTED_APPS updated: 9
07-08 21:03:48.226  2499  2685 V ShellRecents: No matching remote found to takeover (#102)
07-08 21:03:48.226  2499  2685 V ShellSplitScreen: getSplitBoundsForTaskId: expected split bounds for taskId=911 but not found
07-08 21:03:48.226  2499  2685 V ShellRecents: [132397953] RecentsController.start: calling onAnimationStart with 3 apps
07-08 21:03:48.228  2499  2685 V WindowManagerShell: PipDesktopState: Recents transition state changed: TRANSITION_STATE_ANIMATING
07-08 21:03:48.228  2499  2685 V ShellDesktopMode: DesktopTasksController: Recents transition state changed: TRANSITION_STATE_ANIMATING
07-08 21:03:48.229  2990  2990 I HoneySpace.HoneyAppWidgetHostView: prepareView appWidgetId : 21
07-08 21:03:48.229  2499  2818 D HWUI    : CacheManager::trimMemory(20)
07-08 21:03:48.229  2499  2685 V WindowManagerShell:  animated by firstHandler
07-08 21:03:48.230  2499  2685 V ShellDragAndDrop: Do not update drop target window visibility: window is already set to 4.
07-08 21:03:48.230  2990  3396 I HoneySpace.ShellTransitionManager: startGestureTransition, onAnimationStart, scope:CoroutineScope(coroutineContext=[SupervisorJobImpl{Active}@e585972, Dispatchers.Default])
07-08 21:03:48.231  2990  6232 I HoneySpace.PredictionDataSourceImpl: TYPE_RECOMMENDED_WIDGETS updated: 48
07-08 21:03:48.233  1065  1065 I SurfaceFlinger: RequestedLayer [com.sec.android.app.launcher/com.sec[...]tivities.LauncherActivity$_2990#1628] hidden!! flag  from(1) --> to(0)
07-08 21:03:48.233  1065  1065 I SurfaceFlinger: RequestedLayer [Transition Root: Task=1#1629] hidden!! flag  from(1) --> to(0)
07-08 21:03:48.233  1065  1065 I SurfaceFlinger: RequestedLayer [ActivityRecord{98668968 u0 com.sec.a[...]activities.LauncherActivity t901}#99] hidden!! flag  from(1) --> to(0)
07-08 21:03:48.233  1065  1065 I SurfaceFlinger: RequestedLayer [Task=901#98] hidden!! flag  from(1) --> to(0)
07-08 21:03:48.233  1065  1065 I SurfaceFlinger: RequestedLayer [WallpaperWindowToken{87f00ea}#63] hidden!! flag  from(1) --> to(0)
07-08 21:03:48.233  1065  1065 I SurfaceFlinger: RequestedLayer [Task=1#46] hidden!! flag  from(1) --> to(0)
07-08 21:03:48.233  1065  1065 I SurfaceFlinger: RequestedLayer [TransientLaunchOverlayToken{d40d249 token=android.os.BinderProxy@a699977}#109] hidden!! flag  from(1) --> to(0)
07-08 21:03:48.233  1065  1065 E SurfaceFlinger: alpha changed 1.000 -> 0.000 - Surface(name=TransientLaunchOverlayToken{d40d249 token=android.os.BinderProxy@a699977}#109)/@0xf9b0662_transition-leash#1630
07-08 21:03:48.233  1065  1065 E SurfaceFlinger: alpha changed 1.000 -> 0.000 - Surface(name=Task=1#46)/@0x2bfc3f3_transition-leash#1631
07-08 21:03:48.234  1065  1065 I SurfaceFlinger: [LayerHierarchy{RequestedLayerState{Task=1#46 parentId=1631} 2 children}] reparent to LayerHierarchy{RequestedLayerState{Surface(name=Task=1#46)/@0x2bfc3f3_transition-leash#1631 parentId=1629 z=3} 1 children}
07-08 21:03:48.234  1065  1065 I SurfaceFlinger: [LayerHierarchy{RequestedLayerState{TransientLaunchOverlayToken{d40d249 token=android.os.BinderProxy@a699977}#109 parentId=1630} 1 children}] reparent to LayerHierarchy{RequestedLayerState{Surface(name=TransientLaunchOverlayToken{d40d249 token=android.os.BinderProxy@a699977}#109)/@0xf9b0662_transition-leash#1630 parentId=1629 relativeParentId=46 z=1} 1 children}
07-08 21:03:48.234  1065  1065 I SurfaceFlinger: [LayerHierarchy{RequestedLayerState{Task=911#1223 parentId=1632} 3 children}] reparent to LayerHierarchy{RequestedLayerState{Surface(name=Task=911#1223)/@0xa4ca8b0_transition-leash#1632 parentId=1629 z=10} 1 children}
07-08 21:03:48.234  1065  1065 I SurfaceFlinger: [LayerHierarchy{RequestedLayerState{Surface(name=TransientLaunchOverlayToken{d40d249 token=android.os.BinderProxy@a699977}#109)/@0xf9b0662_transition-leash#1630 parentId=1629 relativeParentId=46 z=1} 1 children}] reparent to LayerHierarchy{RequestedLayerState{Transition Root: Task=1#1629 parentId=10} 3 children}
07-08 21:03:48.234  1065  1065 I SurfaceFlinger: [LayerHierarchy{RequestedLayerState{Surface(name=TransientLaunchOverlayToken{d40d249 token=android.os.BinderProxy@a699977}#109)/@0xf9b0662_transition-leash#1630 parentId=1629 relativeParentId=46 z=1} 1 children}] RelativeParent to LayerHierarchy{RequestedLayerState{Task=1#46 parentId=1631} 3 children}
07-08 21:03:48.234  1065  1065 I SurfaceFlinger: [LayerHierarchy{RequestedLayerState{Surface(name=Task=1#46)/@0x2bfc3f3_transition-leash#1631 parentId=1629 z=3} 1 children}] reparent to LayerHierarchy{RequestedLayerState{Transition Root: Task=1#1629 parentId=10} 3 children}
07-08 21:03:48.234  1065  1065 I SurfaceFlinger: [LayerHierarchy{RequestedLayerState{Surface(name=Task=911#1223)/@0xa4ca8b0_transition-leash#1632 parentId=1629 z=10} 1 children}] reparent to LayerHierarchy{RequestedLayerState{Transition Root: Task=1#1629 parentId=10} 3 children}
07-08 21:03:48.234  2990  2990 I AppWidgetHost: updateAppWidgetView, appWidgetId = 21, v = com.honeyspace.ui.common.widget.HoneyAppWidgetHostView{14804b6 VFE...... R.....ID 30,30-558,312} - span boundary: (2, 1) ~ (4, 6), appWidgetSize: 0, flag: 0, lastAppliedInfo: null, cachedImageView: false
07-08 21:03:48.234  2990  2990 I HoneySpace.HoneyAppWidgetHostView: [updateAppWidget id=21] receive event - isAnimating: false, remoteViews: android.widget.RemoteViews@256a15d, hostView: @14804b6
07-08 21:03:48.234  2990  2990 I HoneySpace.HoneyAppWidgetHostView: [updateAppWidget id=21] start update job for widget
07-08 21:03:48.235  2990  2990 I HoneySpace.RecentsAnimationController: start, isRecentsStarted: false
07-08 21:03:48.235  2990  2990 I HoneySpace.HoneyScreenManagerImpl: gotoScreen honeyState=com.honeyspace.sdk.HomeScreen$Normal@e4cb062 com.honeyspace.sdk.HomeScreen$Normal@e4cb062
07-08 21:03:48.235  2990  2990 I HoneySpace.HomescreenPot: changeState, com.honeyspace.sdk.HomeScreen$Normal@e4cb062, cancelOpen: false reapplyState: false
07-08 21:03:48.235  2990  2990 I HoneySpace.HomescreenPot: updateChangeState? false, changedState = com.honeyspace.sdk.HomeScreen$Normal@e4cb062
07-08 21:03:48.235  2990  2990 I HoneySpace.BackgroundManagerImpl: checkAndUpdateBackgroundEffect: com.honeyspace.sdk.HomeScreen$Normal@e4cb062, ch=18781201, forceApply=false
07-08 21:03:48.235  2990  2990 I HoneySpace.HoneyScreenManagerImpl: setContentsAlpha, state: com.honeyspace.sdk.HomeScreen$Normal@e4cb062
07-08 21:03:48.235  2990  2990 I HoneySpace.HomescreenPot: setContentsAlpha, alpha : 0.0
07-08 21:03:48.235  1433  1580 D VibrationThread: Playing vibration id 65 on vibrator 0 CompleteEffectVibratorStep
07-08 21:03:48.235  2990  2990 I HoneySpace.RecentsAnimationManager: onAnimationStart
07-08 21:03:48.236  2990  2990 I HoneySpace.LeashUpdater: showAppearedLeashOverlayTarget
07-08 21:03:48.236  2990  2990 I HoneySpace.LeashUpdater: showHomeTarget, leash : Surface(name=Surface(name=Task=1#46)/@0x2bfc3f3_transition-leash#1631)/@0xd5037a3
07-08 21:03:48.236  2990  2990 I HoneySpace.Player: [Player:A(48.236)] create
07-08 21:03:48.236  2990  2990 I HoneySpace.FloatingAnimator: playerCount: 1
07-08 21:03:48.236  2990  2990 I HoneySpace.TransitionUtils: [getRotationChange] home-0, app-0
07-08 21:03:48.236  2990  2990 I HoneySpace.TransitionUtils: getWindowTargetBounds: Rect(0, 0 - 1080, 2340)
07-08 21:03:48.236  2990  2990 I HoneySpace.Player: setup no target anim
07-08 21:03:48.236  2990  2990 I HoneySpace.Player: [Player:A(48.236)] catch
07-08 21:03:48.236  2990  2990 I HoneySpace.RectFSpringRelayer: springRelay created, 107017817
07-08 21:03:48.236  2990  2990 I HoneySpace.MultiStateCallback: [149331563] Adding [STATE_RECENTS_ANIMATION_STARTED (16)] to [STATE_GESTURE_START, STATE_START_RECENTS_TRANSITION, STATE_GESTURE_START_HOME_SCREEN, STATE_WALLPAPER_ANIMATOR_START, STATE_GESTURE_MOVE_START (786565)]
07-08 21:03:48.237  1433  1580 D VibrationThread: Running complete vibration step on vibrator 0
