--------- beginning of main
07-08 21:03:46.898  6184  6401 W ProxyAndroidLoggerBackend: Too many Flogger logs received before configuration. Dropping old logs.
07-08 21:03:46.986   986  1070 I HYPER-HAL: [RequestManager.cpp]releaseLocked(): Released ID : 1050541
--------- beginning of system
07-08 21:03:47.042  1433  1498 D PowerManagerService: displayReady: false groupId=0
07-08 21:03:47.043  1433  1498 D DisplayPowerController[0]: animateScreenStateChange: target=ON, mIsEnabled=true
07-08 21:03:47.045  1433  1498 D DisplayPowerController[0]: putAutoBrightnessTransitionTime: transitionTime=0
07-08 21:03:47.047  1433  1498 D PowerManagerService: displayReady: true groupId=0
07-08 21:03:47.200  1433  5408 D BSOHChargingDataCollector:  BSOH Sys-servce ... 
07-08 21:03:47.200  1433  5408 D BSOHChargingDataCollector: performBatteryWork++
07-08 21:03:47.200  1433  5408 D BSOHChargingDataCollector: performBatteryWork battery com.android.server.bsoh.device.PrimeBattery@e20a0c2
07-08 21:03:47.200  1433  5408 D BSOHChargingDataCollector: primeBatt readVoltage from sysFsBattVolt,  path : /sys/class/power_supply/battery/batt_voltage_now
07-08 21:03:47.211  1433  5408 D BSOHChargingDataCollector: 0 	 BattData addData data : BattData { voltage:3.774, current:0.022, soc:0.26, temperature:37.0, status:2, timestamp:1783533827211, voltage_chg:null}
07-08 21:03:47.211  1433  5408 D BSOHChargingDataCollector: performBatteryWork--
07-08 21:03:47.243  1433  1498 D PowerManagerService: displayReady: false groupId=0
07-08 21:03:47.244  1433  1498 D DisplayPowerController[0]: animateScreenStateChange: target=ON, mIsEnabled=true
07-08 21:03:47.244  1433  1498 D DisplayPowerController[0]: putAutoBrightnessTransitionTime: transitionTime=0
07-08 21:03:47.245  1433  1498 D PowerManagerService: displayReady: true groupId=0
07-08 21:03:47.281  1433  1828 I Pageboost: Launcher App Execution
07-08 21:03:47.444  1433  1498 D PowerManagerService: displayReady: false groupId=0
07-08 21:03:47.445  1433  1498 D DisplayPowerController[0]: animateScreenStateChange: target=ON, mIsEnabled=true
07-08 21:03:47.445  1433  1498 D DisplayPowerController[0]: putAutoBrightnessTransitionTime: transitionTime=0
07-08 21:03:47.446  1433  1498 D PowerManagerService: displayReady: true groupId=0
07-08 21:03:47.645  1433  1498 D PowerManagerService: displayReady: false groupId=0
07-08 21:03:47.645  1433  1498 D DisplayPowerController[0]: animateScreenStateChange: target=ON, mIsEnabled=true
07-08 21:03:47.646  1433  1498 D DisplayPowerController[0]: putAutoBrightnessTransitionTime: transitionTime=0
07-08 21:03:47.647  1433  1498 D PowerManagerService: displayReady: true groupId=0
07-08 21:03:47.779  6184  6257 I native  : I0000 00:00:1783533827.779110    6257 soda_async_impl.cc:1426] Current audio timestamp: 1783533826583569
07-08 21:03:47.847  1433  1498 D PowerManagerService: displayReady: false groupId=0
07-08 21:03:47.848  1433  1498 D DisplayPowerController[0]: animateScreenStateChange: target=ON, mIsEnabled=true
07-08 21:03:47.849  1433  1498 D DisplayPowerController[0]: putAutoBrightnessTransitionTime: transitionTime=0
07-08 21:03:47.851  1433  1498 D PowerManagerService: displayReady: true groupId=0
07-08 21:03:48.013  1433  1591 D InputReader: Btn_touch(4): value=1 when=2169.148857
07-08 21:03:48.013  1433  1591 I InputReader: Touch event's action is 0x0 (id=5, t=0) [pCnt=1, s=0.538 ] when=2169.148857
07-08 21:03:48.014  1433  1590 I InputDispatcher: Delivering touch to (2499): action: 0x4, f=0x0, d=0, '1a4b965', t=1 
07-08 21:03:48.014  1433  1590 I InputDispatcher: Delivering touch to (31205): action: 0x0, f=0x0, d=0, '3be84a9', t=1 +(0,-77)
07-08 21:03:48.015  1433  1590 D PowerManagerService: [api] userActivityFromNative : touch displayId=0 eventTime=2169148
07-08 21:03:48.015  1433  1454 I GestureDetector: obtain mCurrentDownEvent. id: 918926032 caller: com.android.server.wm.SystemGesturesPointerEventListener.onPointerEvent:17 com.android.server.wm.PointerEventDispatcher.onInputEvent:51 android.view.InputEventReceiver.dispatchInputEvent:369 
07-08 21:03:48.015 31205 31205 I VRI[MainTabActivity]@92a507f: ViewPostIme pointer 0
07-08 21:03:48.015  1433  1454 I GestureDetector: obtain mCurrentDownEvent. id: 918926032 caller: com.android.server.wm.SystemPerformancePointerEventListener.onPointerEvent:13 com.android.server.wm.PointerEventDispatcher.onInputEvent:51 android.view.InputEventReceiver.dispatchInputEvent:369 
07-08 21:03:48.017  2990  2990 I HoneySpace.RegionManagerImpl: getRegionType called with: x = 562.0, y = 2323.0, type=SEARCLE
07-08 21:03:48.018  2990  2990 I HoneySpace.RegionManagerImpl: getRegionType() called with: x = 562.0, y = 2323.0, type=SEARCLE
07-08 21:03:48.018  2990  2990 W HoneySpace.RecentsAnimationState: canStartSystemGesture, return true by !isHomeDisabled
07-08 21:03:48.018  2990  2990 I HoneySpace.InputConsumerFactory: screenInputConsumer: OtherActivityInputConsumer
07-08 21:03:48.018  2990  2990 I HoneySpace.InputConsumerFactory: samsungInputConsumer: NO_OP
07-08 21:03:48.019  2990  2990 I HoneySpace.RegionManagerImpl: getRegionType called with: x = 562.0, y = 2323.0, type=SEARCLE
07-08 21:03:48.019  2990  2990 I HoneySpace.InputConsumerFactory: canStartSearcle is false, !isTouchAndHoldToSearchEnabled
07-08 21:03:48.019  2990  2990 I HoneySpace.InputConsumerFactory: generalInputConsumers: [NO_OP]
07-08 21:03:48.019  2990  2990 I HoneySpace.GestureInputHandler: inputConsumers = [com.honeyspace.gesture.inputconsumer.OtherActivityInputConsumer@ecffdc]
07-08 21:03:48.019  2990  2990 I HoneySpace.RegionManagerImpl: getRegionType called with: x = 562.0, y = 2323.0, type=SEARCLE
07-08 21:03:48.019  2990  2990 I HoneySpace.InputSession: inputConsumers = OtherActivityInputConsumer
07-08 21:03:48.020  2990  2990 I HoneySpace.InputSession: open
07-08 21:03:48.020  2990  2990 I GestureDetector: obtain mCurrentDownEvent. id: 918926032 caller: com.honeyspace.gesture.motiondetector.GestureMotionDetector.onTouchEvent:7 com.honeyspace.gesture.session.InputSession.onMotionEvent:151 com.honeyspace.gesture.GestureInputHandler.inputHandle:199 
07-08 21:03:48.020  2990   364 I HoneySpace.SystemUiProxyImpl: startHintVI, id = 1
07-08 21:03:48.020  2990  2990 I HoneySpace.GestureMotionDetector: onDown
07-08 21:03:48.021  2990  2990 I HoneySpace.OtherActivityInputConsumer: motionEvent = ActionDown(event=MotionEvent { action=ACTION_DOWN, actionButton=0, id[0]=0, x[0]=562.0, y[0]=2323.0, toolType[0]=TOOL_TYPE_FINGER, buttonState=0, classification=NONE, metaState=0, flags=0x0, edgeFlags=0x0, pointerCount=1, historySize=0, eventTime=2169148, downTime=2169148, deviceId=5, source=0x1002, displayId=0, eventId=918926032 })
07-08 21:03:48.021  2990  2990 I HoneySpace.OtherActivityInputConsumer: action down, isDeferredDown[systemDeferredDown=false, useKeyInject=false, isInDeferredRegion=true}
07-08 21:03:48.021  2990  2990 I HoneySpace.TaskBooster: tick TASK_BOOST: 2990/800
07-08 21:03:48.022  2499  3619 D Navbar.Store: handleEvent(0) StartBottomGestureHintVI(hintId=1) [Module] LauncherProxyService
07-08 21:03:48.023  2499  3619 D Navbar.Store: --[Band]GESTURE_PACK_START_HINT_VI
07-08 21:03:48.023  2499  3619 D Navbar.Store: ----apply(0) NavBarStoreAction$StartHintVI
07-08 21:03:48.024  1433  1454 I GestureDetector: obtain mCurrentMotionEventRaw. action: 2 id: 883183314
07-08 21:03:48.024  1433  1454 I GestureDetector: obtain mCurrentMotionEventRaw. action: 2 id: 883183314
07-08 21:03:48.034  2990  2990 I GestureDetector: obtain mCurrentMotionEventRaw. action: 2 id: 883183314
07-08 21:03:48.048  1433  1498 D PowerManagerService: displayReady: false groupId=0
07-08 21:03:48.049  1433  1498 D DisplayPowerController[0]: animateScreenStateChange: target=ON, mIsEnabled=true
07-08 21:03:48.049  1433  1498 D DisplayPowerController[0]: putAutoBrightnessTransitionTime: transitionTime=0
07-08 21:03:48.050  1433  1498 D PowerManagerService: displayReady: true groupId=0
07-08 21:03:48.068  2990  2990 I HoneySpace.GestureMotionDetector: onScroll, angle = 88.0
07-08 21:03:48.075  2990  2990 I HoneySpace.GestureMotionDetector: onScroll, SwipeUp(event=MotionEvent { action=ACTION_MOVE, actionButton=0, id[0]=0, x[0]=560.90625, y[0]=2292.253, toolType[0]=TOOL_TYPE_FINGER, buttonState=0, classification=NONE, metaState=0, flags=0x0, edgeFlags=0x0, pointerCount=1, historySize=2, eventTime=2169196, downTime=2169148, deviceId=5, source=0x1002, displayId=0, eventId=139781905 }, angle=88.0)
07-08 21:03:48.076  2990  2990 I HoneySpace.OtherActivityInputConsumer: motionEvent = SwipeUp(event=MotionEvent { action=ACTION_MOVE, actionButton=0, id[0]=0, x[0]=560.90625, y[0]=2292.253, toolType[0]=TOOL_TYPE_FINGER, buttonState=0, classification=NONE, metaState=0, flags=0x0, edgeFlags=0x0, pointerCount=1, historySize=2, eventTime=2169196, downTime=2169148, deviceId=5, source=0x1002, displayId=0, eventId=139781905 }, angle=88.0)
07-08 21:03:48.077  2990  2990 I HoneySpace.OtherActivityInputConsumer: collect SwipeUp(event=MotionEvent { action=ACTION_MOVE, actionButton=0, id[0]=0, x[0]=560.90625, y[0]=2292.253, toolType[0]=TOOL_TYPE_FINGER, buttonState=0, classification=NONE, metaState=0, flags=0x0, edgeFlags=0x0, pointerCount=1, historySize=2, eventTime=2169196, downTime=2169148, deviceId=5, source=0x1002, displayId=0, eventId=139781905 }, angle=88.0)
07-08 21:03:48.077  2990  2990 I HoneySpace.InputSession: inputConsumer activated: OtherActivityInputConsumer
07-08 21:03:48.077  2990  2990 I HoneySpace.InputMonitorProxyImpl: pilferPointers com.android.systemui.shared.system.InputMonitorCompat@281f72d
07-08 21:03:48.080  2990  2990 I HoneySpace.SettledEventImpl: onSettledEvent: CloseSystemWindowEvent(reason=recentapps)
07-08 21:03:48.080  2990  2990 I HoneySpace.SettledEventImpl: closeSystemWindow, recentapps
07-08 21:03:48.080  1433  3882 D InputManagerService: pilferPointers
07-08 21:03:48.081  2990  2990 I HoneySpace.OtherActivityInputConsumer: startTaskMoveAnimation
07-08 21:03:48.081  1433  3882 I InputDispatcher: Channel [Gesture Monitor] swipe-up is stealing input gesture for device 5 from [3be84a9 com.instagram.android/com.instagram.android.activity.MainTabActivity, [Gesture Monitor] secinputdev, [Gesture Monitor] PalmMotion, [Gesture Monitor] edge-swipe]
07-08 21:03:48.081  1433  3882 D InputDispatcher: Cancel for '3be84a9': input channel stole pointer stream, m=1
07-08 21:03:48.081  1433  3882 I InputDispatcher: Delivering touch to (31205): action: 0x3, f=0x20, d=0, '3be84a9', t=1 +(0,-77)
07-08 21:03:48.084  2990  2990 I HoneySpace.AnimationSession: open
07-08 21:03:48.085  2990  2990 I HoneySpace.AnimationSession: doAction(137584570) called with: event = StartTaskMoveAnimation(taskId=911, displaySize=Point(1080, 2340), motionEvent=MotionEvent { action=ACTION_MOVE, actionButton=0, id[0]=0, x[0]=560.90625, y[0]=2292.253, toolType[0]=TOOL_TYPE_FINGER, buttonState=0, classification=NONE, metaState=0, flags=0x0, edgeFlags=0x0, pointerCount=1, historySize=2, eventTime=2169196, downTime=2169148, deviceId=5, source=0x1002, displayId=0, eventId=139781905 }, downPos=PointF(562.0, 2323.0), extraTouchSlop=0, startFromLockscreen=false)
07-08 21:03:48.087  2990  2990 I HoneySpace.GroupTask: userId:0, isDeviceLocked:false
07-08 21:03:48.088  2990  2990 I HoneySpace.TaskListRepository: fetchTaskList duration : 1.649846ms
07-08 21:03:48.088  1433  1454 D WindowManager: requestTransientBars: swipeTarget=Window{1a4b965 u0 NavigationBar0}, controlTarget=Window{3be84a9 u0 com.instagram.android/com.instagram.android.activity.MainTabActivity}, canShowTransient=false, restorePositionTypes=0x3, from=com.android.server.wm.DisplayPolicy.requestTransientBars:171 com.android.server.wm.DisplayPolicy$1.onSwipeFromBottom:21 
07-08 21:03:48.088  2990  2990 I HoneySpace.AnimationSession: startBindGestureTaskListView taskList updated
07-08 21:03:48.089  2990  2990 I HoneySpace.RecentsAnimationManager: start, taskId=911, displaySize=Point(1080, 2340), byKey=false, fromHome=false, fromLock=false
07-08 21:03:48.089  2990  2990 I HoneySpace.DvfsManager: HOME_GESTURE_BOOSTER acquire
07-08 21:03:48.089  2990  2990 I HoneySpace.RecentsAnimationManager: init
07-08 21:03:48.090  2990  3042 I SemDvfsHyPerManager: acquire hyper - RECENTS_GESTURE_BOOSTER/2990@1, type = -999
07-08 21:03:48.090  2990  2990 I HoneySpace.RecentsAnimationManager: initStateCallbacks
07-08 21:03:48.090  2990  3042 I HoneySpace.CustomFrequencyManager: enableGpisHint: true
07-08 21:03:48.091   986  1070 I HYPER-HAL: [RequestManager.cpp]acquire(): Acquired ID : 4474537  [2990 / 1]    HINT : RECENTS_GESTURE_BOOSTER    list : 
07-08 21:03:48.092  2990  2990 I HoneySpace.MultiStateCallback: [149331563] Adding [STATE_GESTURE_START (1)] to [ (0)]
07-08 21:03:48.092  2990  2990 I HoneySpace.AppTransitionAnimationAwait: prepare refCnt:1 timeout:1500
07-08 21:03:48.092  2990  2990 I HoneySpace.RecentsAnimationManager: startGestureTransition, byKey: false, isRecentsStart: false
07-08 21:03:48.093  2990  2990 I HoneySpace.ShellTransitionManager: startGestureTransition homeIsOnTop: false, displayId: 0
07-08 21:03:48.093  2990  2990 I HoneySpace.ShellTransitionManager: set restRunnableList: null
07-08 21:03:48.093  2990  3308 I HoneySpace.ShellTransitionManager: transitionRunning state changed: true
07-08 21:03:48.095  2990  2990 I HoneySpace.MultiStateCallback: [149331563] Adding [STATE_START_RECENTS_TRANSITION (4)] to [STATE_GESTURE_START (1)]
07-08 21:03:48.095  1433  3902 I WindowManager: Reparenting to leash, surface=Surface(name=RemoteWallpaperAnim:1:1#7)/@0xaba4c34, leashParent=Surface(name=OneHanded:0:14#4)/@0x8c27a5d
07-08 21:03:48.095  2499  2685 V ShellRecents: startRecentsTransition
07-08 21:03:48.095  2990  2990 I HoneySpace.AnimationSession: recents animation start: false false
07-08 21:03:48.095  2499  2685 V WindowManagerShell: PipDesktopState: Recents transition state changed: TRANSITION_STATE_REQUESTED
07-08 21:03:48.095  2499  2685 V ShellDesktopMode: DesktopTasksController: Recents transition state changed: TRANSITION_STATE_REQUESTED
07-08 21:03:48.095  2990  2990 I HoneySpace.AnimationSession: controlByView with taskListView false
07-08 21:03:48.095  1065  1291 I SurfaceFlinger: id=1627 createSurf, flag=24000, Surface(name=RemoteWallpaperAnim:1:1#7)/@0xaba4c34 - animation-leash of remote_wallpaper#1627
07-08 21:03:48.095  2499  2685 V ShellRecents: RecentsTransitionHandler.startRealRecentsTransition(): displayId=0
07-08 21:03:48.096  2499  2685 V WindowManagerShell:  handleRecentsRequest displayId=0 deskActive=false
07-08 21:03:48.096  2499  2685 V WindowManagerShell: Directly starting a new transition type=START_RECENTS_TRANSITION(FIRST_CUSTOM+21) wct=WindowContainerTransaction { changes= {} hops= [{pendingIntent: options=Bundle[{android.activity.splashScreenStyle=-1, android.activity.sourceInfo=android.app.ActivityOptions$SourceInfo@fb1c250, android:activity.isMlLaunch=-1, android.pendingIntent.backgroundActivityAllowed=1, android:activity.isActiveLaunch=false, android.activity.forceLaunchTaskOnHome=false, android.activity.launchTypeDnD=false, android:activity.startedFromWindowTypeLauncher=false, android:activity.rapidLaunch=false, android.activity.launchDisplayId=0, android:activity.unhandledDropLaunch=false, android:activity.launchInFocusedStageRoot=false, android:activity.animAbortListener=null, android.activity.disableSplashScreen=false, android.activity.startAssistantActivity=false, android.activity.applySystemModalPolicy=false, android:activity.launchedFromHome=false, android:activity.applyBigFreeformSize=false, android.activity.enterPipWhileLaunching=false, android.activity.splitPosition=0, android.activity.preserveTaskWindowingMode=false, android:activity.enterSplitSideWithAdjacentFlag=0, android.activity.transientLaunch=true}]}] errorCallbackToken=null taskFragmentOrganizer=null } handler=com.android.wm.shell.recents.RecentsTransitionHandler@4124d43
07-08 21:03:48.096  2499  2685 I WindowOrganizer: startNewTransition, type=1021, t=WindowContainerTransaction { changes= {} hops= [{pendingIntent: options=Bundle[{android.activity.splashScreenStyle=-1, android.activity.sourceInfo=android.app.ActivityOptions$SourceInfo@fb1c250, android:activity.isMlLaunch=-1, android.pendingIntent.backgroundActivityAllowed=1, android:activity.isActiveLaunch=false, android.activity.forceLaunchTaskOnHome=false, android.activity.launchTypeDnD=false, android:activity.startedFromWindowTypeLauncher=false, android:activity.rapidLaunch=false, android.activity.launchDisplayId=0, android:activity.unhandledDropLaunch=false, android:activity.launchInFocusedStageRoot=false, android:activity.animAbortListener=null, android.activity.disableSplashScreen=false, android.activity.startAssistantActivity=false, android.activity.applySystemModalPolicy=false, android:activity.launchedFromHome=false, android:activity.applyBigFreeformSize=false, android.activity.enterPipWhileLaunching=false, android.activity.splitPosition=0, android.activity.preserveTaskWindowingMode=false, android:activity.enterSplitSideWithAdjacentFlag=0, android.activity.transientLaunch=true}]}] errorCallbackToken=null taskFragmentOrganizer=null }, caller=com.android.wm.shell.transition.Transitions.startTransition:103 com.android.wm.shell.recents.RecentsTransitionHandler.startRecentsTransition:603 com.android.wm.shell.recents.RecentTasksController$IRecentTasksImpl$$ExternalSyntheticLambda5.accept:19 com.android.wm.shell.common.ExternalInterfaceBinder$$ExternalSyntheticLambda0.run:10 android.os.Handler.handleCallback:1070 
07-08 21:03:48.096  2990  2990 I HoneySpace.GestureEventController[0][69be66]: gestureMoveEvent: InitEnterWithGesture, readyToCollectGestureEvent: true
07-08 21:03:48.096  2990  2990 I HoneySpace.GestureEventController[0][69be66]: handleGestureEvent: InitEnterWithGesture
07-08 21:03:48.096  2990  2990 I HoneySpace.GestureEventController[0][69be66]: InitEnterWithGesture
07-08 21:03:48.096  2990  2990 I HoneySpace.GestureEventController[0][69be66]: cancelCollectEventForRecentInGestureTransition
07-08 21:03:48.096  2990  2990 I HoneySpace.GestureEventController[0][69be66]: start collectEventForRecentInGestureTransition
07-08 21:03:48.097  1433  3902 D WindowManager: makeSurface duration=2 leash=Surface(name=Surface(name=RemoteWallpaperAnim:1:1#7)/@0xaba4c34 - animation-leash of remote_wallpaper#1627)/@0x7c8406c
07-08 21:03:48.097  1433  3902 D WindowManager: startAnimation for remote wallpaper, leash=Surface(name=Surface(name=RemoteWallpaperAnim:1:1#7)/@0xaba4c34 - animation-leash of remote_wallpaper#1627)/@0x7c8406c
07-08 21:03:48.097  2990  2990 I HoneySpace.TaskListLoadCheckerImpl: setLoadingCondition: 2, loadingCondition: 2
07-08 21:03:48.097  2990  2990 I HoneySpace.TaskListLoadCheckerImpl: removeLoadingCondition: 4, loadingCondition: 2
07-08 21:03:48.097  2499  2499 V ShellDragAndDrop: Receive android.intent.action.CLOSE_SYSTEM_DIALOGS
07-08 21:03:48.097  1433  1541 D WindowManager: Transition is created, t=TransitionRecord{8177aca id=-1 type=FIRST_CUSTOM+21 flags=0x0 parallelCollectType=NONE recentsDisplayId=-1}, caller=com.android.server.wm.Transition.<init>:201 com.android.server.wm.WindowOrganizerController.startTransition:51 com.android.server.wm.WindowOrganizerController.startNewTransition:2 android.window.IWindowOrganizerController$Stub.onTransact:256 com.android.server.wm.WindowOrganizerController.onTransact:1 
07-08 21:03:48.098  1433  3902 D WindowManager: startRemoteWallpaperAnimation, d=0, leash=Surface(name=Surface(name=RemoteWallpaperAnim:1:1#7)/@0xaba4c34 - animation-leash of remote_wallpaper#1627)/@0x7c8406c
07-08 21:03:48.099  2990  2990 I HoneySpace.AnimationSession: useLauncherSysBarFlags: false
07-08 21:03:48.099  1433  1541 V WindowManager: Starting a Recents transition which can be parallel.
07-08 21:03:48.099  1433  1541 D BLASTSyncEngine: SyncGroup is created, id=102, name=Transition-FIRST_CUSTOM+21, caller=com.android.server.wm.BLASTSyncEngine.prepareSyncSet:60 com.android.server.wm.TransitionController.moveToCollecting:67 com.android.server.wm.TransitionController.startCollectOrQueue:106 com.android.server.wm.WindowOrganizerController.startTransition:57 com.android.server.wm.WindowOrganizerController.startNewTransition:2 android.window.IWindowOrganizerController$Stub.onTransact:256 com.android.server.wm.WindowOrganizerController.onTransact:1 
07-08 21:03:48.099  1065  1065 I SurfaceFlinger: [Surface(name=RemoteWallpaperAnim:1:1#7)/@0xaba4c34 - animation-leash of remote_wallpaper#1627] attach to parent LayerHierarchy{RequestedLayerState{OneHanded:0:14#4 parentId=3} 4 children}
07-08 21:03:48.100  1433  1541 W BLASTSyncEngine: setSyncMethod, id=102, method=0, caller=com.android.server.wm.TransitionController.moveToCollecting:80 com.android.server.wm.TransitionController.startCollectOrQueue:106 com.android.server.wm.WindowOrganizerController.startTransition:57 
07-08 21:03:48.100  1433  1541 V WindowManager: Start collecting in Transition: TransitionRecord{8177aca id=102 type=FIRST_CUSTOM+21 flags=0x0 parallelCollectType=RECENTS recentsDisplayId=-1}, caller=com.android.server.wm.TransitionController.startCollectOrQueue:106 com.android.server.wm.WindowOrganizerController.startTransition:57 com.android.server.wm.WindowOrganizerController.startNewTransition:2 android.window.IWindowOrganizerController$Stub.onTransact:256 com.android.server.wm.WindowOrganizerController.onTransact:1 
07-08 21:03:48.100  1433  1541 V WindowManager: Starting Transition 102, caller=com.android.server.wm.WindowOrganizerController$$ExternalSyntheticLambda5.onCollectStarted:24 com.android.server.wm.TransitionController.startCollectOrQueue:109 com.android.server.wm.WindowOrganizerController.startTransition:57 
07-08 21:03:48.101  1433  1541 V WindowManager: deferTransitionReady deferReadyDepth=1 stack=com.android.server.wm.WindowOrganizerController.applyTransaction:28 com.android.server.wm.WindowOrganizerController.applyTransaction:17 com.android.server.wm.WindowOrganizerController$$ExternalSyntheticLambda5.onCollectStarted:33 com.android.server.wm.TransitionController.startCollectOrQueue:109 com.android.server.wm.WindowOrganizerController.startTransition:57 
07-08 21:03:48.103  1433  1541 V WindowManager: Transition 102: Set Task{400852b #911 type=standard A=10317:com.instagram.android} as transient-hidden-task, caller=com.android.server.wm.Task.forAllTasks:4 com.android.server.wm.WindowContainer.forAllTasks:2 com.android.server.wm.DisplayArea.forAllTasks:9 
07-08 21:03:48.103  1433  1541 V WindowManager: Collecting in transition 102: Task{400852b #911 type=standard A=10317:com.instagram.android}, caller=com.android.server.wm.Transition$$ExternalSyntheticLambda20.test:118 com.android.server.wm.Task.forAllTasks:4 com.android.server.wm.WindowContainer.forAllTasks:2 com.android.server.wm.DisplayArea.forAllTasks:9 com.android.server.wm.Transition.setTransientLaunch:148 
07-08 21:03:48.104  1433  1541 V WindowManager: Collecting in transition 102: TransientLaunchOverlayToken{d40d249 token=android.os.BinderProxy@a699977}, caller=com.android.server.wm.TransientLaunchOverlayToken.setVisibility:22 com.android.server.wm.Transition.setTransientLaunch:247 com.android.server.wm.ActivityStartController.startExistingRecents:239 com.android.server.wm.WindowOrganizerController.applyHierarchyOp:80 com.android.server.wm.WindowOrganizerController.applyTransaction:145 
07-08 21:03:48.104  1433  1456 I ActivityManager: Changes in 10140 5 to 2, 440 to 511
07-08 21:03:48.105  1433  1541 D WindowManager: prepareSync <SYNC_STATE_WAITING_FOR_DRAW>, mPrepareSyncSeqId=0, win=Window{deb717c u0 RecentsTransitionOverlay}
07-08 21:03:48.105  2990  3396 I HoneySpace.LauncherProvider: call - android.uid.systemui:10048, get_internal_Dex_status, internal_dex_status
07-08 21:03:48.105  2990  3396 I HoneySpace.ExternalMethodItem: updateRefsItemsByEntryPoints. HoneySpaceInfo(name=HomeOnly, displayId=0)
07-08 21:03:48.105  1433  1541 I TransientLaunchOverlayToken: setVisibility, visible=true, t=TransientLaunchOverlayToken{d40d249 token=android.os.BinderProxy@a699977}, caller=com.android.server.wm.Transition.setTransientLaunch:247 com.android.server.wm.ActivityStartController.startExistingRecents:239 com.android.server.wm.WindowOrganizerController.applyHierarchyOp:80 
07-08 21:03:48.105  1433  1541 V WindowManager: Transition 102: Set ActivityRecord{98668968 u0 com.sec.android.app.launcher/.activities.LauncherActivity t901} as transient-launch, caller=com.android.server.wm.ActivityStartController.startExistingRecents:239 com.android.server.wm.WindowOrganizerController.applyHierarchyOp:80 com.android.server.wm.WindowOrganizerController.applyTransaction:145 
07-08 21:03:48.105  2499  2499 D LocationControllerImpl: onReceive() = android.intent.action.CLOSE_SYSTEM_DIALOGS
07-08 21:03:48.106  2499  2499 D PopupUI.PopupUI: PopupUIReceiver.onReceive() action : android.intent.action.CLOSE_SYSTEM_DIALOGS
07-08 21:03:48.106  2499  2499 D SimTrayProtectionViewModel: dismiss : isFoldedState()falseisRemoveSimtray() : true
07-08 21:03:48.106  2499  2499 D SecMultiSIMPreferredBarViewModel: onReceive() - action = android.intent.action.CLOSE_SYSTEM_DIALOGS
07-08 21:03:48.106  2499  2499 D SecMultiSIMPreferredBarViewModel: Received broadcast that should dismiss popup: android.intent.action.CLOSE_SYSTEM_DIALOGS
07-08 21:03:48.106  2990  2990 I HoneySpace.SubViewsProgressRepositoryImpl: taskLaunchProgress: 0.0, recentsEnteringProgress: 0.0
07-08 21:03:48.106  3178  3243 I RequestManager_FLP: onOpChanged, op=0 / packageName=com.sec.android.app.launcher
07-08 21:03:48.106  2990  2990 I HoneySpace.SubViewsProgressRepositoryImpl: taskLaunchProgress: 0.0, recentsEnteringProgress: 0.0
07-08 21:03:48.106  2990  2990 I HoneySpace.CloseAllProgressRepositoryImpl: taskLaunchProgress: 0.0, recentsEnteringProgress: 0.0
07-08 21:03:48.106  2990  2990 I HoneySpace.CloseAllProgressRepositoryImpl: taskLaunchProgress: 0.0, recentsEnteringProgress: 0.0
07-08 21:03:48.106  2990  2990 I HoneySpace.TaskIconProgressRepositoryImpl: taskLaunchProgress: 0.0, recentsEnteringFromAppsProgress: 0.0
07-08 21:03:48.107  2990  2990 I HoneySpace.SuggestedAppsProgressRepositoryImpl: taskLaunchProgress: 0.0, recentsEnteringProgress: 0.0, timeoutProgress: 0.0, enabledProgress: 1.0, closeRecentsProgress: 1.0
07-08 21:03:48.107  2990  2990 I HoneySpace.SuggestedAppsProgressRepositoryImpl: taskLaunchProgress: 0.0, recentsEnteringProgress: 0.0, timeoutProgress: 0.0, enabledProgress: 1.0, closeRecentsProgress: 1.0
07-08 21:03:48.107  2990  2990 I HoneySpace.TaskIconProgressRepositoryImpl: taskLaunchProgress: 0.0, recentsEnteringFromAppsProgress: 0.0
07-08 21:03:48.107  1433  1541 I SemDvfsHyPerManager: acquire hyper - AMS_APP_HOME/1433@27, type = -999
07-08 21:03:48.108   986  1070 I HYPER-HAL: [RequestManager.cpp]acquire(): Acquired ID : 1066557  [1433 / 27]    HINT : AMS_APP_HOME    list : 
07-08 21:03:48.108  3901  3901 I SemDvfsHyPerManager: acquire hyper - APP_START_HOME/3901@16, type = -999
07-08 21:03:48.109   986  1070 I HYPER-HAL: [RequestManager.cpp]acquire(): Acquired ID : 7673419  [3901 / 16]    HINT : APP_START    list : [KERNEL_APP_START_NOTIFY / 0] [TIMEOUT / 1500] 
07-08 21:03:48.109  3901  3901 I n2      : limitCPUFreq:: freq = -1
07-08 21:03:48.110  2990  2990 I HoneySpace.RecentscreenPot: getSuggestedAppsEnabled: isKioskMode = false, isMultiFoldMain = false, isExternalDisplay = false, suggestedAppsEnabled: true
07-08 21:03:48.110  2990  2990 I HoneySpace.RecentscreenPot: updateSuggestedAppsState, suggestedAppsEnabled: true
07-08 21:03:48.110   986  1070 I HYPER-HAL: [RequestManager.cpp]releaseLocked(): Released ID : 7622563
07-08 21:03:48.111  2990  2990 I HoneySpace.GestureMotionDetector: onScroll, ACTION_DRAG
07-08 21:03:48.111  2990  2990 I HoneySpace.OtherActivityInputConsumer: motionEvent = ActionDrag(event=MotionEvent { action=ACTION_MOVE, actionButton=0, id[0]=0, x[0]=527.916, y[0]=2168.2217, toolType[0]=TOOL_TYPE_FINGER, buttonState=0, classification=NONE, metaState=0, flags=0x0, edgeFlags=0x0, pointerCount=1, historySize=4, eventTime=2169229, downTime=2169148, deviceId=5, source=0x1002, displayId=0, eventId=546734941 }, distanceX=-34.083984, distanceY=-154.77832)
07-08 21:03:48.111  2990  2990 I HoneySpace.OtherActivityInputConsumer: collect ActionDrag(event=MotionEvent { action=ACTION_MOVE, actionButton=0, id[0]=0, x[0]=527.916, y[0]=2168.2217, toolType[0]=TOOL_TYPE_FINGER, buttonState=0, classification=NONE, metaState=0, flags=0x0, edgeFlags=0x0, pointerCount=1, historySize=4, eventTime=2169229, downTime=2169148, deviceId=5, source=0x1002, displayId=0, eventId=546734941 }, distanceX=-34.083984, distanceY=-154.77832)
07-08 21:03:48.111  2990  2990 I HoneySpace.AnimationSession: doAction(137584570) called with: event = TaskMoveAnimation(motionEvent=MotionEvent { action=ACTION_MOVE, actionButton=0, id[0]=0, x[0]=527.916, y[0]=2168.2217, toolType[0]=TOOL_TYPE_FINGER, buttonState=0, classification=NONE, metaState=0, flags=0x0, edgeFlags=0x0, pointerCount=1, historySize=4, eventTime=2169229, downTime=2169148, deviceId=5, source=0x1002, displayId=0, eventId=546734941 })
07-08 21:03:48.112  2990  2990 I HoneySpace.AnimationSession: gesture taskPosition Rect(0, 49 - 1015, 2233)
07-08 21:03:48.112  2990  2990 I HoneySpace.AnimationSession: collect taskPosition LeashTask(targetView=null, cornerRadius=104.55416, targetRect=Rect(0, 49 - 1015, 2233), animationProgress=0.0, fullScreenProgress=0.14882533, alpha=1.0, canHidden=false, springRectCallback=com.honeyspace.gesture.session.d@7032b6a)
07-08 21:03:48.112  2990  2990 I HoneySpace.MultiStateCallback: [149331563] Adding [STATE_GESTURE_MOVE_START (524288)] to [STATE_GESTURE_START, STATE_START_RECENTS_TRANSITION (5)]
07-08 21:03:48.112  2990  2990 I HoneySpace.RecentsAnimationManager: move return
07-08 21:03:48.113  2990  4287 I HoneySpace.HomeOnlySpace: received close system dialog reason=recentapps
07-08 21:03:48.114   986  5664 I HYPER-HAL: [RequestManager.cpp]releaseLocked(): Released ID : 7677338
07-08 21:03:48.114  1040  4136 V APM_AudioPolicyManager: setAppState(portId:123, state:1)
07-08 21:03:48.115  1433  1541 D ActivityManagerPerformance: AMP_acquire() HOME
07-08 21:03:48.115  1433  1541 V WindowManager: Collecting in transition 102: ActivityRecord{98668968 u0 com.sec.android.app.launcher/.activities.LauncherActivity t901}, caller=com.android.server.wm.TransitionController.collect:7 com.android.server.wm.ActivityRecord.setVisibility:132 com.android.server.wm.TaskFragment.resumeTopActivity:1932 com.android.server.wm.ActivityStartController.startExistingRecents:255 com.android.server.wm.WindowOrganizerController.applyHierarchyOp:80 
07-08 21:03:48.115  1433  1541 D WindowManager: prepareSync <SYNC_STATE_WAITING_FOR_DRAW>, mPrepareSyncSeqId=0, win=Window{bfea4f6 u0 com.sec.android.app.launcher/com.sec.android.app.launcher.activities.LauncherActivity}
07-08 21:03:48.116  1433  1541 V WindowManager: Setting visibility of Window{bfea4f6 u0 com.sec.android.app.launcher/com.sec.android.app.launcher.activities.LauncherActivity}: true, caller=com.android.server.wm.WindowContainer.sendAppVisibilityToClients:19 com.android.server.wm.WindowToken.setClientVisible:91 com.android.server.wm.ActivityRecord.setVisibility:491 com.android.server.wm.TaskFragment.resumeTopActivity:1932 com.android.server.wm.ActivityStartController.startExistingRecents:255 
07-08 21:03:48.116  2990  2990 I VRI[LauncherActivity]@11b5082: handleAppVisibility mAppVisible = false visible = true
07-08 21:03:48.116  1065  1065 I SurfaceFlinger: [Display 0 name="Yerleşik Ekran"#41] setFrameRateCategory: High
07-08 21:03:48.117  2990  2990 I HoneySpace.GestureMotionDetector: onScroll, ACTION_DRAG
07-08 21:03:48.117  2990  2990 I HoneySpace.OtherActivityInputConsumer: motionEvent = ActionDrag(event=MotionEvent { action=ACTION_MOVE, actionButton=0, id[0]=0, x[0]=488.60156, y[0]=2068.9287, toolType[0]=TOOL_TYPE_FINGER, buttonState=0, classification=NONE, metaState=0, flags=0x0, edgeFlags=0x0, pointerCount=1, historySize=2, eventTime=2169246, downTime=2169148, deviceId=5, source=0x1002, displayId=0, eventId=1027826307 }, distanceX=-73.39844, distanceY=-254.07129)
07-08 21:03:48.117  2990  2990 I HoneySpace.OtherActivityInputConsumer: collect ActionDrag(event=MotionEvent { action=ACTION_MOVE, actionButton=0, id[0]=0, x[0]=488.60156, y[0]=2068.9287, toolType[0]=TOOL_TYPE_FINGER, buttonState=0, classification=NONE, metaState=0, flags=0x0, edgeFlags=0x0, pointerCount=1, historySize=2, eventTime=2169246, downTime=2169148, deviceId=5, source=0x1002, displayId=0, eventId=1027826307 }, distanceX=-73.39844, distanceY=-254.07129)
07-08 21:03:48.117  2990  2990 I HoneySpace.AnimationSession: doAction(137584570) called with: event = TaskMoveAnimation(motionEvent=MotionEvent { action=ACTION_MOVE, actionButton=0, id[0]=0, x[0]=488.60156, y[0]=2068.9287, toolType[0]=TOOL_TYPE_FINGER, buttonState=0, classification=NONE, metaState=0, flags=0x0, edgeFlags=0x0, pointerCount=1, historySize=2, eventTime=2169246, downTime=2169148, deviceId=5, source=0x1002, displayId=0, eventId=1027826307 })
07-08 21:03:48.117  2990  2990 I HoneySpace.AnimationSession: gesture taskPosition Rect(-13, 80 - 961, 2165)
07-08 21:03:48.117  2990  2990 I HoneySpace.AnimationSession: collect taskPosition LeashTask(targetView=null, cornerRadius=99.136024, targetRect=Rect(-13, 80 - 961, 2165), animationProgress=0.0, fullScreenProgress=0.24429914, alpha=1.0, canHidden=false, springRectCallback=com.honeyspace.gesture.session.d@18ff85b)
07-08 21:03:48.117  2990  2990 I HoneySpace.RecentsAnimationManager: move return
07-08 21:03:48.118  2499  2499 D SecVolume.VolumePanelStore: dispatch [ACTION_DISMISS_REQUESTED with [STATE_NO_DISPATCH], currentAction={isFromOutside : true}, currentState={activeStream=3(vol=900), stream=3(vol=900) } isVoiceCapable : true, isMediaDefaultEnabled : true, isSetupWizardComplete : true, isHasVibrator : true, isCaptionComponentEnabled : true, ringerModeInternal : 2, timeOutControlsText : 0, pinDevice : 0, activeStream : 3, timeOut : 3000, stream : 3, earProtectLevel : 909, cutoutHeight : 0, timeOutControls : 0, systemTimeNow : 2120504}
07-08 21:03:48.118  2499  2499 D SecVolume.VolumePanelStore:   > New State : [STATE_NO_DISPATCH]
07-08 21:03:48.119  1433  1541 V WindowManager: rotationForOrientation(orient=SCREEN_ORIENTATION_NOSENSOR (5), last=ROTATION_0 (0)); user=ROTATION_0 (0) 
07-08 21:03:48.119  1433  1541 D WindowManager: rotationForOrientation, orientationSource=ActivityRecord{98668968 u0 com.sec.android.app.launcher/.activities.LauncherActivity t901}
07-08 21:03:48.120  1433  1541 V WindowManager: Computed rotation=ROTATION_0 (0) for display id=0 based on lastOrientation=SCREEN_ORIENTATION_NOSENSOR (5) and oldRotation=ROTATION_0 (0), caller=com.android.server.wm.DisplayRotation.updateOrientation:86 com.android.server.wm.DisplayContent.updateOrientation:41 com.android.server.wm.DisplayContent.updateOrientationAndComputeConfig:43 com.android.server.wm.RootWindowContainer.ensureVisibilityAndConfig:7 com.android.server.wm.TaskFragment.resumeTopActivity:2014 com.android.server.wm.ActivityStartController.startExistingRecents:255 
07-08 21:03:48.120  1433  1541 D WindowManagerServiceExt: updateTaskbarTargetIfNeeded: reset
07-08 21:03:48.120  1433  1541 I SemDvfsHyPerManager: acquire hyper - AMS_APP_LAUNCH/1433@18, type = -999
07-08 21:03:48.121  1433  1541 V WindowManager: continueTransitionReady deferReadyDepth=0 stack=com.android.server.wm.WindowOrganizerController.applyTransaction:176 com.android.server.wm.WindowOrganizerController.applyTransaction:17 com.android.server.wm.WindowOrganizerController$$ExternalSyntheticLambda5.onCollectStarted:33 com.android.server.wm.TransitionController.startCollectOrQueue:109 com.android.server.wm.WindowOrganizerController.startTransition:57 
07-08 21:03:48.121  1433  1541 D BLASTSyncEngine: SyncGroup 102: Set ready true, caller=com.android.server.wm.BLASTSyncEngine.setReady:31 com.android.server.wm.Transition.applyReady:48 com.android.server.wm.Transition$ReadyCondition.meet:190 com.android.server.wm.Transition$ReadyTrackerOld.checkReady:22 com.android.server.wm.Transition.continueTransitionReady:44 com.android.server.wm.WindowOrganizerController.applyTransaction:176 
07-08 21:03:48.121  1433  1541 D ActivityTaskManager: scheduleTopResumedActivityChanged, onTop=false, r=ActivityRecord{179865359 u0 com.instagram.android/.activity.MainTabActivity t911}, caller=com.android.server.wm.ActivityTaskSupervisor.scheduleTopResumedActivityStateLossIfNeeded:19 com.android.server.wm.ActivityTaskSupervisor.endDeferResume:45 com.android.server.wm.WindowOrganizerController.applyTransaction:188 com.android.server.wm.WindowOrganizerController.applyTransaction:17 com.android.server.wm.WindowOrganizerController$$ExternalSyntheticLambda5.onCollectStarted:33 com.android.server.wm.TransitionController.startCollectOrQueue:109 
07-08 21:03:48.122  1433  1541 D FreeformController: beginPostLayoutPolicyLw: forceHideRequester changed, old=null, new=Window{deb717c u0 RecentsTransitionOverlay}
07-08 21:03:48.122  1433  1541 D FreeformController: setBlockToAddForceHideFreeformTasks: blockToAddForceHide=true, Caller=com.android.server.wm.DisplayPolicy.finishPostLayoutPolicyLw:145
07-08 21:03:48.122  1433  1541 D BLASTSyncEngine: SyncGroup 102:  Unfinished container: ActivityRecord{98668968 u0 com.sec.android.app.launcher/.activities.LauncherActivity t901} mSyncState=2
07-08 21:03:48.123  1433  1533 D ActivityTaskManager: scheduleTopResumedActivityChanged, onTop=true, r=ActivityRecord{98668968 u0 com.sec.android.app.launcher/.activities.LauncherActivity t901}, caller=com.android.server.wm.ActivityTaskSupervisor.scheduleTopResumedActivityStateIfNeeded:18 com.android.server.wm.ActivityTaskSupervisor.handleTopResumedStateReleasedIfNeeded:57 com.android.server.wm.ActivityClientController.activityTopResumedStateLost:20 android.app.IActivityClientController$Stub.onTransact:803 com.android.server.wm.ActivityClientController.onTransact:1 android.os.Binder.execTransactInternal:1509 
07-08 21:03:48.123  2990  2990 I VRI[LauncherActivity]@11b5082: stopped(false) old = true
07-08 21:03:48.123  2499  2685 I ShellTransitions: startTransition done, active=android.os.BinderProxy@a5b8b68@-1
07-08 21:03:48.124  2990  2990 I HoneySpace.Launcher: !@Boot_EBS_D: Launcher.onStart()
07-08 21:03:48.124  1433  1457 I SurfaceControl: apply, lowDebugName=startRemoteWallpaperAnimation_57443893, caller=android.view.SurfaceControl$Transaction.apply:3569 android.view.SurfaceControl$Transaction.apply:3519 com.android.server.wm.WindowAnimator.animate:468 com.android.server.wm.WindowAnimator$$ExternalSyntheticLambda1.doFrame:14 android.view.Choreographer$CallbackRecord.run:1959 android.view.Choreographer$CallbackRecord.run:1970 
07-08 21:03:48.124  2499  2685 V ShellRecents: [132397953] RecentsController.setTransition: id=android.os.BinderProxy@a5b8b68
07-08 21:03:48.124  2499  2685 V ShellDragAndDrop: Do not update drop target window visibility: window is already set to 4.
07-08 21:03:48.125  2990  2990 I HoneySpace.Launcher: !@Boot_EBS_D: Launcher.onResume()
07-08 21:03:48.125  1433  1605 E HandwritingModeController: Cannot get requestId: Handwriting was not initialized.
07-08 21:03:48.125  2990  2990 I HoneySpace.Launcher: updateLauncherShowing false -> true
07-08 21:03:48.126  2990  2990 I HoneySpace.HotseatAdapter: updateDragOperator - HotseatOnHomeDragOperator
07-08 21:03:48.126  2990  2990 E HoneySpace.HotseatPot@156006186: Illegal access
07-08 21:03:48.126  2990  2990 I HoneySpace.CapturedBlurManager: capturedBlurView: resume(18781201)
07-08 21:03:48.126  2990  2990 I HoneySpace.ShellTransitionManager: myHomeResumed
07-08 21:03:48.126  2990  2990 I HoneySpace.WorkspacePot: startWidgetListening
07-08 21:03:48.126  2990  2990 I HoneySpace.ResumeTimer: last resume updated : 2169261
07-08 21:03:48.126  2990  2990 I HoneySpace.DeJankUtils: postAfterTraversal is called C8.x1@50d5ca4, immediate : true detail : startWidgetListening
07-08 21:03:48.126  2990  2990 I HoneySpace.DeJankUtils: pendingRunnables.size = 1
07-08 21:03:48.126  2990  2990 I SearchHoneyPot: onViewCreated: onResume
07-08 21:03:48.127  2990  2990 I HoneySpace.SearchScreenController: initialize: N3.p@c5ff1d1
07-08 21:03:48.127  2990  2990 I HoneySpace.SearchUI: resetTransition
07-08 21:03:48.127  2990  2990 I FeatureUtils: Rune : falseisAiosScreenType : false
07-08 21:03:48.127  2990  2990 I HoneySpace.SearchUI: updateSearchBarEffect false false null false 255 Rect(0, 0 - 0, 0) false
07-08 21:03:48.127  2990   364 I HoneySpace.Memory-Monitor: updateMaxHeap isHighScreenSize=false
07-08 21:03:48.128  2990   364 I HoneySpace.Memory-Monitor: PROPERTY_HOME_MEMORY_CACHE_LEVEL: -1
07-08 21:03:48.128  2990   364 I HoneySpace.Memory-Monitor: updateGraphicResourceCache curMemoryCacheLevel=1
07-08 21:03:48.128  2990   364 I HoneySpace.PredictionDataSourceImpl: requestPredictionUpdate 0 true
07-08 21:03:48.128  1433  1457 D BLASTSyncEngine: SyncGroup 102:  Unfinished container: ActivityRecord{98668968 u0 com.sec.android.app.launcher/.activities.LauncherActivity t901} mSyncState=2
07-08 21:03:48.129  2990  4566 I HoneySpace.Memory-Monitor: cancelTrimIfNeeded
07-08 21:03:48.130  2990   364 I HoneySpace.PredictionDataSourceImpl: requestPredictionUpdate 1 true
07-08 21:03:48.130  2990  3074 I HoneySpace.RecentTasks: onRecentTasksChanged l:135031692
07-08 21:03:48.130  2990  2990 I FeatureUtils: Rune : falseisAiosScreenType : false
07-08 21:03:48.130  1433  1714 I CocktailBarManagerServiceContainer: handleMessage: entry what = 5
07-08 21:03:48.131  1433  1724 D BackgroundInstallControlService: Package event received: 0
07-08 21:03:48.132  1433  1714 I CocktailBarManagerServiceImpl: noteResumeComponent : no active host
07-08 21:03:48.132  1433  1454 D SGM:GameManager: identifyForegroundApp. com.instagram.android, mCurrentUserId: 0, callerUserId: 0
07-08 21:03:48.132  1433  1454 D SGM:SemGameManager: isForegroundGame(), ret=false
07-08 21:03:48.132 22827 22827 I caww    : onStart
07-08 21:03:48.132 22827 22827 I caww    : onResume
07-08 21:03:48.132  1433  1454 D NetworkPolicy: already checked 10140
07-08 21:03:48.133  2990  4729 I HoneySpace.SPayHandler: updateSpayHandler(), show = true, defaultPage = false, minusOnePage = false, f6.r.invokeSuspend(Unknown Source:81)
07-08 21:03:48.133  1433  1454 D PkgPredictorService-SecIpmManagerServiceImpl: onForegroundActivitiesChanged pid:2990 uid:10140
07-08 21:03:48.133  1065  1065 I SurfaceFlinger: RequestedLayer [RecentsTransitionOverlay$_2990#111] hidden!! flag  from(1) --> to(0)
07-08 21:03:48.133  2990  2990 I HoneySpace.GestureMotionDetector: onScroll, ACTION_DRAG
07-08 21:03:48.133  1065  1065 I SurfaceFlinger: [LayerHierarchy{RequestedLayerState{RemoteWallpaperAnim:1:1#7 parentId=1627 z=1} 1 children}] reparent to LayerHierarchy{RequestedLayerState{Surface(name=RemoteWallpaperAnim:1:1#7)/@0xaba4c34 - animation-leash of remote_wallpaper#1627 parentId=4 z=1} 1 children}
07-08 21:03:48.133  2990  2990 I HoneySpace.OtherActivityInputConsumer: motionEvent = ActionDrag(event=MotionEvent { action=ACTION_MOVE, actionButton=0, id[0]=0, x[0]=431.46777, y[0]=1946.2002, toolType[0]=TOOL_TYPE_FINGER, buttonState=0, classification=NONE, metaState=0, flags=0x0, edgeFlags=0x0, pointerCount=1, historySize=2, eventTime=2169263, downTime=2169148, deviceId=5, source=0x1002, displayId=0, eventId=953117586 }, distanceX=-130.53223, distanceY=-376.7998)
07-08 21:03:48.133  2990  2990 I HoneySpace.OtherActivityInputConsumer: collect ActionDrag(event=MotionEvent { action=ACTION_MOVE, actionButton=0, id[0]=0, x[0]=431.46777, y[0]=1946.2002, toolType[0]=TOOL_TYPE_FINGER, buttonState=0, classification=NONE, metaState=0, flags=0x0, edgeFlags=0x0, pointerCount=1, historySize=2, eventTime=2169263, downTime=2169148, deviceId=5, source=0x1002, displayId=0, eventId=953117586 }, distanceX=-130.53223, distanceY=-376.7998)
07-08 21:03:48.134  2990  2990 I HoneySpace.AnimationSession: doAction(137584570) called with: event = TaskMoveAnimation(motionEvent=MotionEvent { action=ACTION_MOVE, actionButton=0, id[0]=0, x[0]=431.46777, y[0]=1946.2002, toolType[0]=TOOL_TYPE_FINGER, buttonState=0, classification=NONE, metaState=0, flags=0x0, edgeFlags=0x0, pointerCount=1, historySize=2, eventTime=2169263, downTime=2169148, deviceId=5, source=0x1002, displayId=0, eventId=953117586 })
07-08 21:03:48.134  1433  1454 D SGM:GameManager: identifyForegroundApp. com.instagram.android, mCurrentUserId: 0, callerUserId: 0
07-08 21:03:48.134  2990  2990 I HoneySpace.AnimationSession: gesture taskPosition Rect(-33, 118 - 890, 2082)
07-08 21:03:48.134  1433  1454 D SGM:SemGameManager: isForegroundGame(), ret=false
07-08 21:03:48.134  1433  1454 D NetworkPolicy: already checked 10140
07-08 21:03:48.134  2990  2990 I HoneySpace.AnimationSession: collect taskPosition LeashTask(targetView=null, cornerRadius=92.43905, targetRect=Rect(-33, 118 - 890, 2082), animationProgress=0.0, fullScreenProgress=0.36230752, alpha=1.0, canHidden=false, springRectCallback=com.honeyspace.gesture.session.d@3c29a0d)
07-08 21:03:48.134  3901  3915 I SDHMS:k : handleResumeComponent : put = com.sec.android.app.launcher, userid = 0 instanceid =7150142
07-08 21:03:48.134  2990  2990 I HoneySpace.RecentsAnimationManager: move return
07-08 21:03:48.134  2990  2990 I HoneySpace.DeJankUtils: traversals callback's received
07-08 21:03:48.134  2990  2990 I HoneySpace.DeJankUtils: doActionRunnable is called C8.x1@50d5ca4, immediate = true, detail : startWidgetListening, delayVsync : 1
07-08 21:03:48.134  1433  1724 D BackgroundInstallControlService: Package event received: 0
07-08 21:03:48.134  1433  1456 D SGM:FgCheckThread: noteResumeComponent(), received pkgName: com.sec.android.app.launcher, userId: 0
07-08 21:03:48.137  1188  2263 I CameraService: onUidStateChanged: uid=10225, procState is changed. (5 -> 3)
07-08 21:03:48.139  1433  3111 V PkgPredictorService-SecIpmManagerServiceImpl: discard foreground app:com.sec.android.app.launcher 1|true
07-08 21:03:48.141  1433  1591 D InputReader: Btn_touch(4): value=0 when=2169.276232
07-08 21:03:48.141  1433  1591 I InputReader: Touch event's action is 0x1 (id=5, t=0) [pCnt=1, s=] when=2169.276232
07-08 21:03:48.141  1433  1456 D WindowManager: mRunner#onAnimationStart for remote wallpaper=[android.view.RemoteAnimationTarget@cd5a917], transaction=startRemoteWallpaperAnimation_57443893
07-08 21:03:48.142  2990  3396 I HoneySpace.WallpaperAnimator: onAnimationStart, wallpapers: Surface(name=Surface(name=RemoteWallpaperAnim:1:1#7)/@0xaba4c34 - animation-leash of remote_wallpaper#1627)/@0x7d9bdc2
07-08 21:03:48.143  1188  2263 I CameraService: onUidStateChanged: uid=10222, procState is changed. (5 -> 3)
07-08 21:03:48.144  1040  4136 V APM_AudioPolicyManager: setAppState(portId:123, state:1)
07-08 21:03:48.144  1433  1433 I SemDvfsHyPerManager: acquire hyper - SMOOTH_SCROLL/1433@22, type = -999
07-08 21:03:48.144  1040  4136 V APM_AudioPolicyManager: setAppState(portId:123, state:1)
07-08 21:03:48.144  1433  1724 D BackgroundInstallControlService: Package event received: 0
07-08 21:03:48.145  1433  1433 I SemDvfsHyPerManager: acquire hyper - GESTURE_DETECTED/1433@23, type = -999
07-08 21:03:48.145   986  1070 I HYPER-HAL: [RequestManager.cpp]acquire(): Acquired ID : 1060719  [1433 / 23]    HINT : GESTURE_DETECTED    list : [TIMEOUT / 2004] 
07-08 21:03:48.145  1433  1433 I SemDvfsHyPerManager: acquire hyper - GESTURE_DETECTED/1433@23, type = -999
07-08 21:03:48.145   986  1070 I HYPER-HAL: [RequestManager.cpp]acquire(): Acquired ID : 1060719  [1433 / 23]    HINT : GESTURE_DETECTED    list : [TIMEOUT / 2004] 
07-08 21:03:48.146  1433  1533 I WindowManager: Relayout Window{bfea4f6 u0 com.sec.android.app.launcher/com.sec.android.app.launcher.activities.LauncherActivity}: viewVisibility=0 req=1080x2340 ty=1 d0
07-08 21:03:48.146  1065  1291 I SurfaceFlinger: id=1628 createSurf, flag=44004, com.sec.android.app.launcher/com.sec.android.app.launcher.activities.LauncherActivity$_2990#1628
07-08 21:03:48.147  2990  3309 I HoneySpace.HistoryViewModel@1460836@HomeOnly: Illegal access. Unknown type. skip load history items
07-08 21:03:48.148  1433  1533 D WindowManager: makeSurface duration=2 name=com.sec.android.app.launcher/com.sec.android.app.launcher.activities.LauncherActivity$_2990
07-08 21:03:48.149  1433  1533 D BLASTSyncEngine: SyncGroup 102:  Unfinished container: ActivityRecord{98668968 u0 com.sec.android.app.launcher/.activities.LauncherActivity t901} mSyncState=2
07-08 21:03:48.149  1433  1456 D PowerManagerService: [api] setScreenDimDurationOverrideFromWindowManagerInternal: timeoutMillis: 200000
07-08 21:03:48.150  1433  1533 I WindowManager: Relayout hash=bfea4f6, pid=2990, syncId=-1: mAttrs={(0,0)(fillxfill) sim={adjust=nothing} layoutInDisplayCutoutMode=always ty=BASE_APPLICATION fmt=TRANSPARENT wanim=0x1030307
07-08 21:03:48.150  1433  1533 I WindowManager:   fl=81910100
07-08 21:03:48.150  1433  1533 I WindowManager:   pfl=10008840
07-08 21:03:48.150  1433  1533 I WindowManager:   bhv=2
07-08 21:03:48.150  1433  1533 I WindowManager:   fitSides=0
07-08 21:03:48.150  1433  1533 I WindowManager:   frameRateBoostOnTouch=true
07-08 21:03:48.150  1433  1533 I WindowManager:   dvrrWindowFrameRateHint=true screenDimDuration=200000 naviIconColor=0}
07-08 21:03:48.150  1065  1065 I SurfaceFlinger: [com.sec.android.app.launcher/com.sec.android.app.launcher.activities.LauncherActivity$_2990#1628] attach to parent LayerHierarchy{RequestedLayerState{bfea4f6 com.sec.android.app.launcher/com.sec.android.app.launcher.activities.LauncherActivity#100 parentId=99} 1 children}
07-08 21:03:48.152  2990  2990 W libc    : Access denied finding property "vendor.perf.ems.egg"
