07-08 21:03:49.170  5422  5422 I HBD     : g isCoverDisplay : false, cached selected json info : SelectedLanguageInfo(languageVersion=4.2, currentLanguageOrder=0, selectedLanguageList=[SelectedLanguage(id=4325376, isUsed=true, engName=Turkish, inputType=qwerty, activeOptionList=[auto_replace, auto_spacing], bilingualId=65537), SelectedLanguage(id=65537, isUsed=true, engName=English, inputType=qwerty, activeOptionList=[auto_replace, auto_spacing, writing_assistant], bilingualId=-1)]) 
07-08 21:03:49.171  5422  5422 I HBD     : o updateActionOptionFromPreference isCover = false 
07-08 21:03:49.171  5422  5422 I HBD     : o before lang.activeOptionList =  [auto_replace, auto_spacing] 
07-08 21:03:49.171  5422  5422 I HBD     : o after lang.activeOptionList = [auto_replace, auto_spacing] 
07-08 21:03:49.171  1065  1065 I SurfaceFlinger: id=1576 Removed Bounds for - com.instagram.android/com.instagram.android.activity.MainTabActivity@2#1576 (140)
07-08 21:03:49.172  1433  1433 I InputMethodManagerService: subtype state: oldSubtype = android.view.inputmethod.InputMethodSubtype@420000 newSubtype = android.view.inputmethod.InputMethodSubtype@420000 force = false, intent received : false
07-08 21:03:49.172  5422  5422 I HBD     : l writeToFile path : /data/user/0/com.samsung.android.honeyboard/files/selected.json 
07-08 21:03:49.172  5422  5422 I HBD     : l writeToFile json : {"version":"4.2","currentLanguageOrder":0,"selected":[{"activeOptionList":["auto_replace","auto_spacing"],"bilingualId":65537,"engName":"Turkish","id":4325376,"inputType":"qwerty","isUsed":true},{"activeOptionList":["auto_replace","auto_spacing","writing_assistant"],"bilingualId":-1,"engName":"English","id":65537,"inputType":"qwerty","isUsed":true}]} 
07-08 21:03:49.173  5422  5712 I HBD     : l writeToFile complete 
07-08 21:03:49.173  5422  5422 I HBD     : l writeToFile complete 
07-08 21:03:49.173  5422  5422 I HBD     : m normal : updateLanguage : Turkish 
07-08 21:03:49.173  5422  5713 I HBD     : l Write selected lang for DE  
07-08 21:03:49.173  5422  5713 I HBD     : l writeToFile path : /data/user_de/0/com.samsung.android.honeyboard/files/selected.json 
07-08 21:03:49.174  5422  5713 I HBD     : l writeToFile json : {"version":"4.2","currentLanguageOrder":0,"selected":[{"activeOptionList":["auto_replace","auto_spacing"],"bilingualId":65537,"engName":"Turkish","id":4325376,"inputType":"qwerty","isUsed":true},{"activeOptionList":["auto_replace","auto_spacing","writing_assistant"],"bilingualId":-1,"engName":"English","id":65537,"inputType":"qwerty","isUsed":true}]} 
07-08 21:03:49.174  5422  5422 I HBD     : g isCoverDisplay : false, cached selected json info : SelectedLanguageInfo(languageVersion=4.2, currentLanguageOrder=0, selectedLanguageList=[SelectedLanguage(id=4325376, isUsed=true, engName=Turkish, inputType=qwerty, activeOptionList=[auto_replace, auto_spacing], bilingualId=65537), SelectedLanguage(id=65537, isUsed=true, engName=English, inputType=qwerty, activeOptionList=[auto_replace, auto_spacing, writing_assistant], bilingualId=-1)]) 
07-08 21:03:49.174  5422  5422 I HBD     : g isCoverDisplay : false, cached selected json info : SelectedLanguageInfo(languageVersion=4.2, currentLanguageOrder=0, selectedLanguageList=[SelectedLanguage(id=4325376, isUsed=true, engName=Turkish, inputType=qwerty, activeOptionList=[auto_replace, auto_spacing], bilingualId=65537), SelectedLanguage(id=65537, isUsed=true, engName=English, inputType=qwerty, activeOptionList=[auto_replace, auto_spacing, writing_assistant], bilingualId=-1)]) 
07-08 21:03:49.174  5422  5422 I HBD     : g updateSelectedLanguageCache is succeeded. Turkish 
07-08 21:03:49.174  5422  5422 I HBD     : l writeToFile path : /data/user/0/com.samsung.android.honeyboard/files/selected.json 
07-08 21:03:49.174  5422  5422 I HBD     : l writeToFile json : {"version":"4.2","currentLanguageOrder":0,"selected":[{"activeOptionList":["auto_replace","auto_spacing"],"bilingualId":65537,"engName":"Turkish","id":4325376,"inputType":"qwerty","isUsed":true},{"activeOptionList":["auto_replace","auto_spacing","writing_assistant"],"bilingualId":-1,"engName":"English","id":65537,"inputType":"qwerty","isUsed":true}]} 
07-08 21:03:49.175  5422  5713 I HBD     : l writeToFile complete 
07-08 21:03:49.175  5422  5422 I HBD     : l writeToFile complete 
07-08 21:03:49.175  4794  5032 D WM-SystemJobScheduler: Scheduling work ID 77dc933e-7549-4f8e-95a7-cde3d8a5237fJob ID 93840
07-08 21:03:49.176  5422  5422 I HBD     : g isCoverDisplay : false, cached selected json info : SelectedLanguageInfo(languageVersion=4.2, currentLanguageOrder=0, selectedLanguageList=[SelectedLanguage(id=4325376, isUsed=true, engName=Turkish, inputType=qwerty, activeOptionList=[auto_replace, auto_spacing], bilingualId=65537), SelectedLanguage(id=65537, isUsed=true, engName=English, inputType=qwerty, activeOptionList=[auto_replace, auto_spacing, writing_assistant], bilingualId=-1)]) 
07-08 21:03:49.176  5422  5422 I HBD     : g updateSelectedLanguageCache is succeeded. Turkish 
07-08 21:03:49.176  5422  5422 I HBD     : l writeToFile path : /data/user/0/com.samsung.android.honeyboard/files/selected.json 
07-08 21:03:49.176  5422  5422 I HBD     : l writeToFile json : {"version":"4.2","currentLanguageOrder":0,"selected":[{"activeOptionList":["auto_replace","auto_spacing"],"bilingualId":65537,"engName":"Turkish","id":4325376,"inputType":"qwerty","isUsed":true},{"activeOptionList":["auto_replace","auto_spacing","writing_assistant"],"bilingualId":-1,"engName":"English","id":65537,"inputType":"qwerty","isUsed":true}]} 
07-08 21:03:49.177  5422  5714 I HBD     : l Write selected lang for DE  
07-08 21:03:49.177  5422  5714 I HBD     : l writeToFile path : /data/user_de/0/com.samsung.android.honeyboard/files/selected.json 
07-08 21:03:49.177  5422  5714 I HBD     : l writeToFile json : {"version":"4.2","currentLanguageOrder":0,"selected":[{"activeOptionList":["auto_replace","auto_spacing"],"bilingualId":65537,"engName":"Turkish","id":4325376,"inputType":"qwerty","isUsed":true},{"activeOptionList":["auto_replace","auto_spacing","writing_assistant"],"bilingualId":-1,"engName":"English","id":65537,"inputType":"qwerty","isUsed":true}]} 
07-08 21:03:49.177  5422  5422 I HBD     : l writeToFile complete 
07-08 21:03:49.178  1433  3882 D SecContentProvider: query(), uri = 17 selection = isSettingsChangesAllowed
07-08 21:03:49.178  1433  3882 D SecContentProvider: called from android.uid.honeyboard:10175
07-08 21:03:49.178  1433  3882 D RestrictionPolicy: isSettingsChangesAllowedAsUser, userId 0 : true
07-08 21:03:49.178  5422  5422 I HBD     : a [UpdatePolicy] [post] a: 31 cl: 4325376 kit: [0/0] vt: 0 ir: 1 
07-08 21:03:49.178  5422  5422 I HBD     : [HitRate] b clear candidateHistory 
07-08 21:03:49.178  5422  5422 I HBD     : [SwypeStatistics] d setOnEdit : false 
07-08 21:03:49.178  5422  5422 I HBD     : [SwypeStatistics] d clear swypeHistory 
07-08 21:03:49.179  5422  5715 I HBD     : l Write selected lang for DE  
07-08 21:03:49.179  5422  5715 I HBD     : l writeToFile path : /data/user_de/0/com.samsung.android.honeyboard/files/selected.json 
07-08 21:03:49.179  5422  5715 I HBD     : l writeToFile json : {"version":"4.2","currentLanguageOrder":0,"selected":[{"activeOptionList":["auto_replace","auto_spacing"],"bilingualId":65537,"engName":"Turkish","id":4325376,"inputType":"qwerty","isUsed":true},{"activeOptionList":["auto_replace","auto_spacing","writing_assistant"],"bilingualId":-1,"engName":"English","id":65537,"inputType":"qwerty","isUsed":true}]} 
07-08 21:03:49.179  5422  5422 I HBD     : HoneyBoardService [PF_OP][onStartInput]  20 ms 
07-08 21:03:49.179  5422  5714 I HBD     : l writeToFile complete 
07-08 21:03:49.180  1433  1533 D SecContentProvider: query(), uri = 17 selection = isSettingsChangesAllowed
07-08 21:03:49.180  1433  1533 D SecContentProvider: called from android.uid.honeyboard:10175
07-08 21:03:49.180  1433  1533 D RestrictionPolicy: isSettingsChangesAllowedAsUser, userId 0 : true
07-08 21:03:49.180  1433  1448 D SecContentProvider: query(), uri = 17 selection = isSettingsChangesAllowed
07-08 21:03:49.180  1433  1448 D SecContentProvider: called from android.uid.honeyboard:10175
07-08 21:03:49.180  1433  1448 D RestrictionPolicy: isSettingsChangesAllowedAsUser, userId 0 : true
07-08 21:03:49.181  4794  5032 D WM-GreedyScheduler: Ignoring {WorkSpec: d40d6cad-a247-454b-b7df-0d48883aacda}. Requires device idle.
07-08 21:03:49.181  5422 26554 I HBD     : x updated Sub Types. Turkish 
07-08 21:03:49.181  4794  5032 D WM-GreedyScheduler: Starting tracking for 521e7eb2-1113-45a6-8e97-09d6aa5bd96d
07-08 21:03:49.181  1433  1533 D SecContentProvider: query(), uri = 17 selection = isSettingsChangesAllowed
07-08 21:03:49.181  1433  1533 D SecContentProvider: called from android.uid.honeyboard:10175
07-08 21:03:49.181  5422  5715 I HBD     : l writeToFile complete 
07-08 21:03:49.181  1433  1533 D RestrictionPolicy: isSettingsChangesAllowedAsUser, userId 0 : true
07-08 21:03:49.182  5422 25777 I HBD     : x updated Sub Types. Turkish 
07-08 21:03:49.183  5422  5717 I HBD     : b InputMethodSubtype is set as local:tr 
07-08 21:03:49.183  5422  5718 I HBD     : b InputMethodSubtype is set as local:tr 
07-08 21:03:49.184 31205 31205 I SV[166715680 MainTabActivity]: onWindowVisibilityChanged(8) false X.1eE{9efe120 V.E...... ........ 0,0-1080,1975} of VRI[MainTabActivity]@92a507f
07-08 21:03:49.184 31205 31205 D SV[166715680 MainTabActivity]: updateSurface: surface is not valid
07-08 21:03:49.184 31205 31205 I SV[166715680 MainTabActivity]: releaseSurfaces: viewRoot = VRI[MainTabActivity]@92a507f
07-08 21:03:49.184 31205 31205 I SurfaceView: 166715680 Detaching SV
07-08 21:03:49.184 31205 31205 D SV[166715680 MainTabActivity]: updateSurface: surface is not valid
07-08 21:03:49.184 31205 31205 I SV[166715680 MainTabActivity]: releaseSurfaces: viewRoot = VRI[MainTabActivity]@92a507f
07-08 21:03:49.185 31205 31205 I SV[166715680 MainTabActivity]: onDetachedFromWindow: tryReleaseSurfaces()
07-08 21:03:49.185 31205 31205 I SV[166715680 MainTabActivity]: releaseSurfaces: viewRoot = VRI[MainTabActivity]@92a507f
07-08 21:03:49.185  1065  1065 I SurfaceFlinger: RequestedLayer [Surface(name=28858a9 InputMethod#115[...]ation-leash of insets_animation#1636] hidden!! flag  from(1) --> to(0)
07-08 21:03:49.186  1065  1065 E SurfaceFlinger: alpha changed 1.000 -> 0.000 - Surface(name=28858a9 InputMethod#115)/@0x1ab7b92 - animation-leash of insets_animation#1636
07-08 21:03:49.186  1065  1065 I SurfaceFlinger: destroyed Bounds for - com.instagram.android/com.instagram.android.activity.MainTabActivity@2#1576
07-08 21:03:49.186  1065  1065 I SurfaceFlinger: [LayerHierarchy{RequestedLayerState{ImeContainer#15 parentId=99 relativeParentId=100 z=1} 1 children}] reparent to LayerHierarchy{RequestedLayerState{ActivityRecord{98668968 u0 com.sec.android.app.launcher/.activities.LauncherActivity t901}#99 parentId=98} 3 children}
07-08 21:03:49.186  1065  1065 I SurfaceFlinger: [LayerHierarchy{RequestedLayerState{ImeContainer#15 parentId=99 relativeParentId=100 z=1} 1 children}] RelativeParent to LayerHierarchy{RequestedLayerState{bfea4f6 com.sec.android.app.launcher/com.sec.android.app.launcher.activities.LauncherActivity#100 parentId=99} 2 children}
07-08 21:03:49.186  1065  1065 I SurfaceFlinger: [LayerHierarchy{RequestedLayerState{28858a9 InputMethod#115 parentId=1636} no children}] reparent to LayerHierarchy{RequestedLayerState{Surface(name=28858a9 InputMethod#115)/@0x1ab7b92 - animation-leash of insets_animation#1636 parentId=94} 1 children}
07-08 21:03:49.186  1065  1065 I SurfaceFlinger: [LayerHierarchy{RequestedLayerState{Surface(name=28858a9 InputMethod#115)/@0x1ab7b92 - animation-leash of insets_animation#1591} no children}] reparent to OffscreenRoot
07-08 21:03:49.186  1065  1065 I SurfaceFlinger: [LayerHierarchy{RequestedLayerState{Surface(name=28858a9 InputMethod#115)/@0x1ab7b92 - animation-leash of insets_animation#1591} no children}] RelativeParent to null
07-08 21:03:49.187  5422  6246 I HBD     : b [SKE_SPECIFIC] specific model[com.sec.android.app.launcher] loaded, 4055462 ns
07-08 21:03:49.187  1433  1533 I MediaFocusControl: abandonAudioFocus() from uid/pid 10317/31205 clientId=android.media.AudioManager@c707182X.4Is@46f6a33 callingPack=com.instagram.android
07-08 21:03:49.187  1433  1533 D AS.AudioService: [Android Auto] isConnectedAndroidAuto = false
07-08 21:03:49.187  1433  1533 D MediaFocusControl: selectFocusStack, uid = 10317, appDevice = 0, device = 2
07-08 21:03:49.187  1433  1533 I MediaFocusControl: removeFocusStackEntry client:android.media.AudioManager@c707182X.4Is@46f6a33
07-08 21:03:49.188  1065  1065 I SurfaceFlinger: id=1576 Destroyed Bounds for - com.instagram.android/com.instagram.android.activity.MainTabActivity@2#1576
07-08 21:03:49.189  1065  1118 I SurfaceFlinger: id=1591 Removed Surface(name=28858a9 InputMethod#115)/@0x1ab7b92 - animation-leash of insets_animation#1591 (139)
07-08 21:03:49.190 31205  5196 I CCodec  : [c2.android.aac.decoder] state->set(FLUSHING)
07-08 21:03:49.191  1433  1433 I InputMethodManagerService: subtype state: oldSubtype = android.view.inputmethod.InputMethodSubtype@420000 newSubtype = android.view.inputmethod.InputMethodSubtype@420000 force = false, intent received : false
07-08 21:03:49.191  1433  1433 I InputMethodManagerService: subtype state: oldSubtype = android.view.inputmethod.InputMethodSubtype@420000 newSubtype = android.view.inputmethod.InputMethodSubtype@420000 force = false, intent received : false
07-08 21:03:49.191 31205 31482 E msys    : E[S MSync]modular_sync_service_ffi::service_ffi::handle_network_response(1044)=>DB[223] - Encountered a network error (2002: TransientError domain: MNSQUICConnection code: 0 detail: Error on socket write Operation not permitted, )
07-08 21:03:49.191  1433  3208 D FreecessController: restrictJobsByOlaf: restrict=false, uid=-1, reason=timeout
07-08 21:03:49.191  5422  5422 I InputMethodService: scheduleImeSurfaceRemoval: removeImeSurface is posted.
07-08 21:03:49.191 31205 31482 E msys    : E[S MSync]modular_sync_service_ffi::service_ffi::handle_network_error_response(1275)=>DB[223] - handle network error response
07-08 21:03:49.192 31205 31482 E MDCoreSyncManagerImpl: [userId=-1843863394] Unknown event type: SUBSCRIPTION_STATE_CHANGED
07-08 21:03:49.192 31205 31482 E IgnitionDebug: [userId=-1843863394] Unknown event type: SUBSCRIPTION_STATE_CHANGED
07-08 21:03:49.199  1040  1383 D DlbCrossfadeProcess: process transitioning from FADE_TO_BYPASS state to DAP_BYPASSED
07-08 21:03:49.199 31205 31482 E MDCoreSyncManagerImpl: [userId=-1843863394] Unknown event type: SUBSCRIPTION_STATE_CHANGED
07-08 21:03:49.199 31205 31482 E IgnitionDebug: [userId=-1843863394] Unknown event type: SUBSCRIPTION_STATE_CHANGED
07-08 21:03:49.200  1433  5408 D BSOHChargingDataCollector:  BSOH Sys-servce ... 
07-08 21:03:49.201  1433  5408 D BSOHChargingDataCollector: performBatteryWork++
07-08 21:03:49.201  1433  5408 D BSOHChargingDataCollector: performBatteryWork battery com.android.server.bsoh.device.PrimeBattery@e20a0c2
07-08 21:03:49.201  1433  5408 D BSOHChargingDataCollector: primeBatt readVoltage from sysFsBattVolt,  path : /sys/class/power_supply/battery/batt_voltage_now
07-08 21:03:49.202  1065  1065 I SurfaceFlinger: destroyed Surface(name=28858a9 InputMethod#115)/@0x1ab7b92 - animation-leash of insets_animation#1591
07-08 21:03:49.203  2499  3021 D SoundCraft.PlayingAudioConditionHandler: onPlaybackConfigChanged : lastStartedPackageName=com.instagram.android, lastStartedUid=10317, newStartedUid=-1, newStartPackageName=null, thread=Thread[RoutineHandlerThread,5,main]
07-08 21:03:49.203  1433  1591 D InputReader: Btn_touch(4): value=1 when=2170.338449
07-08 21:03:49.203  1433  1591 I InputReader: Touch event's action is 0x0 (id=5, t=0) [pCnt=1, s=0.539 ] when=2170.338449
07-08 21:03:49.204  1433  1590 I InputDispatcher: Delivering touch to (2499): action: 0x4, f=0x0, d=0, '1a4b965', t=1 
07-08 21:03:49.204  1433  1590 I InputDispatcher: Delivering touch to (2990): action: 0x0, f=0x0, d=0, 'bfea4f6', t=1 
07-08 21:03:49.204  1433  1590 D PowerManagerService: [api] userActivityFromNative : touch displayId=0 eventTime=2170338
07-08 21:03:49.205  1065  1065 I SurfaceFlinger: id=1591 Destroyed Surface(name=28858a9 InputMethod#115)/@0x1ab7b92 - animation-leash of insets_animation#1591
07-08 21:03:49.205  2990  2990 I VRI[LauncherActivity]@11b5082: ViewPostIme pointer 0
07-08 21:03:49.206  2990  2990 I HoneySpace.IconHoney: call activeLaunch 50753
07-08 21:03:49.206  2990  2990 I HoneySpace.LongPressTouchController: ACTION_DOWN, (281.0, 1663.0)
07-08 21:03:49.207  2990  2990 I HoneySpace.WorkspaceFastRecyclerView: canHandleDoubleTapEvent: false (currentRank: 1, point: PointF(281.0, 1663.0))
07-08 21:03:49.207  2990  2990 I HoneySpace.LongPressTouchController: is not VacantCell
07-08 21:03:49.207  1433  5408 D BSOHChargingDataCollector: 0 	 BattData addData data : BattData { voltage:3.76, current:0.127, soc:0.26, temperature:37.0, status:2, timestamp:1783533829207, voltage_chg:null}
07-08 21:03:49.207  1433  5408 D BSOHChargingDataCollector: performBatteryWork--
07-08 21:03:49.207  2990  2990 I HoneySpace.WorkspaceFastRecyclerView: canHandleDoubleTapEvent: false (currentRank: 1, point: PointF(281.0, 1663.0))
07-08 21:03:49.207  2990  2990 I HoneySpace.HomeView: findControllerToHandleTouch ev = 0
07-08 21:03:49.207  2990  2990 I HoneySpace.HoneyWindowController: windowMap[it.hashCode()]?.get()=com.android.internal.policy.PhoneWindow@af8e5c8
07-08 21:03:49.207  1433  1533 I Pageboost: start alp : com.anthropic.claude
07-08 21:03:49.207  2990  2990 I HoneySpace.StatusBarTouchController: canInterceptTouch showNotificationPanel : true systemUiProxy.isActive() = true honeyScreenManager.currentHoneyScreen : HOME honeyScreen.currentHoneyState : com.honeyspace.sdk.HomeScreen$Normal@e4cb062
07-08 21:03:49.207  2990  2990 I HoneySpace.FinderTouchController: onControllerInterceptTouchEvent :: canInterceptTouch() = false, QuickOptionUtil.isShowQuickOption() : false QuickOptionUtil.isDragging : false NowBriefBlurOption.isShown() : false
07-08 21:03:49.207  2990  2990 I HoneySpace.HomeAppsTouchController: currentChangeState : com.honeyspace.sdk.HomeScreen$Normal@e4cb062, currentHoneyState : com.honeyspace.sdk.HomeScreen$Normal@e4cb062, EditLockPopup : false, isOpenFolderMode : false, isChildScrolling : false, isDragAnimRunning : false
07-08 21:03:49.207  2990  2990 I HoneySpace.HomeAppsTouchController: currentChangeState : com.honeyspace.sdk.HomeScreen$Normal@e4cb062, currentHoneyState : com.honeyspace.sdk.HomeScreen$Normal@e4cb062, EditLockPopup : false, isOpenFolderMode : false, isChildScrolling : false, isDragAnimRunning : false
07-08 21:03:49.208  2990  2990 I HoneySpace.WorkspaceFastRecyclerView: canHandleDoubleTapEvent: false (currentRank: 1, point: PointF(281.0, 1663.0))
07-08 21:03:49.208  1433  1828 I Pageboost: alp for : com.anthropic.claude , 0
07-08 21:03:49.208  2990  2990 I HoneySpace.PageEditTouchController: onControllerInterceptTouchEvent, isInProgress = false
07-08 21:03:49.208  3248  5721 E pageboostd: alp start : app comanthropicclaude
07-08 21:03:49.209  2990  2990 I HoneySpace.WorkspaceFastRecyclerView: canHandleDoubleTapEvent: false (currentRank: 1, point: PointF(281.0, 1663.0))
07-08 21:03:49.209  2990  2990 I HoneySpace.WorkspaceFastRecyclerView: dispatchTouchEvent() event.action=0
07-08 21:03:49.209  2990  2990 I HoneySpace.WorkspaceFastRecyclerView: canHandleDoubleTapEvent: false (currentRank: 1, point: PointF(281.0, 1663.0))
07-08 21:03:49.209  2990  2990 I HoneySpace.WorkspaceFastRecyclerView: processDownMotionEvent, index = 0, id = 0
07-08 21:03:49.210  2990  2990 I HoneySpace.WorkspaceFastRecyclerView: initTouchPoint, index = 0, id = 0
07-08 21:03:49.210 31205 31478 W IrisSyncManager: Iris unsubscribed
07-08 21:03:49.210 31205  5196 I CCodec  : [c2.android.aac.decoder] state->set(FLUSHED)
07-08 21:03:49.210 31205  5196 D CCodecBuffers: [c2.android.aac.decoder#649:1D-Output.Impl[N]] Client returned a buffer it does not own according to our record: 0
07-08 21:03:49.210 31205  5196 D CCodecBuffers: [c2.android.aac.decoder#649:1D-Output.Impl[N]] Client returned a buffer it does not own according to our record: 1
07-08 21:03:49.210 31205  5196 I CCodec  : [c2.android.aac.decoder] state->set(RESUMING)
07-08 21:03:49.211  2990  2990 I HoneySpace.IconView: start dim animation : Claude
07-08 21:03:49.211  2990  2990 I VRI[LauncherActivity]@11b5082: call setFrameRateCategory for touch hint category=high hint, reason=touch, vri=VRI[LauncherActivity]@11b5082
07-08 21:03:49.211  1433  1533 W ContextImpl: Calling a method in the system process without a qualified user: android.app.ContextImpl.startActivity:1228 com.android.server.am.ActivityManagerService.doActiveLaunch:101 android.app.IActivityManager$Stub.onTransact:5130 com.android.server.am.ActivityManagerService.onTransact:426 android.os.Binder.execTransactInternal:1514 
07-08 21:03:49.212  2990  2990 I HoneySpace.InputConsumerFactory: checkMultiFingerGesture: returning NO_OP - gesture disabled or blocked
07-08 21:03:49.212  1433  1454 I GestureDetector: obtain mCurrentDownEvent. id: 1023681876 caller: com.android.server.wm.SystemGesturesPointerEventListener.onPointerEvent:17 com.android.server.wm.PointerEventDispatcher.onInputEvent:51 android.view.InputEventReceiver.dispatchInputEvent:369 
07-08 21:03:49.212  2990  2990 I HoneySpace.GestureInputHandler: inputConsumers = [com.honeyspace.gesture.inputconsumer.InputConsumer$Companion$NO_OP$1@f34e3ff]
07-08 21:03:49.212  2990  2990 I HoneySpace.InputSession: inputConsumers = NO_OP
07-08 21:03:49.212  2990  2990 I HoneySpace.InputSession: open
07-08 21:03:49.212  1433  1454 I GestureDetector: obtain mCurrentDownEvent. id: 1023681876 caller: com.android.server.wm.SystemPerformancePointerEventListener.onPointerEvent:13 com.android.server.wm.PointerEventDispatcher.onInputEvent:51 android.view.InputEventReceiver.dispatchInputEvent:369 
07-08 21:03:49.212  1433  1454 I GestureDetector: obtain mCurrentMotionEventRaw. action: 2 id: 873007709
07-08 21:03:49.212  1433  1454 I GestureDetector: obtain mCurrentMotionEventRaw. action: 2 id: 873007709
07-08 21:03:49.213  1433  1533 D ActivityTaskManager: startActivityAsUser: callingPid=1433, callingUid=1000, caller=com.android.server.wm.ActivityTaskManagerService.startActivity:123 android.app.Instrumentation.execStartActivity:2030 android.app.ContextImpl.startActivity:1246 com.android.server.am.ActivityManagerService.doActiveLaunch:101 android.app.IActivityManager$Stub.onTransact:5130 com.android.server.am.ActivityManagerService.onTransact:426 android.os.Binder.execTransactInternal:1514 
07-08 21:03:49.214  1433  1533 E ActivityTaskManager: Checking for the Active launch getApplicationEnabledSetting
07-08 21:03:49.214  1433  1533 D ActivityTaskManager: request preloading for newly launching app
07-08 21:03:49.214  1433  1533 I ActivityManager: No activity to handle assist action.
07-08 21:03:49.214  1433  1533 I ActivityManager: android.util.AndroidRuntimeException: Activity could not be started for Intent { act=android.intent.action.MAIN cat=[android.intent.category.LAUNCHER] flg=0x10000000 xflg=0x4 pkg=com.anthropic.claude cmp=com.anthropic.claude/.mainactivity.MainActivity }
07-08 21:03:49.214  1433  1533 I ActivityManager: 	at android.app.Instrumentation.checkStartActivityResult(Instrumentation.java:2536)
07-08 21:03:49.214  1433  1533 I ActivityManager: 	at android.app.Instrumentation.execStartActivity(Instrumentation.java:2035)
07-08 21:03:49.214  1433  1533 I ActivityManager: 	at android.app.ContextImpl.startActivity(ContextImpl.java:1246)
07-08 21:03:49.214  1433  1533 I ActivityManager: 	at com.android.server.am.ActivityManagerService.doActiveLaunch(qb/109716812 6c4c97e85f7332929c09addc75267a03b115f117841586f23792bcc78b00701d:101)
07-08 21:03:49.214  1433  1533 I ActivityManager: 	at android.app.IActivityManager$Stub.onTransact(IActivityManager.java:5130)
07-08 21:03:49.214  1433  1533 I ActivityManager: 	at com.android.server.am.ActivityManagerService.onTransact(qb/109716812 6c4c97e85f7332929c09addc75267a03b115f117841586f23792bcc78b00701d:426)
07-08 21:03:49.214  1433  1533 I ActivityManager: 	at android.os.Binder.execTransactInternal(Binder.java:1514)
07-08 21:03:49.214  1433  1533 I ActivityManager: 	at android.os.Binder.execTransact(Binder.java:1454)
07-08 21:03:49.214  1433  1533 D ActivityManager: starting Active launch
07-08 21:03:49.215  1433  1809 W libc    : Access denied finding property "vendor.perf.ems.egg"
07-08 21:03:49.215  1433  1809 W libc    : Access denied finding property "vendor.perf.ems.egg"
07-08 21:03:49.216 31205  5196 I CCodecConfig: query failed after returning 21 values (BAD_INDEX)
07-08 21:03:49.216 31205  5196 D BufferPoolAccessor2.0: bufferpool2 0xb40000733d16cde8 : 5(40960 size) total buffers - 1(8192 size) used buffers - 871/876 (recycle/alloc) - 12/875 (fetch/transfer)
07-08 21:03:49.216  1433  1809 W ImageReader_JNI: Unable to acquire a buffer item, very likely client tried to acquire more than maxImages buffers
07-08 21:03:49.216 31205  5196 I CCodecBufferChannel: [c2.android.aac.decoder#649] 4 initial input buffers available
07-08 21:03:49.217 31205  5196 W Codec2Client: query -- param skipped: index = 1342179345.
07-08 21:03:49.217 31205  5196 W Codec2Client: query -- param skipped: index = 2415921170.
07-08 21:03:49.217 31205  5196 W Codec2Client: query -- param skipped: index = 1610614798.
07-08 21:03:49.219  1065  1065 I SurfaceFlinger: [com.sec.android.app.launcher/com.sec.android.app.launcher.activities.LauncherActivity$_2990#1628] setFrameRateCategory: HighHint
07-08 21:03:49.220  2990  2990 I HoneySpace.HomeView: findControllerToHandleTouch ev = 2
07-08 21:03:49.220  2990  2990 I HoneySpace.FinderTouchController: onControllerInterceptTouchEvent :: canInterceptTouch() = false, QuickOptionUtil.isShowQuickOption() : false QuickOptionUtil.isDragging : false NowBriefBlurOption.isShown() : false
07-08 21:03:49.220  2990  2990 I HoneySpace.HomeAppsTouchController: currentChangeState : com.honeyspace.sdk.HomeScreen$Normal@e4cb062, currentHoneyState : com.honeyspace.sdk.HomeScreen$Normal@e4cb062, EditLockPopup : false, isOpenFolderMode : false, isChildScrolling : false, isDragAnimRunning : false
07-08 21:03:49.220  2990  2990 I HoneySpace.PageEditTouchController: onControllerInterceptTouchEvent, isInProgress = false
07-08 21:03:49.220  2990  2990 I HoneySpace.MinusOnePageController: ACTION_MOVE isValidState: false isNormalState: true shouldStartScroll: false delta: 5.716797 isScrollableItemTouch: false touchSlop: 34.5 minusOnePageMover: null
07-08 21:03:49.221  2990  2990 I HoneySpace.WorkspaceFastRecyclerView: updateIsBeingDraggedOnTouchDown touchSlop:35, diffX:5, diffY: 0, moved:false, useLongTouchSlop:true
07-08 21:03:49.221  2990  2990 I HoneySpace.TaskIconProgressRepositoryImpl: taskLaunchProgress: 0.0, recentsEnteringFromAppsProgress: 1.0
07-08 21:03:49.222  2990  2990 I HoneySpace.TaskIconProgressRepositoryImpl: taskLaunchProgress: 0.0, recentsEnteringFromAppsProgress: 1.0
07-08 21:03:49.222  1433  1800 D NetdEventListenerService: DNS Requested by 100, 10317(com.instagram.android), 4(FAIL), isBlocked=true, 0ms
07-08 21:03:49.223  2499  2772 E ndroid.systemui: No package ID 7f found for resource ID 0x7f150008.
07-08 21:03:49.224  2499  2772 W LocaleConfig: The resource file pointed to by the given resource ID isn't found.
07-08 21:03:49.225 31205  5196 I CCodec  : [c2.android.aac.decoder] state->set(RUNNING)
07-08 21:03:49.227 31205 31263 D HWUI    : CacheManager::trimMemory(20)
07-08 21:03:49.231  1433  3882 I WindowManager: Relayout Window{3be84a9 u0 com.instagram.android/com.instagram.android.activity.MainTabActivity}: viewVisibility=8 req=1080x2263 ty=1 d0
07-08 21:03:49.233 31205 31361 E msys    : E[N mns:DGWClient]_LogError(328)=>Failed to resolve using system DNS resolver, getaddrinfo(): No address associated with hostname
07-08 21:03:49.238 31205  5196 I CCodec  : [c2.android.aac.decoder] state->set(STOPPING)
07-08 21:03:49.239 31205  5196 D CCodecBufferChannel: [c2.android.aac.decoder#649] MediaCodec discarded an unknown buffer
07-08 21:03:49.239 31205  5196 D CCodecBufferChannel: [c2.android.aac.decoder#649] MediaCodec discarded an unknown buffer
07-08 21:03:49.239 31205  5196 D CCodecBufferChannel: [c2.android.aac.decoder#649] MediaCodec discarded an unknown buffer
07-08 21:03:49.239 31205  5196 D CCodecBufferChannel: [c2.android.aac.decoder#649] MediaCodec discarded an unknown buffer
07-08 21:03:49.239 31205  5196 I CCodec  : [stop][3601] component -> surface
07-08 21:03:49.239  3901  4146 I SDHMS:k : onTaskStackChanged
07-08 21:03:49.242  1433  3882 I WindowManager: Relayout hash=3be84a9, pid=31205, syncId=-1: mAttrs={(0,0)(fillxfill) sim={adjust=nothing} layoutInDisplayCutoutMode=always ty=BASE_APPLICATION fmt=TRANSLUCENT wanim=0x1030318
07-08 21:03:49.242  1433  3882 I WindowManager:   fl=81810100
07-08 21:03:49.242  1433  3882 I WindowManager:   pfl=10008840
07-08 21:03:49.242  1433  3882 I WindowManager:   vsysui=700
07-08 21:03:49.242  1433  3882 I WindowManager:   bhv=1
07-08 21:03:49.242  1433  3882 I WindowManager:   fitSides=0
07-08 21:03:49.242  1433  3882 I WindowManager:   frameRateBoostOnTouch=true
07-08 21:03:49.242  1433  3882 I WindowManager:   dvrrWindowFrameRateHint=true naviIconColor=0}
07-08 21:03:49.242  2990  3074 I HoneySpace.RecentTasks: onRecentTasksChanged l:135031692
07-08 21:03:49.243  3901  4233 I n2      : limitCPUFreq:: freq = -1
07-08 21:03:49.245 31205 31205 I VRI[MainTabActivity]@92a507f: Relayout returned: old=(0,77,1080,2340) new=(0,77,1080,2340) relayoutAsync=false req=(1080,2263)8 dur=15 res=0x200002 s={false 0x0} ch=false seqId=0
07-08 21:03:49.245 31205 31205 D VRI[MainTabActivity]@92a507f: Not drawing due to not visible. Reason=!mAppVisible && !mForceDecorViewVisibility
07-08 21:03:49.245 31205 31205 D VRI[MainTabActivity]@92a507f: Pending transaction will not be applied in sync with a draw due to view not visible
07-08 21:03:49.245 31205  5196 I CCodec  : [c2.android.aac.decoder] state->set(ALLOCATED)
07-08 21:03:49.245 31205 31205 I VRI[MainTabActivity]@92a507f: mWNT: t=0xb40000733d37dfd0 mBlastBufferQueue=0xnull fn= 0 HdrRenderState mRenderHdrSdrRatio=1.0 caller= android.view.ViewRootImpl.handleSyncRequestWhenNoAsyncDraw:6812 android.view.ViewRootImpl.performTraversals:5568 android.view.ViewRootImpl.doTraversal:3959 
07-08 21:03:49.249   986  1070 I HYPER-HAL: [RequestManager.cpp]releaseLocked(): Released ID : 7689101
07-08 21:03:49.250 31205 31361 E msys    : E[N mns:DGWClient]_LogError(328)=>Failed to resolve using system DNS resolver, getaddrinfo(): No address associated with hostname
07-08 21:03:49.252 31205  5196 I CCodec  : [c2.android.aac.decoder] state->set(RELEASING)
07-08 21:03:49.253  1065  1065 I SurfaceFlinger: [LayerHierarchy{RequestedLayerState{Background for 9efe120 SurfaceView[com.instagram.android/com.instagram.android.activity.MainTabActivity]@0#1607 z=-2147483648} no children}] reparent to OffscreenRoot
07-08 21:03:49.253  1065  1065 I SurfaceFlinger: [LayerHierarchy{RequestedLayerState{Background for 9efe120 SurfaceView[com.instagram.android/com.instagram.android.activity.MainTabActivity]@0#1607 z=-2147483648} no children}] RelativeParent to null
07-08 21:03:49.253  1065  1065 I SurfaceFlinger: [LayerHierarchy{RequestedLayerState{9efe120 SurfaceView[com.instagram.android/com.instagram.android.activity.MainTabActivity]@0(BLAST)#1606} no children}] reparent to OffscreenRoot
07-08 21:03:49.253  1065  1065 I SurfaceFlinger: [LayerHierarchy{RequestedLayerState{9efe120 SurfaceView[com.instagram.android/com.instagram.android.activity.MainTabActivity]@0(BLAST)#1606} no children}] RelativeParent to null
07-08 21:03:49.253  1065  1065 I SurfaceFlinger: [LayerHierarchy{RequestedLayerState{9efe120 SurfaceView[com.instagram.android/com.instagram.android.activity.MainTabActivity]@0#1605 z=-2} 1 children}] reparent to OffscreenRoot
07-08 21:03:49.253  1065  1065 I SurfaceFlinger: [LayerHierarchy{RequestedLayerState{9efe120 SurfaceView[com.instagram.android/com.instagram.android.activity.MainTabActivity]@0#1605 z=-2} 1 children}] RelativeParent to null
07-08 21:03:49.253   967  3614 D audio_hw_playback: deep_out-out_update_source_metadata: called
07-08 21:03:49.253  1040  1281 V APM_AudioPolicyManager: stopOutput portId 131
07-08 21:03:49.253  1040  1281 V APM_AudioPolicyManager: stopOutput() output 21, stream 3, session 1001
07-08 21:03:49.253  1040  1281 V APM_AudioPolicyManager: setBeaconMute(1) mBeaconMuteRefCount=0 mBeaconPlayingRefCount=0
07-08 21:03:49.254  1040  1281 V APM_AudioPolicyManager: getNewOutputDevices selected devices AUDIO_DEVICE_NONE
07-08 21:03:49.254  1040  1281 V APM_AudioPolicyManager: setOutputDevices caller stopSource[[portId:5][io:21, deep_buffer]] device AUDIO_DEVICE_NONE delayMs 160
07-08 21:03:49.255  1065  1065 I SurfaceFlinger: id=1606 Removed 9efe120 SurfaceView[com.instagram.android/com.instagram.android.activity.MainTabActivity]@0(BLAST)#1606 (138)
07-08 21:03:49.255  1065  1065 I SurfaceFlinger: id=1605 Removed 9efe120 SurfaceView[com.instagram.android/com.instagram.android.activity.MainTabActivity]@0#1605 (138)
07-08 21:03:49.255  1065  1065 I SurfaceFlinger: id=1607 Removed Background for 9efe120 SurfaceView[com.instagram.android/com.instagram.android.activity.MainTabActivity]@0#1607 (138)
07-08 21:03:49.255  1040  1281 V APM_AudioPolicyManager: setOutputDevices caller stopSource[[portId:5][io:21, deep_buffer]] setting same device AUDIO_DEVICE_NONE or null device, force=0, patch handle=6
07-08 21:03:49.256  1433  1498 D PowerManagerService: displayReady: false groupId=0
07-08 21:03:49.257  1433  1498 D DisplayPowerController[0]: animateScreenStateChange: target=ON, mIsEnabled=true
07-08 21:03:49.259  1433  1498 D DisplayPowerController[0]: putAutoBrightnessTransitionTime: transitionTime=0
07-08 21:03:49.260  2990  2990 I HoneySpace.HomeView: findControllerToHandleTouch ev = 2
07-08 21:03:49.260  2990  2990 I HoneySpace.FinderTouchController: onControllerInterceptTouchEvent :: canInterceptTouch() = false, QuickOptionUtil.isShowQuickOption() : false QuickOptionUtil.isDragging : false NowBriefBlurOption.isShown() : false
07-08 21:03:49.260  2990  2990 I HoneySpace.HomeAppsTouchController: currentChangeState : com.honeyspace.sdk.HomeScreen$Normal@e4cb062, currentHoneyState : com.honeyspace.sdk.HomeScreen$Normal@e4cb062, EditLockPopup : false, isOpenFolderMode : false, isChildScrolling : false, isDragAnimRunning : false
07-08 21:03:49.260  2990  2990 I HoneySpace.PageEditTouchController: onControllerInterceptTouchEvent, isInProgress = false
07-08 21:03:49.260  2990  2990 I HoneySpace.TouchDirectionDetector: displacementComponent = 109.21289
07-08 21:03:49.260  2990  2990 I HoneySpace.TouchDirectionDetector: canScrollNegative direction = true
07-08 21:03:49.260  2990  2990 I HoneySpace.TouchDirectionDetector: direction.isNegative(displacement) = false
07-08 21:03:49.260  2990  2990 I HoneySpace.TouchDirectionDetector: canScrollPositive direction = true
07-08 21:03:49.260  2990  2990 I HoneySpace.TouchDirectionDetector: direction.isPositive(displacement) = true
07-08 21:03:49.260  2990  2990 I HoneySpace.MinusOnePageController: ACTION_MOVE isValidState: false isNormalState: true shouldStartScroll: true delta: 109.21289 isScrollableItemTouch: false touchSlop: 34.5 minusOnePageMover: null
07-08 21:03:49.261  2990  2990 I HoneySpace.WorkspaceFastRecyclerView: updateIsBeingDraggedOnTouchDown touchSlop:35, diffX:109, diffY: 13, moved:true, useLongTouchSlop:true
07-08 21:03:49.261  2990  2990 I HoneySpace.WorkspaceFastRecyclerView: startScroll
07-08 21:03:49.261  2990  2990 I HoneySpace.WorkspaceFastRecyclerView: onStartPageScrolling
07-08 21:03:49.261  2990  2990 I HoneySpace.WorkspaceFastRecyclerView: updateCellLayoutAlpha() showAll: true
07-08 21:03:49.261  2990  2990 I HoneySpace.DvfsManager: boostPageSwipe takenTime: 1783533829261
07-08 21:03:49.261  2990  2990 I SemDvfsHyPerManager: acquire hyper - LAUNCHER_TOUCH/2990@3, type = -999
07-08 21:03:49.262 31205  5175 W MessageQueue: Handler (android.os.Handler) {9bda051} sending message to a Handler on a dead thread
07-08 21:03:49.262 31205  5175 W MessageQueue: java.lang.IllegalStateException: Handler (android.os.Handler) {9bda051} sending message to a Handler on a dead thread
07-08 21:03:49.262 31205  5175 W MessageQueue: 	at android.os.MessageQueue.logDeadThread(MessageQueue.java:1452)
07-08 21:03:49.262 31205  5175 W MessageQueue: 	at android.os.MessageQueue.enqueueMessageLegacy(MessageQueue.java:1465)
07-08 21:03:49.262 31205  5175 W MessageQueue: 	at android.os.MessageQueue.enqueueMessage(MessageQueue.java:1539)
07-08 21:03:49.262 31205  5175 W MessageQueue: 	at android.os.Handler.enqueueMessage(Handler.java:829)
07-08 21:03:49.262 31205  5175 W MessageQueue: 	at android.os.Handler.sendMessageAtTime(Handler.java:771)
07-08 21:03:49.262 31205  5175 W MessageQueue: 	at android.os.Handler.sendMessageDelayed(Handler.java:741)
07-08 21:03:49.262 31205  5175 W MessageQueue: 	at android.os.Handler.sendMessage(Handler.java:679)
07-08 21:03:49.262 31205  5175 W MessageQueue: 	at android.os.Message.sendToTarget(Message.java:564)
07-08 21:03:49.262 31205  5175 W MessageQueue: 	at X.0u7.A02(Unknown Source:4)
07-08 21:03:49.262 31205  5175 W MessageQueue: 	at X.0t4.GsO(Unknown Source:9)
07-08 21:03:49.262 31205  5175 W MessageQueue: 	at X.0r3.GsO(Unknown Source:11)
07-08 21:03:49.262 31205  5175 W MessageQueue: 	at X.0e3.A0B(Unknown Source:152)
07-08 21:03:49.262 31205  5175 W MessageQueue: 	at X.0e3.handleMessage(Unknown Source:1347)
07-08 21:03:49.262 31205  5175 W MessageQueue: 	at android.os.Handler.dispatchMessage(Handler.java:128)
07-08 21:03:49.262 31205  5175 W MessageQueue: 	at android.os.Looper.dispatchMessage(Looper.java:358)
07-08 21:03:49.262 31205  5175 W MessageQueue: 	at android.os.Looper.loopOnce(Looper.java:288)
07-08 21:03:49.262 31205  5175 W MessageQueue: 	at android.os.Looper.loop(Looper.java:392)
07-08 21:03:49.262 31205  5175 W MessageQueue: 	at android.os.HandlerThread.run(HandlerThread.java:139)
07-08 21:03:49.262  2990  4287 I HoneySpace.ScreenTransitionStateMonitorImpl: setScreenTransitionState PAGE_SWIPE
07-08 21:03:49.262 31205  5175 W MessageQueue: Handler (android.os.Handler) {a5591b7} sending message to a Handler on a dead thread
07-08 21:03:49.262 31205  5175 W MessageQueue: java.lang.IllegalStateException: Handler (android.os.Handler) {a5591b7} sending message to a Handler on a dead thread
07-08 21:03:49.262 31205  5175 W MessageQueue: 	at android.os.MessageQueue.logDeadThread(MessageQueue.java:1452)
07-08 21:03:49.262 31205  5175 W MessageQueue: 	at android.os.MessageQueue.enqueueMessageLegacy(MessageQueue.java:1465)
07-08 21:03:49.262 31205  5175 W MessageQueue: 	at android.os.MessageQueue.enqueueMessage(MessageQueue.java:1539)
07-08 21:03:49.262 31205  5175 W MessageQueue: 	at android.os.Handler.enqueueMessage(Handler.java:829)
07-08 21:03:49.262 31205  5175 W MessageQueue: 	at android.os.Handler.sendMessageAtFrontOfQueue(Handler.java:794)
07-08 21:03:49.262 31205  5175 W MessageQueue: 	at X.0oR.GRr(Unknown Source:8)
07-08 21:03:49.262 31205  5175 W MessageQueue: 	at X.0oM.A01(Unknown Source:29)
07-08 21:03:49.262 31205  5175 W MessageQueue: 	at X.0r3.GsO(Unknown Source:29)
07-08 21:03:49.262 31205  5175 W MessageQueue: 	at X.0e3.A0B(Unknown Source:152)
07-08 21:03:49.262 31205  5175 W MessageQueue: 	at X.0e3.handleMessage(Unknown Source:1347)
07-08 21:03:49.262 31205  5175 W MessageQueue: 	at android.os.Handler.dispatchMessage(Handler.java:128)
07-08 21:03:49.262 31205  5175 W MessageQueue: 	at android.os.Looper.dispatchMessage(Looper.java:358)
07-08 21:03:49.262 31205  5175 W MessageQueue: 	at android.os.Looper.loopOnce(Looper.java:288)
07-08 21:03:49.262 31205  5175 W MessageQueue: 	at android.os.Looper.loop(Looper.java:392)
07-08 21:03:49.262 31205  5175 W MessageQueue: 	at android.os.HandlerThread.run(HandlerThread.java:139)
07-08 21:03:49.262  2990  2990 I HoneySpace.WorkspaceFastRecyclerView: onInterceptTouchEvent() by isPageScrolling
07-08 21:03:49.263  2990  2990 I HoneySpace.SubViewsProgressRepositoryImpl: taskLaunchProgress: 0.0, recentsEnteringProgress: 1.0
07-08 21:03:49.263  2990  2990 I HoneySpace.SubViewsProgressRepositoryImpl: taskLaunchProgress: 0.0, recentsEnteringProgress: 1.0
07-08 21:03:49.265  1040  1281 W AudioFlinger: moveEffectChain_ll: effect chain for session 0 not on source thread 0xb400007867702fe8
07-08 21:03:49.265  1040  1281 V APM_AudioPolicyManager: selectOutputForMusicEffects selected output 13
07-08 21:03:49.267 31205 31361 E msys    : E[N mns:DGWClient]_LogError(328)=>Failed to resolve using system DNS resolver, getaddrinfo(): No address associated with hostname
07-08 21:03:49.268  2990  2990 I HoneySpace.MouseDragSelectorGuideView: OngoingScreenTransition> 1
07-08 21:03:49.268  1040  1280 D AudioFlinger: setParameters: filtered dev setParameters keyvalue l_stream_music_active=false
07-08 21:03:49.269  1065  1065 I SurfaceFlinger: destroyed Background for 9efe120 SurfaceView[com.instagram.android/com.instagram.android.activity.MainTabActivity]@0#1607
07-08 21:03:49.269  1065  1065 I SurfaceFlinger: destroyed be3d823#1604
07-08 21:03:49.270  1065  1065 I SurfaceFlinger: destroyed 9efe120 SurfaceView[com.instagram.android/com.instagram.android.activity.MainTabActivity]@0(BLAST)#1606
07-08 21:03:49.270  1065  1065 I SurfaceFlinger: destroyed 9efe120 SurfaceView[com.instagram.android/com.instagram.android.activity.MainTabActivity]@0#1605
07-08 21:03:49.270  2990  2990 I HoneySpace.WorkspacePot: isScrolling 936 1
07-08 21:03:49.271 31205 31205 D InputTransport: Input channel destroyed: 'ClientS', fd=288
07-08 21:03:49.271  1433  3208 D FreecessController: BG freezed, skip OLAF unfreeze for (com.samsung.android.game.gamehome, 10274)
07-08 21:03:49.272  1065  1065 I SurfaceFlinger: id=1607 Destroyed Background for 9efe120 SurfaceView[com.instagram.android/com.instagram.android.activity.MainTabActivity]@0#1607
07-08 21:03:49.272  1065  1065 I SurfaceFlinger: id=1604 Destroyed be3d823#1604
07-08 21:03:49.272  1065  1065 I SurfaceFlinger: id=1606 Destroyed 9efe120 SurfaceView[com.instagram.android/com.instagram.android.activity.MainTabActivity]@0(BLAST)#1606
07-08 21:03:49.272  1065  1065 I SurfaceFlinger: id=1605 Destroyed 9efe120 SurfaceView[com.instagram.android/com.instagram.android.activity.MainTabActivity]@0#1605
07-08 21:03:49.274  1065  1290 I SurfaceFlinger: id=1608 Removed [BBQ] be3d823#1604#1608 (134)
07-08 21:03:49.278   967  1077 V sec_audio_hw: sec_dev_set_parameters : l_stream_music_active=false
07-08 21:03:49.278   967  1077 D audio_hw_primary: device-adev_set_parameters: enter
07-08 21:03:49.278   967  1077 D audio_hw_primary: device-adev_set_parameters: param (l_stream_music_active=false)
07-08 21:03:49.278   967  1077 I AudioSAEffectOffload: effect_update_by_hal updateType:200000 OFFLOAD_EFFECT_ALL
07-08 21:03:49.278   967  1077 D AudioSAEffectOffload: update offload effect: VM,1,9,0,3,2,0,0
07-08 21:03:49.278   967  1077 D AudioSAEffectOffload: update offload effect: VM reset mixer with all 0
07-08 21:03:49.283  1433  3208 D FreecessController: BG freezed, skip OLAF unfreeze for (com.google.android.apps.photos, 10296)
07-08 21:03:49.283  1040  1383 I SoundAlive_SRC384 arch64: ~SoundAlive_SRC384(): instance 70
07-08 21:03:49.284  1040  1281 V APM_AudioPolicyManager: releaseOutput portId 131
07-08 21:03:49.284  1040  1281 V APM_AudioPolicyManager: releaseOutput() 21
07-08 21:03:49.284  1433  1456 D SGM:FgCheckThread: getForegroundApp(), foregroundPkgName=com.sec.android.app.launcher
07-08 21:03:49.285  1433  1591 D InputReader: Btn_touch(4): value=0 when=2170.420284
07-08 21:03:49.285  1433  1591 I InputReader: Touch event's action is 0x1 (id=5, t=0) [pCnt=1, s=] when=2170.420284
07-08 21:03:49.285  1433  1590 I InputDispatcher: Delivering touch to (2990): action: 0x1, f=0x0, d=0, 'bfea4f6', t=1 
07-08 21:03:49.285  1433  1456 D SGM:FgCheckThread: pkgName: com.instagram.android is not in foreground
07-08 21:03:49.285  1433  1456 D SGM:FgCheckThread: noteStopComponent(), received pkgName: com.instagram.android, focusedPkgName: com.sec.android.app.launcher, userId: 0
07-08 21:03:49.285  1433  3882 E WindowManager: win=Window{3be84a9 u0 com.instagram.android/com.instagram.android.activity.MainTabActivity} destroySurfaces: appStopped=true cleanupOnResume=false win.mWindowRemovalAllowed=false win.mRemoveOnExit=false win.mViewVisibility=8 caller=com.android.server.wm.ActivityRecord.destroySurfaces:24 com.android.server.wm.ActivityRecord.activityStopped:209 com.android.server.wm.ActivityClientController.activityStopped:102 android.app.IActivityClientController$Stub.onTransact:829 com.android.server.wm.ActivityClientController.onTransact:1 android.os.Binder.execTransactInternal:1514 android.os.Binder.execTransact:1454 
07-08 21:03:49.286  1065  1065 I SurfaceFlinger: destroyed [BBQ] be3d823#1604#1608
07-08 21:03:49.287  2990  2990 I HoneySpace.WorkspacePot: isScrolling 864 1
07-08 21:03:49.288  2990  2990 I VRI[LauncherActivity]@11b5082: ViewPostIme pointer 1
07-08 21:03:49.288  2990  2990 I HoneySpace.WorkspaceFastRecyclerView: resetPageAndTouchState MotionEvent { action=ACTION_UP, actionButton=0, id[0]=0, x[0]=545.0, y[0]=1711.0, toolType[0]=TOOL_TYPE_FINGER, buttonState=0, classification=NONE, metaState=0, flags=0x0, edgeFlags=0x0, pointerCount=1, historySize=0, eventTime=2170420, downTime=2170338, deviceId=5, source=0x1002, displayId=0, eventId=821046681 }
07-08 21:03:49.288  1065  1065 I SurfaceFlinger: id=1608 Destroyed [BBQ] be3d823#1604#1608
07-08 21:03:49.289  2990  2990 I HoneySpace.WorkspaceFastRecyclerView: snapToPageForLooping() velocityX: 6574, isSignificantMove: false, isFling: true, isDeltaXLeft: false, isVelocityXLeft: false, supportInfiniteLoop: false, currentPage: 1, childCount: 5, visibleCount: 1
07-08 21:03:49.289  2990  2990 I HoneySpace.WorkspaceFastRecyclerView: getSnapToFinalPage() currentPage: 1, getNextPage(): 1, scrollDelta: -1
07-08 21:03:49.289  2990  2990 I HoneySpace.WorkspaceFastRecyclerView: snapToPageWithVelocity dir:1 byTouchUp:true
07-08 21:03:49.289  2990  2990 I HoneySpace.WorkspaceFastRecyclerView: snapToPage() currentPage: 1, toPage: 0 delta: -782 duration: 455
07-08 21:03:49.289  2990  2990 I HoneySpace.WorkspacePageIndicatorViewModel: updateTargetPage 0
07-08 21:03:49.289  2990  2990 I HoneySpace.WorkspacePot: Save workspace target page : 0
07-08 21:03:49.289  2990  2990 I HoneySpace.PageReorder: notifyTargetPageChange: 0
07-08 21:03:49.290  2990  2990 I HoneySpace.WorkspacePageIndicatorViewModel: updateCurrentPage position : 0
07-08 21:03:49.290  1433  1498 D PowerManagerService: displayReady: true groupId=0
07-08 21:03:49.290  2990  2990 I HoneySpace.WorkspacePageIndicatorViewModel: updateCurrentPage 0
07-08 21:03:49.290  1433  1433 I SemDvfsHyPerManager: acquire hyper - GESTURE_DETECTED/1433@23, type = -999
07-08 21:03:49.290  1433  1433 I SemDvfsHyPerManager: acquire hyper - SMOOTH_SCROLL/1433@22, type = -999
07-08 21:03:49.290   986  1070 I HYPER-HAL: [RequestManager.cpp]acquire(): Acquired ID : 1060719  [1433 / 23]    HINT : GESTURE_DETECTED    list : [TIMEOUT / 1857] 
07-08 21:03:49.292  2990  2990 I HoneySpace.WorkspacePot: Is minusone page & Is plus page false
07-08 21:03:49.292  2990  2990 I HoneySpace.WorkspacePot: Save workspace current page : 0
07-08 21:03:49.292  2990  2990 I HoneySpace.WorkspacePageIndicatorViewModel: updateCurrentRank: 0, forSync = 0
07-08 21:03:49.293  1433  1724 D BackgroundInstallControlService: Package event received: 0
07-08 21:03:49.293  3248  5721 E pageboostd: comanthropicclaude, amt 23790556 scnt 3 fcnt 0
07-08 21:03:49.293  2990  2990 I HoneySpace.WorkspacePageIndicatorViewModel: startDefaultHomeAnimation, forSync? false, rank = 0, to = 1.0
07-08 21:03:49.293  3248  5721 E pageboostd: comanthropicclaude, amt 0 scnt 0 fcnt 0
07-08 21:03:49.293  3248  5721 E pageboostd: alp end : app comanthropicclaude data_amount 23790556
07-08 21:03:49.294  2990  2990 I HoneySpace.DeletePageLayout: updateDeletePageAlpha return by not visible
07-08 21:03:49.294 31205 31283 E MQTTBypassDGWStreamGroupCallbacks.cpp: onStreamGroupError TransientError domain: MNSQUICConnection code: 0 detail: Error on socket write Operation not permitted, 
07-08 21:03:49.294  2990  2990 I HoneySpace.WorkspaceViewModel: updateDummyDefaultPageVisibility, 4
07-08 21:03:49.294  2990  2990 I HoneySpace.WorkspaceViewModel: state? com.honeyspace.sdk.HomeScreen$Normal@e4cb062, updateDeletePageVisibility, 4
07-08 21:03:49.294 31205 31283 W MQTTBypassDGWStreamGroupConnection.cpp: Restarting due to reason: StreamError
07-08 21:03:49.295  2990  2990 I HoneySpace.WorkspaceFastRecyclerView: Touch Pos(WorkspaceFastRecyclerView) : D-(418, 1936015)-M-(418, 1936033)-M-(418, 1936050)-M-(418, 1936066)-M-(417, 1936076)-D-(281, 2170345)-M-(286, 2170354)-M-(390, 2170387)-S--M-(462.4248, 2170404)-M-(545.0, 2170422)-U-(545, 2170430)-End
07-08 21:03:49.295  2990  2990 I HoneySpace.WorkspaceFastRecyclerView: resetTouchState
07-08 21:03:49.295  2990  4287 I HoneySpace.HistoryViewModel@1460836@HomeOnly: Illegal access. Unknown type. skip load history items
07-08 21:03:49.295  2990  2990 I HoneySpace.GestureInputHandler: reset
07-08 21:03:49.295  2990  2990 I HoneySpace.InputSession: close
07-08 21:03:49.295  1433  1433 I SemDvfsHyPerManager: acquire hyper - GESTURE_DETECTED/1433@23, type = -999
07-08 21:03:49.295   986  1070 I HYPER-HAL: [RequestManager.cpp]acquire(): Acquired ID : 1060719  [1433 / 23]    HINT : GESTURE_DETECTED    list : [TIMEOUT / 1857] 
