07-08 21:03:50.284  1433  3902 I WindowManager: Cancelling animation restarting=true, leash=Surface(name=Surface(name=1a4b965 NavigationBar0#72)/@0x5ed992c - animation-leash of insets_animation#1634)/@0x510b94
07-08 21:03:50.284  1433  3902 I WindowManager: Reparenting to original parent: Surface(name=WindowToken{8a1825c type=2019 android.os.BinderProxy@cc8a52e}#71)/@0xeddcff5, destroy=false, surface=Surface(name=1a4b965 NavigationBar0#72)/@0x5ed992c
07-08 21:03:50.284  1433  3902 I WindowManager: Reparenting to leash, surface=Surface(name=1a4b965 NavigationBar0#72)/@0x5ed992c, leashParent=Surface(name=WindowToken{8a1825c type=2019 android.os.BinderProxy@cc8a52e}#71)/@0xeddcff5
07-08 21:03:50.285  1065  1118 I SurfaceFlinger: id=1646 createSurf, flag=24000, Surface(name=1a4b965 NavigationBar0#72)/@0x5ed992c - animation-leash of insets_animation#1646
07-08 21:03:50.286  1433  1498 D PowerManagerService: displayReady: true groupId=0
07-08 21:03:50.286  1433  3902 D WindowManager: makeSurface duration=1 leash=Surface(name=Surface(name=1a4b965 NavigationBar0#72)/@0x5ed992c - animation-leash of insets_animation#1646)/@0xccfd4b9
07-08 21:03:50.287  1433  3902 D InsetsSourceProvider: updateControlForTarget: control=InsetsSourceControl: {d3b20001 mType=navigationBars initiallyVisible mSurfacePosition=Point(0, 2205) mInsetsHint=Insets{left=0, top=0, right=0, bottom=42}}, target=Window{5844f05 u0 Splash Screen com.fylexcon.askmemore}, from=com.android.server.wm.InsetsStateController.onControlTargetChanged:82 com.android.server.wm.InsetsPolicy.updateBarControlTarget:216 com.android.server.wm.DisplayPolicy.updateSystemBarAttributes:439 com.android.server.wm.WindowManagerService.updateFocusedWindowLocked:358 com.android.server.wm.WindowManagerService.relayoutWindow:1350 
07-08 21:03:50.287  1433  3902 D WindowManager: updateSystemBarAttributes: displayId=0, focusedCanBeNavColorWin=false, win=Window{5844f05 u0 Splash Screen com.fylexcon.askmemore}, navColorWin=Window{5844f05 u0 Splash Screen com.fylexcon.askmemore}, caller=com.android.server.wm.WindowManagerService.updateFocusedWindowLocked:358 com.android.server.wm.WindowManagerService.relayoutWindow:1350 com.android.server.wm.Session.relayout:30 
07-08 21:03:50.288  1433  3902 D WindowManager: updateSystemBarAttributes, bhv=1, apr=0, statusBarAprRegions=[AppearanceRegion{ bounds=[0,0][1080,2340]}], requestedVisibilities=503
07-08 21:03:50.288  1065  1065 I SurfaceFlinger: RequestedLayer [Task=915#1637] hidden!! flag  from(1) --> to(0)
07-08 21:03:50.288  1065  1065 I SurfaceFlinger: RequestedLayer [Transition Root: Task=915#1639] hidden!! flag  from(1) --> to(0)
07-08 21:03:50.288  1065  1065 I SurfaceFlinger: RequestedLayer [ActivityRecord{35936250 u0 com.fylexcon.askmemore/.MainActivity t915}#1638] hidden!! flag  from(1) --> to(0)
07-08 21:03:50.288  1065  1065 E SurfaceFlinger: alpha changed 1.000 -> 0.000 - Surface(name=Task=915#1637)/@0x7003b54_transition-leash#1642
07-08 21:03:50.288  1065  1065 I SurfaceFlinger: [LayerHierarchy{RequestedLayerState{Task=1#46 parentId=1643} 2 children}] reparent to LayerHierarchy{RequestedLayerState{Surface(name=Task=1#46)/@0x9ccf3f2_transition-leash#1643 parentId=1639 z=1} 1 children}
07-08 21:03:50.288  1065  1065 I SurfaceFlinger: [LayerHierarchy{RequestedLayerState{Task=915#1637 parentId=1642} 1 children}] reparent to LayerHierarchy{RequestedLayerState{Surface(name=Task=915#1637)/@0x7003b54_transition-leash#1642 parentId=1639 z=4} 1 children}
07-08 21:03:50.288  1065  1065 I SurfaceFlinger: [LayerHierarchy{RequestedLayerState{Surface(name=Task=915#1637)/@0x7003b54_transition-leash#1642 parentId=1639 z=4} 1 children}] reparent to LayerHierarchy{RequestedLayerState{Transition Root: Task=915#1639 parentId=10 z=7} 2 children}
07-08 21:03:50.288  1065  1065 I SurfaceFlinger: [LayerHierarchy{RequestedLayerState{Surface(name=Task=1#46)/@0x9ccf3f2_transition-leash#1643 parentId=1639 z=1} 1 children}] reparent to LayerHierarchy{RequestedLayerState{Transition Root: Task=915#1639 parentId=10 z=7} 2 children}
07-08 21:03:50.288  1065  1065 I SurfaceFlinger: [Splash Screen com.fylexcon.askmemore$_2499#1644] attach to parent LayerHierarchy{RequestedLayerState{5844f05 Splash Screen com.fylexcon.askmemore#1641 parentId=1638 z=2147483647} 1 children}
07-08 21:03:50.289  1065  1065 I SurfaceFlinger: [Surface(name=bcdb033 StatusBar#79)/@0x441d939 - animation-leash of insets_animation#1645] attach to parent LayerHierarchy{RequestedLayerState{WindowToken{437fba2 type=2000 android.os.BinderProxy@5732f84}#78 parentId=17} 2 children}
07-08 21:03:50.289  1065  1065 I SurfaceFlinger: [Surface(name=1a4b965 NavigationBar0#72)/@0x5ed992c - animation-leash of insets_animation#1646] attach to parent LayerHierarchy{RequestedLayerState{WindowToken{8a1825c type=2019 android.os.BinderProxy@cc8a52e}#71 parentId=30} 2 children}
07-08 21:03:50.289  1433  3902 V SystemKeyManager: updateFocusedWindow() is called, 
07-08 21:03:50.290  2990  2990 I HoneySpace.IconView: setIconVisible : visible-false, currentForceHideBadge-false, label-Ask Me More, itemId-50762
07-08 21:03:50.290  2990  2990 I HoneySpace.IconView: updateInvisibleState false APP_CLOSING current:0 new:2 label:Ask Me More itemId:50762
07-08 21:03:50.290  2990  2990 I HoneySpace.AppLaunchAnimationDelegate: hasWallpaperFlags:false
07-08 21:03:50.290  2990  2990 I HoneySpace.ContentsAnimator: from : 0.0
07-08 21:03:50.291  1433  3902 I WindowManager: Relayout hash=5844f05, pid=2499, syncId=-1: mAttrs={(0,0)(fillxfill) sim={adjust=pan} ty=APPLICATION_STARTING fmt=TRANSLUCENT wanim=0x1030307
07-08 21:03:50.291  1433  3902 I WindowManager:   fl=81030118
07-08 21:03:50.291  1433  3902 I WindowManager:   pfl=10000010
07-08 21:03:50.291  1433  3902 I WindowManager:   bhv=1
07-08 21:03:50.291  1433  3902 I WindowManager:   fitSides=0
07-08 21:03:50.291  1433  3902 I WindowManager:   frameRateBoostOnTouch=true
07-08 21:03:50.291  1433  3902 I WindowManager:   dvrrWindowFrameRateHint=true naviIconColor=0}
07-08 21:03:50.294  2499  2772 W libc    : Access denied finding property "vendor.perf.ems.egg"
07-08 21:03:50.295  2499  2772 I BLASTBufferQueue_Java: new BLASTBufferQueue, mName= VRI[askmemore]@e2f940e mNativeObject= 0xb40000736d6724c0 caller= android.view.ViewRootImpl.updateBlastSurfaceIfNeeded:3603 android.view.ViewRootImpl.relayoutWindow:11813 android.view.ViewRootImpl.performTraversals:4840 android.view.ViewRootImpl.doTraversal:3959 android.view.ViewRootImpl$TraversalRunnable.run:13034 android.view.Choreographer$CallbackRecord.run:1961 android.view.Choreographer$CallbackRecord.run:1970 android.view.Choreographer.doCallbacks:1423 android.view.Choreographer.doFrame:1348 android.view.Choreographer$FrameDisplayEventReceiver.run:1930 
07-08 21:03:50.295  2499  2772 I BLASTBufferQueue_Java: update, w= 1080 h= 2340 mName = VRI[askmemore]@e2f940e mNativeObject= 0xb40000736d6724c0 sc.mNativeObject= 0xb40000724d1fa590 format= -3 caller= android.view.ViewRootImpl.updateBlastSurfaceIfNeeded:3608 android.view.ViewRootImpl.relayoutWindow:11813 android.view.ViewRootImpl.performTraversals:4840 android.view.ViewRootImpl.doTraversal:3959 android.view.ViewRootImpl$TraversalRunnable.run:13034 android.view.Choreographer$CallbackRecord.run:1961 
07-08 21:03:50.295  2499  2772 W libc    : Access denied finding property "vendor.perf.ems.egg"
07-08 21:03:50.296  2499  2772 I VRI[askmemore]@e2f940e: Relayout returned: old=(0,0,1080,2340) new=(0,0,1080,2340) relayoutAsync=false req=(1080,2340)0 dur=25 res=0x3 s={true 0xb40000735dc07f80} ch=true seqId=0
07-08 21:03:50.296  2499  2772 I VRI[askmemore]@e2f940e: performConfigurationChange setNightDimText nightDimLevel=0
07-08 21:03:50.297  2499  2772 D VRI[askmemore]@e2f940e: mThreadedRenderer.initialize() mSurface={isValid=true 0xb40000735dc07f80} hwInitialized=true
07-08 21:03:50.297  2499  2772 D VRI[askmemore]@e2f940e: reportNextDraw android.view.ViewRootImpl.performTraversals:5507 android.view.ViewRootImpl.doTraversal:3959 android.view.ViewRootImpl$TraversalRunnable.run:13034 android.view.Choreographer$CallbackRecord.run:1961 android.view.Choreographer$CallbackRecord.run:1970 
07-08 21:03:50.298  2499  2772 D VRI[askmemore]@e2f940e: Setup new sync=wmsSync-VRI[askmemore]@e2f940e#66
07-08 21:03:50.298  2499  2772 I VRI[askmemore]@e2f940e: Creating new active sync group VRI[askmemore]@e2f940e#67
07-08 21:03:50.298  2990  2990 I HoneySpace.ContentsAnimator: ContentsAnimator start [14341654]
07-08 21:03:50.298  2990  2990 I HoneySpace.WorkspaceViewModel: StartContentAnimation, type: AppLaunch, inProgress: true
07-08 21:03:50.298  2990  2990 I HoneySpace.SystemUiRepository: systemUiFlags: allow_gesture|awake
07-08 21:03:50.300  2499  2772 D VRI[askmemore]@e2f940e: registerCallbacksForSync syncBuffer=false
07-08 21:03:50.303  2499  2816 D VRI[askmemore]@e2f940e: Received frameDrawingCallback syncResult=0 frameNum=1.
07-08 21:03:50.305  1065  1065 I SurfaceFlinger: [LayerHierarchy{RequestedLayerState{1a4b965 NavigationBar0#72 parentId=1646} 1 children}] reparent to LayerHierarchy{RequestedLayerState{Surface(name=1a4b965 NavigationBar0#72)/@0x5ed992c - animation-leash of insets_animation#1646 parentId=71} 1 children}
07-08 21:03:50.305  1065  1065 I SurfaceFlinger: [LayerHierarchy{RequestedLayerState{bcdb033 StatusBar#79 parentId=1645} 1 children}] reparent to LayerHierarchy{RequestedLayerState{Surface(name=bcdb033 StatusBar#79)/@0x441d939 - animation-leash of insets_animation#1645 parentId=78} 1 children}
07-08 21:03:50.305  2499  2816 I VRI[askmemore]@e2f940e: mWNT: t=0xb40000733d29b820 mBlastBufferQueue=0xb40000736d6724c0 fn= 1 HdrRenderState mRenderHdrSdrRatio=1.0 caller= android.view.ViewRootImpl$12.onFrameDraw:15561 android.view.ThreadedRenderer$1.onFrameDraw:751 <bottom of call stack> 
07-08 21:03:50.305  1065  1065 I SurfaceFlinger: [LayerHierarchy{RequestedLayerState{Surface(name=1a4b965 NavigationBar0#72)/@0x5ed992c - animation-leash of insets_animation#1634} no children}] reparent to OffscreenRoot
07-08 21:03:50.305  1065  1065 I SurfaceFlinger: [LayerHierarchy{RequestedLayerState{Surface(name=1a4b965 NavigationBar0#72)/@0x5ed992c - animation-leash of insets_animation#1634} no children}] RelativeParent to null
07-08 21:03:50.305  1065  1065 I SurfaceFlinger: [LayerHierarchy{RequestedLayerState{Surface(name=bcdb033 StatusBar#79)/@0x441d939 - animation-leash of insets_animation#1633} no children}] reparent to OffscreenRoot
07-08 21:03:50.305  1065  1065 I SurfaceFlinger: [LayerHierarchy{RequestedLayerState{Surface(name=bcdb033 StatusBar#79)/@0x441d939 - animation-leash of insets_animation#1633} no children}] RelativeParent to null
07-08 21:03:50.305  2499  2816 I VRI[askmemore]@e2f940e: Setting up sync and frameCommitCallback
07-08 21:03:50.306  2499  2818 I BLASTBufferQueue: [VRI[askmemore]@e2f940e#55](f:0,a:0,s:0) onFrameAvailable the first frame is available
07-08 21:03:50.307  2499  2818 I VRI[askmemore]@e2f940e: Received frameCommittedCallback lastAttemptedDrawFrameNum=1 didProduceBuffer=true
07-08 21:03:50.307  2499  2818 D HWUI    : CFMS:: SetUp Pid : 2499    Tid : 2818
07-08 21:03:50.307  2499  2772 D VRI[askmemore]@e2f940e: reportDrawFinished seqId=0
07-08 21:03:50.308  2990   364 I HoneySpace.HistoryViewModel@1460836@HomeOnly: Illegal access. Unknown type. skip load history items
07-08 21:03:50.308  1433  1997 D WindowManager: finishDrawingWindow: Window{5844f05 u0 Splash Screen com.fylexcon.askmemore} mDrawState=DRAW_PENDING seqId=0
07-08 21:03:50.308  1065  1118 I SurfaceFlinger: [Splash Screen com.fylexcon.askmemore$_2499#1644] setTransactionState with the first frame. bufferData(ID: 10733123273663, frameNumber: 1)
07-08 21:03:50.310  1433  1997 V WindowManager: Finishing drawing window Window{5844f05 u0 Splash Screen com.fylexcon.askmemore}: mDrawState=DRAW_PENDING
07-08 21:03:50.310  1433  1997 V WindowManager: Draw state now committed in Window{5844f05 u0 Splash Screen com.fylexcon.askmemore}
07-08 21:03:50.310 31205 31361 E msys    : E[N mns:DGWClient]_LogError(328)=>Failed to resolve using system DNS resolver, getaddrinfo(): No address associated with hostname
07-08 21:03:50.313  1433  1800 D NetdEventListenerService: DNS Requested by 100, 10317(com.instagram.android), 4(FAIL), isBlocked=true, 0ms
07-08 21:03:50.313  1433  3882 I WindowManager: Reparenting to leash, surface=Surface(name=RemoteWallpaperAnim:1:1#7)/@0xaba4c34, leashParent=Surface(name=OneHanded:0:14#4)/@0x8c27a5d
07-08 21:03:50.314  5738  5738 W SoLoader: Initializing SoLoader: 0
07-08 21:03:50.314  1065  1290 I SurfaceFlinger: id=1647 createSurf, flag=24000, Surface(name=RemoteWallpaperAnim:1:1#7)/@0xaba4c34 - animation-leash of remote_wallpaper#1647
07-08 21:03:50.314  3901  3915 I SDHMS:k : onTaskStackChanged
07-08 21:03:50.314  5738  5738 W SoLoader: Recording new base apk path: /data/app/~~mauTsP72Lh_FDR0OYOPcrQ==/com.fylexcon.askmemore-RkqREJ78gQ8f2DUBGT-B9A==/base.apk
07-08 21:03:50.314  5738  5738 W SoLoader: Previously recorded 0 base apk paths.
07-08 21:03:50.314  3901  4233 I SDHMS:k : no app is Resumed!!! mResumedPackages.size = 0
07-08 21:03:50.315  5738  5738 I SoLoader: Preparing SO source: DirectorySoSource[root = /vendor/lib64 flags = 2]
07-08 21:03:50.315  5738  5738 I SoLoader: Preparing SO source: DirectorySoSource[root = /system/lib64 flags = 2]
07-08 21:03:50.315  5738  5738 I SoLoader: Preparing SO source: DirectApkSoSource[root = [/data/app/~~mauTsP72Lh_FDR0OYOPcrQ==/com.fylexcon.askmemore-RkqREJ78gQ8f2DUBGT-B9A==/base.apk!/lib/arm64-v8a]]
07-08 21:03:50.315  1433  3882 D WindowManager: makeSurface duration=3 leash=Surface(name=Surface(name=RemoteWallpaperAnim:1:1#7)/@0xaba4c34 - animation-leash of remote_wallpaper#1647)/@0x76b3c57
07-08 21:03:50.316  1433  3882 D WindowManager: startAnimation for remote wallpaper, leash=Surface(name=Surface(name=RemoteWallpaperAnim:1:1#7)/@0xaba4c34 - animation-leash of remote_wallpaper#1647)/@0x76b3c57
07-08 21:03:50.316  2990  3074 I HoneySpace.RecentTasks: onRecentTasksChanged l:135031692
07-08 21:03:50.317  1433  3882 D WindowManager: startRemoteWallpaperAnimation, d=0, leash=Surface(name=Surface(name=RemoteWallpaperAnim:1:1#7)/@0xaba4c34 - animation-leash of remote_wallpaper#1647)/@0x76b3c57
07-08 21:03:50.318  5738  5738 I SoLoader: Preparing SO source: ApplicationSoSource[DirectorySoSource[root = /data/app/~~mauTsP72Lh_FDR0OYOPcrQ==/com.fylexcon.askmemore-RkqREJ78gQ8f2DUBGT-B9A==/lib/arm64 flags = 0]]
07-08 21:03:50.318  5738  5738 I SoLoader: init finish: 4 SO sources prepared
07-08 21:03:50.318  5738  5738 W SoLoader: SoLoader initialized: 8
07-08 21:03:50.320  2990  2990 I HoneySpace.Player: [Player:A(50.134)] container x: 46.447453, y: 507.5562, scale : 0.44714317
07-08 21:03:50.321  2990  3050 I HoneySpace.TaskbarEventTracker: invokeEvent() called with: event = SystemUiStateChanged(stateFlags=268566528, displayId=0)
07-08 21:03:50.322  1065  1065 I SurfaceFlinger: [Surface(name=RemoteWallpaperAnim:1:1#7)/@0xaba4c34 - animation-leash of remote_wallpaper#1647] attach to parent LayerHierarchy{RequestedLayerState{OneHanded:0:14#4 parentId=3} 4 children}
07-08 21:03:50.323  1433  3882 V WindowManager: Computed rotation=ROTATION_0 (0) for display id=0 based on lastOrientation=SCREEN_ORIENTATION_PORTRAIT (1) and oldRotation=ROTATION_0 (0), caller=com.android.server.wm.DisplayRotation.updateOrientation:86 com.android.server.wm.DisplayContent.updateOrientation:41 com.android.server.wm.DisplayContent.updateOrientationAndComputeConfig:43 com.android.server.wm.RootWindowContainer.ensureVisibilityAndConfig:7 com.android.server.wm.ActivityTaskSupervisor.realStartActivityLocked:182 com.android.server.wm.RootWindowContainer.attachApplication:100 
07-08 21:03:50.323  1433  3882 D SGM:FgCheckThread: notifyAppCreated(), packageName: com.fylexcon.askmemore, userId: 0, sendRet: true
07-08 21:03:50.324  2990  2990 I HoneySpace.Player: [Player:A(50.134)] container x: 23.622265, y: 258.13315, scale : 0.71882784
07-08 21:03:50.324  2990  4439 I VRI[LauncherActivity]@11b5082: mWNT: t=0xb40000733d17c2e0 mBlastBufferQueue=0xb40000736d6f8d20 fn= 115 HdrRenderState mRenderHdrSdrRatio=1.0 caller= com.android.systemui.shared.launcher.ViewRootImplCompat.mergeWithNextTransaction:4 com.honeyspace.transition.utils.SurfaceTransactionApplier.scheduleApply$lambda$1:16 com.honeyspace.transition.utils.SurfaceTransactionApplier.b:0 
07-08 21:03:50.325  1433  3882 D SGM:FgCheckThread: TaskStackListener.onTaskFocusChanged(), taskId=901, focused=false
07-08 21:03:50.325  1433  3882 D SGM:FgCheckThread: TaskStackListener.onTaskFocusChanged(), taskId=915, focused=true
07-08 21:03:50.325  1433  1613 D SGM:FgCheckThread: onLooperPrepared(), msg: MSG_APP_CREATE, pkgName: com.fylexcon.askmemore, userId: 0
07-08 21:03:50.325  1433  3882 D SGM:FgCheckThread:   sendRunningComponentFocus(), pkgName: com.fylexcon.askmemore, userId: 0
07-08 21:03:50.325  1433  1613 D SGM:FgCheckThread: onLooperPrepared(), msg: MSG_TASK_FOCUSED, pkgName: com.fylexcon.askmemore, userId: 0
07-08 21:03:50.326  1433  3882 D InputDispatcher: Focused application(0): ActivityRecord{35936250 u0 com.fylexcon.askmemore/.MainActivity t915}
07-08 21:03:50.326  1433  1613 D SGM:FgCheckThread: handleTaskFocused().
07-08 21:03:50.326  1433  1613 D SGM:FgCheckThread:   handleTaskFocused(), pkgName: com.fylexcon.askmemore, userID:0
07-08 21:03:50.326  1433  1613 D SGM:FgCheckThread: handleResume().
07-08 21:03:50.326  1433  1613 D SGM:FgCheckThread: sendFocusOutConditionally() - mPrevNotiPkg: (unknown), userId: 0
07-08 21:03:50.326  1433  1613 D SGM:FgCheckThread:   handleResume(). pkgName: com.fylexcon.askmemore, userId: 0, category: non-game
07-08 21:03:50.326  1433  1613 D SGM:FgCheckThread: notifyFocusInOut(). of pkg: com.fylexcon.askmemore, type: 4, isSecGameFamily: false, userId: 0
07-08 21:03:50.326  1433  1613 D SGM:FgCheckThread:   notifyFocusInOut(). unexpected mPrevNotiType: -1
07-08 21:03:50.326  1433  1613 D SGM:SystemHelper: callReleaseBlock needReleaseBlock:false
07-08 21:03:50.326  1433  3882 D ActivityTaskManager: scheduleTopResumedActivityChanged, onTop=true, r=ActivityRecord{35936250 u0 com.fylexcon.askmemore/.MainActivity t915}, caller=com.android.server.wm.ActivityTaskSupervisor.scheduleTopResumedActivityStateIfNeeded:18 com.android.server.wm.ActivityTaskSupervisor.updateTopResumedActivityIfNeeded:94 com.android.server.wm.TaskFragment.setResumedActivity:29 com.android.server.wm.ActivityRecord.setState:100 com.android.server.wm.ActivityTaskSupervisor.realStartActivityLocked:533 com.android.server.wm.RootWindowContainer.attachApplication:100 
07-08 21:03:50.329  1433  1456 I ActivityManager: Changes in 10051 7 to 2, 384 to 511
07-08 21:03:50.329  1433  1457 V WindowManager: performShowLocked: mDrawState=HAS_DRAWN in Window{5844f05 u0 Splash Screen com.fylexcon.askmemore}
07-08 21:03:50.330  1433  3957 D GraphicsStatsService: requestRenderEngineFor(com.fylexcon.askmemore)
07-08 21:03:50.331  5738  5738 D ActivityThread: com.fylexcon.askmemore will use render engine as VK
07-08 21:03:50.331  5738  5738 D HWUI    : HWUI - treat SMPTE_170M as sRGB
07-08 21:03:50.333  1433  1714 I CocktailBarManagerServiceContainer: handleMessage: entry what = 5
07-08 21:03:50.333  1433  1714 I CocktailBarManagerServiceImpl: noteResumeComponent : no active host
07-08 21:03:50.333  5738  5756 I DisplayManager: Choreographer implicitly registered for the refresh rate.
07-08 21:03:50.335  5738  5756 D HWUI    : CacheManager constructor. deviceInfo=(1080, 1920)
07-08 21:03:50.335  1433  1724 D BackgroundInstallControlService: Package event received: 0
07-08 21:03:50.335  2499  2685 V ShellTaskOrganizer: Task appeared taskId=915 listener=FullscreenTaskListener
07-08 21:03:50.335  2499  2685 V ShellTaskOrganizer: Fullscreen Task Appeared: #915
07-08 21:03:50.336  2990   364 I HoneySpace.RecentTasks: onRunningTaskAppeared
07-08 21:03:50.338  1433  1689 D AS.MultiSoundManager: mForegroundUid = 10051
07-08 21:03:50.339  1433  1724 D BackgroundInstallControlService: Package event received: 0
07-08 21:03:50.341  2990   364 I HoneySpace.HistoryViewModel@1460836@HomeOnly: Illegal access. Unknown type. skip load history items
07-08 21:03:50.345  2990  3074 I HoneySpace.RecentTasks: onRecentTasksChanged l:135031692
07-08 21:03:50.347  1433  1433 I GestureDetector: handleMessage TAP
07-08 21:03:50.348  5738  5738 D DesktopExperienceFlags: Toggle override initialized to: false
07-08 21:03:50.351 22827 22827 I caww    : onPause
07-08 21:03:50.353  5738  5738 D AppCompatDelegate: Checking for metadata for AppLocalesMetadataHolderService : Service not found
07-08 21:03:50.356  2499  2499 I {OngoingActivityController}: onTaskFocusChanged but OA data is empty
07-08 21:03:50.356  2990  4439 I VRI[LauncherActivity]@11b5082: mWNT: t=0xb40000733d2196e0 mBlastBufferQueue=0xb40000736d6f8d20 fn= 116 HdrRenderState mRenderHdrSdrRatio=1.0 caller= com.android.systemui.shared.launcher.ViewRootImplCompat.mergeWithNextTransaction:4 com.honeyspace.transition.utils.SurfaceTransactionApplier.scheduleApply$lambda$1:16 com.honeyspace.transition.utils.SurfaceTransactionApplier.b:0 
07-08 21:03:50.356  1433  1454 D SGM:GameManager: identifyForegroundApp. com.fylexcon.askmemore, mCurrentUserId: 0, callerUserId: 0
07-08 21:03:50.356  1433  1454 D SGM:SemGameManager: isForegroundGame(), ret=false
07-08 21:03:50.356  2990  2990 I HoneySpace.Player: [Player:A(50.134)] container x: 6.9151487, y: 75.56554, scale : 0.91769004
07-08 21:03:50.357  1433  1724 D BackgroundInstallControlService: Package event received: 0
07-08 21:03:50.357  2499  2772 I InsetsSourceConsumer: applyRequestedVisibilityToControl: visible=true, type=statusBars, host=Splash Screen com.fylexcon.askmemore
07-08 21:03:50.358  2499  2772 I InsetsSourceConsumer: applyRequestedVisibilityToControl: visible=true, type=navigationBars, host=Splash Screen com.fylexcon.askmemore
07-08 21:03:50.359  1433  1457 I SurfaceControl: apply, lowDebugName=startRemoteWallpaperAnimation_238169133, caller=android.view.SurfaceControl$Transaction.apply:3569 android.view.SurfaceControl$Transaction.apply:3519 com.android.server.wm.WindowAnimator.animate:468 com.android.server.wm.WindowAnimator$$ExternalSyntheticLambda1.doFrame:14 android.view.Choreographer$CallbackRecord.run:1959 android.view.Choreographer$CallbackRecord.run:1970 
07-08 21:03:50.359 25375 25417 I Rubin   : [69] R0.e.s(Unknown Source) : Notify com.samsung.android.rubin.inferenceengine.contextanalytics.engine.loggers.AppUsageLogger's database is updated.
07-08 21:03:50.362  1433  1454 D PkgPredictorService-SecIpmManagerServiceImpl: onForegroundActivitiesChanged pid:5738 uid:10051
07-08 21:03:50.363  1433  1454 D SGM:GameManager: identifyForegroundApp. com.fylexcon.askmemore, mCurrentUserId: 0, callerUserId: 0
07-08 21:03:50.363  1433  1454 D SGM:SemGameManager: isForegroundGame(), ret=false
07-08 21:03:50.363  1433  1454 D NetworkPolicy: already checked 10051
07-08 21:03:50.364  1040  4740 V APM_AudioPolicyManager: setAppState(portId:123, state:1)
07-08 21:03:50.364  1433  1454 I GestureDetector: handleMessage TAP
07-08 21:03:50.364  5738  5738 E ashmem  : Pinning is deprecated since Android Q. Please use trim or other methods.
07-08 21:03:50.366  3901  7743 I SDHMS:k : handleResumeComponent : put = com.fylexcon.askmemore, userid = 0 instanceid =31756296
07-08 21:03:50.367  1433  1456 D SGM:FgCheckThread: noteResumeComponent(), received pkgName: com.fylexcon.askmemore, userId: 0
07-08 21:03:50.367  1433  1613 D SGM:FgCheckThread: onLooperPrepared(), msg: MSG_APP_RESUME, pkgName: com.fylexcon.askmemore, userid: 0
07-08 21:03:50.367  1433  1613 D SGM:FgCheckThread: handleResume().
07-08 21:03:50.367  1433  1613 D SGM:FgCheckThread: sendFocusOutConditionally() - mPrevNotiPkg: (unknown), userId: 0
07-08 21:03:50.367  1433  1613 D SGM:FgCheckThread:   handleResume(). pkgName: com.fylexcon.askmemore, userId: 0, category: non-game
07-08 21:03:50.367  1433  1613 D SGM:FgCheckThread: notifyFocusInOut(). of pkg: com.fylexcon.askmemore, type: 4, isSecGameFamily: false, userId: 0
07-08 21:03:50.367  1433  1613 D SGM:FgCheckThread:   notifyFocusInOut(). unexpected mPrevNotiType: -1
07-08 21:03:50.367  1433  1613 D SGM:SystemHelper: callReleaseBlock needReleaseBlock:false
07-08 21:03:50.369  1433  4065 D SGM:GameManager: identifyGamePackage. com.fylexcon.askmemore, mCurrentUserId: 0, callingMethodInfo: com.samsung.android.game.IGameManagerService$Stub.onTransact(IGameManagerService.java:247)
07-08 21:03:50.369  1433  1644 V NetworkPolicy: getFirewallRuleMobileData UID:10051 policy:0
07-08 21:03:50.372  1065  1065 I SurfaceFlinger: RequestedLayer [Splash Screen com.fylexcon.askmemore$_2499#1644] hidden!! flag  from(1) --> to(0)
07-08 21:03:50.372  1065  1065 I SurfaceFlinger: [LayerHierarchy{RequestedLayerState{RemoteWallpaperAnim:1:1#7 parentId=1647 z=1} 1 children}] reparent to LayerHierarchy{RequestedLayerState{Surface(name=RemoteWallpaperAnim:1:1#7)/@0xaba4c34 - animation-leash of remote_wallpaper#1647 parentId=4} 1 children}
07-08 21:03:50.376  1433  1724 D BackgroundInstallControlService: Package event received: 0
07-08 21:03:50.379  1433  1456 D WindowManager: mRunner#onAnimationStart for remote wallpaper=[android.view.RemoteAnimationTarget@905d2e3], transaction=startRemoteWallpaperAnimation_238169133
07-08 21:03:50.380  2990  4332 I HoneySpace.WallpaperAnimator: onAnimationStart, wallpapers: Surface(name=Surface(name=RemoteWallpaperAnim:1:1#7)/@0xaba4c34 - animation-leash of remote_wallpaper#1647)/@0xc9c4cab
07-08 21:03:50.380  5738  5738 D DesktopModeFlags: Toggle override initialized to: OVERRIDE_UNSET
07-08 21:03:50.381 25375 25417 I Rubin   : [69] com.samsung.android.rubin.inferenceengine.contextanalytics.engine.monitors.moment.exercise.ExercisingWithCmhMonitor.isSatisfiedByCmh(Unknown Source) : isSatisfiedByCmh is false
07-08 21:03:50.383  5738  5738 I DecorView: setWindowBackground: isPopOver=false color=fffafafa d=android.graphics.drawable.ColorDrawable@7169ae9
07-08 21:03:50.384  2990  3308 I HoneySpace.HistoryViewModel@1460836@HomeOnly: Illegal access. Unknown type. skip load history items
07-08 21:03:50.387  2990  4439 I VRI[LauncherActivity]@11b5082: mWNT: t=0xb40000733d1f64f0 mBlastBufferQueue=0xb40000736d6f8d20 fn= 117 HdrRenderState mRenderHdrSdrRatio=1.0 caller= com.android.systemui.shared.launcher.ViewRootImplCompat.mergeWithNextTransaction:4 com.honeyspace.transition.utils.SurfaceTransactionApplier.scheduleApply$lambda$1:16 com.honeyspace.transition.utils.SurfaceTransactionApplier.b:0 
07-08 21:03:50.388  1065  1290 I SurfaceFlinger: id=1633 Removed Surface(name=bcdb033 StatusBar#79)/@0x441d939 - animation-leash of insets_animation#1633 (141)
07-08 21:03:50.388  2990  3046 I HoneySpace.TopTaskSource: onTaskFocusChanged(): taskId = 915
07-08 21:03:50.388  1065  1290 I SurfaceFlinger: id=1634 Removed Surface(name=1a4b965 NavigationBar0#72)/@0x5ed992c - animation-leash of insets_animation#1634 (141)
07-08 21:03:50.388  2990  2990 I HoneySpace.Player: [Player:A(50.134)] container x: 2.7184384, y: 29.705833, scale : 0.9676429
07-08 21:03:50.388  1065  1065 E SurfaceFlinger: alpha changed 0.000 -> 0.904 - Surface(name=Task=915#1637)/@0x7003b54_transition-leash#1642
07-08 21:03:50.388  1065  1065 I SurfaceFlinger: destroyed Surface(name=1a4b965 NavigationBar0#72)/@0x5ed992c - animation-leash of insets_animation#1634
07-08 21:03:50.388  1065  1065 I SurfaceFlinger: destroyed Surface(name=bcdb033 StatusBar#79)/@0x441d939 - animation-leash of insets_animation#1633
07-08 21:03:50.390  1065  1065 I SurfaceFlinger: id=1634 Destroyed Surface(name=1a4b965 NavigationBar0#72)/@0x5ed992c - animation-leash of insets_animation#1634
07-08 21:03:50.390  1065  1065 I SurfaceFlinger: id=1633 Destroyed Surface(name=bcdb033 StatusBar#79)/@0x441d939 - animation-leash of insets_animation#1633
07-08 21:03:50.397  5738  5738 W SoLoader: SoLoader already initialized
07-08 21:03:50.398  1065  1065 D SurfaceFlinger: Display 4633128672291735931 HWC layers:
07-08 21:03:50.398  1065  1065 D SurfaceFlinger:        DEVICE |           10733123272704 | 00000100 | RGBA_8888    |    0.0    0.0 1080.0 2340.0 |    0    0 1080 2340 | Wallpaper BBQ wrapper 7_systemlock#67 (1)
07-08 21:03:50.398  1065  1065 D SurfaceFlinger:        DEVICE |           12841952215212 | 00002100 | RGBA_8888    |    0.0    0.0 1080.0 2340.0 |    0    0 1080 2340 | com.sec.android.app.launcher/com.sec[...]tivities.LauncherActivity$_2990#1628 (116)
07-08 21:03:50.398  1065  1065 D SurfaceFlinger:        CLIENT |           10733123273663 | 00002100 | RGBA_8888    |    0.0    0.0 1080.0 2233.0 |   24  258  800 1863 | Splash Screen com.fylexcon.askmemore$_2499#1644 (1)
07-08 21:03:50.398  1065  1065 D SurfaceFlinger:        DEVICE |           10733123273553 | 00002100 | RGBA_8888    |    0.0    0.0 1080.0   77.0 |    0    0 1080   77 | StatusBar$_2499#86 (1333)
07-08 21:03:50.398  1065  1065 D SurfaceFlinger:        DEVICE |           10733123273564 | 00002100 | RGBA_8888    |    0.0    0.0 1080.0  135.0 |    0 2205 1080 2340 | NavigationBar0$_2499#82 (407)
07-08 21:03:50.398  1065  1065 D SurfaceFlinger: 
07-08 21:03:50.412   981  1036 I SensorsGrip: [grip_sensor] readEvents: GripSensor: grip 1ch data = RELEASE
07-08 21:03:50.413   981  1036 I SensorsGrip: [grip_sensor] readEvents: GripSensor: grip 1ch unknown UNKNOWN MODE
07-08 21:03:50.415  5738  5738 D nativeloader: Load /data/app/~~mauTsP72Lh_FDR0OYOPcrQ==/com.fylexcon.askmemore-RkqREJ78gQ8f2DUBGT-B9A==/base.apk!/lib/arm64-v8a/libc++_shared.so using class loader ns clns-9 (caller=/data/app/~~mauTsP72Lh_FDR0OYOPcrQ==/com.fylexcon.askmemore-RkqREJ78gQ8f2DUBGT-B9A==/base.apk!classes2.dex): ok
07-08 21:03:50.417  2990  2990 I HoneySpace.WallpaperAnimator: startWallpaperAnimation, isOpen-true, from:1.0, to:1.3, duration:200, startFromLock=false
07-08 21:03:50.417  2990  4439 I VRI[LauncherActivity]@11b5082: mWNT: t=0xb40000733d21c2d0 mBlastBufferQueue=0xb40000736d6f8d20 fn= 118 HdrRenderState mRenderHdrSdrRatio=1.0 caller= com.android.systemui.shared.launcher.ViewRootImplCompat.mergeWithNextTransaction:4 com.honeyspace.transition.utils.SurfaceTransactionApplier.scheduleApply$lambda$1:16 com.honeyspace.transition.utils.SurfaceTransactionApplier.b:0 
07-08 21:03:50.417  2990  2990 I HoneySpace.WallpaperAnimator: wallpaper animation start [215025799]
07-08 21:03:50.417  1433  1638 I MotionRecognitionService: [SAR] A96T3X6 Grip sensor onSensorChanged : 5.0 , 5.0 , 0.0 , 300.0 , 300.0
07-08 21:03:50.417  1433  1638 I MotionRecognitionService: [SAR] A96T3X6 Grip sensor setUnknownMode channel: 0 , state: 300
07-08 21:03:50.418  2990  2990 I HoneySpace.Player: [Player:A(50.134)] container x: 1.701268, y: 18.590668, scale : 0.97975
07-08 21:03:50.422  2990  2990 I HoneySpace.Player: [Player:A(50.134)] container x: 1.0958385, y: 11.974814, scale : 0.9869565
07-08 21:03:50.423  2990  4438 I VRI[LauncherActivity]@11b5082: mWNT: t=0xb40000733d1c9a60 mBlastBufferQueue=0xb40000736d6f8d20 fn= 119 HdrRenderState mRenderHdrSdrRatio=1.0 caller= com.android.systemui.shared.launcher.ViewRootImplCompat.mergeWithNextTransaction:4 com.honeyspace.transition.utils.SurfaceTransactionApplier.scheduleApply$lambda$1:16 com.honeyspace.transition.utils.SurfaceTransactionApplier.b:0 
07-08 21:03:50.423  5738  5738 D nativeloader: Load /data/app/~~mauTsP72Lh_FDR0OYOPcrQ==/com.fylexcon.askmemore-RkqREJ78gQ8f2DUBGT-B9A==/base.apk!/lib/arm64-v8a/libjsi.so using class loader ns clns-9 (caller=/data/app/~~mauTsP72Lh_FDR0OYOPcrQ==/com.fylexcon.askmemore-RkqREJ78gQ8f2DUBGT-B9A==/base.apk!classes2.dex): ok
07-08 21:03:50.424  1065  1065 D SurfaceFlinger: GPIS:: requestGpisForClientComposition
07-08 21:03:50.427  2990  4439 I VRI[LauncherActivity]@11b5082: mWNT: t=0xb40000733d2135c0 mBlastBufferQueue=0xb40000736d6f8d20 fn= 120 HdrRenderState mRenderHdrSdrRatio=1.0 caller= com.android.systemui.shared.launcher.ViewRootImplCompat.mergeWithNextTransaction:4 com.honeyspace.transition.utils.SurfaceTransactionApplier.scheduleApply$lambda$1:16 com.honeyspace.transition.utils.SurfaceTransactionApplier.b:0 
07-08 21:03:50.428   659   659 D io_stats: !@   8,0 r 2086507 41999157 w 213512 2849656 d 67809 2361708 f 0 17529 iot 710680 0 th 0 0 0 pt 0 inp 0 0 2171.563
07-08 21:03:50.430  5738  5738 D nativeloader: Load /data/app/~~mauTsP72Lh_FDR0OYOPcrQ==/com.fylexcon.askmemore-RkqREJ78gQ8f2DUBGT-B9A==/base.apk!/lib/arm64-v8a/libfbjni.so using class loader ns clns-9 (caller=/data/app/~~mauTsP72Lh_FDR0OYOPcrQ==/com.fylexcon.askmemore-RkqREJ78gQ8f2DUBGT-B9A==/base.apk!classes2.dex): ok
07-08 21:03:50.433  1433  1638 I MotionRecognitionService: [SAR] BATCH CLEAR [ MAINTUNERGRIP1CH ]  (2000000) 
07-08 21:03:50.436  5738  5738 D nativeloader: Load /data/app/~~mauTsP72Lh_FDR0OYOPcrQ==/com.fylexcon.askmemore-RkqREJ78gQ8f2DUBGT-B9A==/base.apk!/lib/arm64-v8a/libhermes.so using class loader ns clns-9 (caller=/data/app/~~mauTsP72Lh_FDR0OYOPcrQ==/com.fylexcon.askmemore-RkqREJ78gQ8f2DUBGT-B9A==/base.apk!classes2.dex): ok
07-08 21:03:50.439  2990  2990 I HoneySpace.Player: [Player:A(50.134)] container x: 0.6688805, y: 7.309216, scale : 0.9920384
07-08 21:03:50.441  2990  4438 I VRI[LauncherActivity]@11b5082: mWNT: t=0xb40000733d182650 mBlastBufferQueue=0xb40000736d6f8d20 fn= 121 HdrRenderState mRenderHdrSdrRatio=1.0 caller= com.android.systemui.shared.launcher.ViewRootImplCompat.mergeWithNextTransaction:4 com.honeyspace.transition.utils.SurfaceTransactionApplier.scheduleApply$lambda$1:16 com.honeyspace.transition.utils.SurfaceTransactionApplier.b:0 
07-08 21:03:50.455  2990  2990 I HoneySpace.Player: [Player:A(50.134)] container x: 0.3882367, y: 4.2424707, scale : 0.99537885
07-08 21:03:50.457  2990  4439 I VRI[LauncherActivity]@11b5082: mWNT: t=0xb40000733d1dd040 mBlastBufferQueue=0xb40000736d6f8d20 fn= 122 HdrRenderState mRenderHdrSdrRatio=1.0 caller= com.android.systemui.shared.launcher.ViewRootImplCompat.mergeWithNextTransaction:4 com.honeyspace.transition.utils.SurfaceTransactionApplier.scheduleApply$lambda$1:16 com.honeyspace.transition.utils.SurfaceTransactionApplier.b:0 
07-08 21:03:50.458  1433  1444 I system_server: Background concurrent mark compact GC freed 18MB AllocSpace bytes, 146(3976KB) LOS objects, 16% free, 121MB/145MB, paused 8.273ms,10.081ms total 1.244s
07-08 21:03:50.466  5738  5738 D nativeloader: Load /data/app/~~mauTsP72Lh_FDR0OYOPcrQ==/com.fylexcon.askmemore-RkqREJ78gQ8f2DUBGT-B9A==/base.apk!/lib/arm64-v8a/libreactnative.so using class loader ns clns-9 (caller=/data/app/~~mauTsP72Lh_FDR0OYOPcrQ==/com.fylexcon.askmemore-RkqREJ78gQ8f2DUBGT-B9A==/base.apk!classes2.dex): ok
07-08 21:03:50.467  5738  5738 D jni_lib_merge: Entering merged library JNI_OnLoad.
07-08 21:03:50.467  5738  5738 D jni_lib_merge: Preparing 12 pre-merged libs (including stub)
07-08 21:03:50.467  5738  5738 D jni_lib_merge: Preparing to register libfabricjni_so.  onload_func: 0x714d62b2c0
07-08 21:03:50.467  5738  5738 D jni_lib_merge: Preparing to register libmapbufferjni_so.  onload_func: 0x714d676588
07-08 21:03:50.467  5738  5738 D jni_lib_merge: Preparing to register libreact_devsupportjni_so.  onload_func: 0x714d6edbf0
07-08 21:03:50.467  5738  5738 D jni_lib_merge: Preparing to register libreact_featureflagsjni_so.  onload_func: 0x714d6f4b40
07-08 21:03:50.467  5738  5738 D jni_lib_merge: Preparing to register libreact_newarchdefaults_so.  onload_func: 0x714d717e0c
07-08 21:03:50.467  5738  5738 D jni_lib_merge: Preparing to register libreactnativeblob_so.  onload_func: 0x714d7a0200
07-08 21:03:50.467  5738  5738 D jni_lib_merge: Preparing to register libreactnativejni_so.  onload_func: 0x714d7beb48
07-08 21:03:50.467  5738  5738 D jni_lib_merge: Preparing to register librninstance_so.  onload_func: 0x714d7d8d4c
07-08 21:03:50.467  5738  5738 D jni_lib_merge: Preparing to register libturbomodulejsijni_so.  onload_func: 0x714d8380a0
07-08 21:03:50.467  5738  5738 D jni_lib_merge: Preparing to register libuimanagerjni_so.  onload_func: 0x714d83f918
07-08 21:03:50.467  5738  5738 D jni_lib_merge: Preparing to register libyoga_so.  onload_func: 0x714d844bc8
07-08 21:03:50.467  5738  5738 D jni_lib_merge: About to register 11 actual methods.
07-08 21:03:50.468  5738  5738 D nativeloader: Load /data/app/~~mauTsP72Lh_FDR0OYOPcrQ==/com.fylexcon.askmemore-RkqREJ78gQ8f2DUBGT-B9A==/base.apk!/lib/arm64-v8a/libhermestooling.so using class loader ns clns-9 (caller=/data/app/~~mauTsP72Lh_FDR0OYOPcrQ==/com.fylexcon.askmemore-RkqREJ78gQ8f2DUBGT-B9A==/base.apk!classes2.dex): ok
07-08 21:03:50.468  5738  5738 D jni_lib_merge: Entering merged library JNI_OnLoad.
07-08 21:03:50.468  5738  5738 D jni_lib_merge: Preparing 4 pre-merged libs (including stub)
07-08 21:03:50.468  5738  5738 D jni_lib_merge: Preparing to register libhermes_executor_so.  onload_func: 0x71f58aa780
07-08 21:03:50.468  5738  5738 D jni_lib_merge: Preparing to register libhermesinstancejni_so.  onload_func: 0x71f58b1178
07-08 21:03:50.468  5738  5738 D jni_lib_merge: Preparing to register libjsijniprofiler_so.  onload_func: 0x71f58b1834
07-08 21:03:50.468  5738  5738 D jni_lib_merge: About to register 3 actual methods.
07-08 21:03:50.469  5738  5738 W SoLoader: SoLoader already initialized
07-08 21:03:50.472  2990  2990 I HoneySpace.Player: [Player:A(50.134)] container x: 0.20954311, y: 2.28979, scale : 0.9975058
07-08 21:03:50.474  2990  4438 I VRI[LauncherActivity]@11b5082: mWNT: t=0xb40000733d1ba540 mBlastBufferQueue=0xb40000736d6f8d20 fn= 123 HdrRenderState mRenderHdrSdrRatio=1.0 caller= com.android.systemui.shared.launcher.ViewRootImplCompat.mergeWithNextTransaction:4 com.honeyspace.transition.utils.SurfaceTransactionApplier.scheduleApply$lambda$1:16 com.honeyspace.transition.utils.SurfaceTransactionApplier.b:0 
07-08 21:03:50.474  2990  5770 I HoneySpace.Player: Transaction committed! targetRect-RectF(0.20954311, 2.28979, 1077.5159, 2335.7698)
07-08 21:03:50.480  1433  1498 D PowerManagerService: displayReady: false groupId=0
07-08 21:03:50.481  1433  1498 D DisplayPowerController[0]: animateScreenStateChange: target=ON, mIsEnabled=true
07-08 21:03:50.482  1433  1498 D DisplayPowerController[0]: putAutoBrightnessTransitionTime: transitionTime=0
07-08 21:03:50.484  1433  1498 D PowerManagerService: displayReady: true groupId=0
07-08 21:03:50.489  2990  2990 I HoneySpace.Player: [Player:A(50.134)] container x: 0.10591078, y: 1.1573439, scale : 0.9987393
07-08 21:03:50.490  2990  4439 I VRI[LauncherActivity]@11b5082: mWNT: t=0xb40000733d199aa0 mBlastBufferQueue=0xb40000736d6f8d20 fn= 124 HdrRenderState mRenderHdrSdrRatio=1.0 caller= com.android.systemui.shared.launcher.ViewRootImplCompat.mergeWithNextTransaction:4 com.honeyspace.transition.utils.SurfaceTransactionApplier.scheduleApply$lambda$1:16 com.honeyspace.transition.utils.SurfaceTransactionApplier.b:0 
07-08 21:03:50.494  1433  1675 D MdnieScenarioControlService:  packageName : com.fylexcon.askmemore    className : com.fylexcon.askmemore.MainActivity
07-08 21:03:50.494  1433  1675 V MdnieScenarioControlService: setUIMode from UI function(3)
07-08 21:03:50.497  5738  5738 I ViewRootImpl: dVRR is disabled
07-08 21:03:50.498  5738  5738 D HardwareRenderer: onDisplayChanged. displayId=0 current wxh=1080x2340 mLargest wxh=0x0
07-08 21:03:50.498  5738  5738 D HardwareRenderer: Set largestWidth and largestHeight as logical resolution. (1080x2340)
07-08 21:03:50.498  5738  5756 D HWUI    : setMaxSurfaceArea requested wxh=(1080,2340) requestedSurfaceArea(2527200) mMaxSurfaceArea(2073600)
07-08 21:03:50.499  5738  5756 D NativeCustomFrequencyManager: [NativeCFMS] BpCustomFrequencyManager::BpCustomFrequencyManager()
07-08 21:03:50.503  1433  1881 D InputTransport: Input channel constructed: '68db237', fd=1203
07-08 21:03:50.503  1433  1881 D InputTransport: Input channel constructed: '68db237', fd=1219
07-08 21:03:50.503  1433  1881 D InputTransport: Input channel constructed: '68db237', fd=1224
07-08 21:03:50.503  1433  1881 D InputTransport: Input channel destroyed: '68db237', fd=1219
07-08 21:03:50.503  1065  1290 I SurfaceFlinger: id=1648 createSurf, flag=84004, 68db237 com.fylexcon.askmemore/com.fylexcon.askmemore.MainActivity#1648
07-08 21:03:50.504  1433  1881 D RestrictionPolicy: isScreenCaptureEnabled : ret=true userId=0
07-08 21:03:50.504  1433  1881 D RestrictionPolicy: isScreenCaptureEnabled : ret=true userId=0
07-08 21:03:50.505  1433  1881 D InputTransport: Input channel destroyed: '68db237', fd=1224
07-08 21:03:50.505  5738  5738 D InputTransport: Input channel constructed: '68db237', fd=115
07-08 21:03:50.505  1065  1065 I SurfaceFlinger: [68db237 com.fylexcon.askmemore/com.fylexcon.askmemore.MainActivity#1648] attach to parent LayerHierarchy{RequestedLayerState{ActivityRecord{35936250 u0 com.fylexcon.askmemore/.MainActivity t915}#1638 parentId=1637} 3 children}
07-08 21:03:50.506  2990  2990 I HoneySpace.Player: [Player:A(50.134)] container x: 0.041900396, y: 0.4578681, scale : 0.9995012
07-08 21:03:50.506  5738  5738 I InsetsController: onStateChanged: host=com.fylexcon.askmemore/com.fylexcon.askmemore.MainActivity, from=android.view.ViewRootImpl.onInsetsStateChanged:3038, state=InsetsState: {mDisplayFrame=Rect(0, 0 - 1080, 2340), mDisplayCutout=DisplayCutout{insets=Rect(0, 77 - 0, 0) waterfall=Insets{left=0, top=0, right=0, bottom=0} boundingRect={Bounds=[Rect(0, 0 - 0, 0), Rect(477, 0 - 603, 77), Rect(0, 0 - 0, 0), Rect(0, 0 - 0, 0)]} cutoutPathParserInfo={CutoutPathParserInfo{displayWidth=1080 displayHeight=2340 physicalDisplayWidth=1080 physicalDisplayHeight=2340 density={2.8125} cutoutSpec={M 0,0 H -22.4‬ V 27.37777777777778‬ H 22.4‬ V 0 H 0 Z @dp} rotation={0} scale={1.0} physicalPixelDisplaySizeRatio={1.0}}} sideOverrides={}}, mRoundedCorners=RoundedCorners{[RoundedCorner{position=TopLeft, radius=113, center=Point(113, 113)}, RoundedCorner{position=TopRight, radius=113, center=Point(967, 113)}, RoundedCorner{position=BottomRight, radius=113, center=Point(967, 2227)}, RoundedCorner{position=BottomLeft, radius=113, center=Point(113, 2227)}]}  mRoundedCornerFrame=Rect(0, 0 - 1080, 2340), mPrivacyIndicatorBounds=PrivacyIndicatorBounds {static bounds=Rect(956, 0 - 1080, 77) rotation=0}, mDisplayShape=DisplayShape{ spec=-311912193 displayWidth=1080 displayHeight=2340 physicalPixelDisplaySizeRatio=1.0 rotation=0 offsetX=0 offsetY=0 scale=1.0}, mSources= { InsetsSource: {d3b20001 mType=navigationBars mFrame=[0,2298][1080,2340] mAttachedInsets=null mVisible=true mFlags=SUPPRESS_SCRIM mSideHint=BOTTOM mBoundingRects=null}, InsetsSource: {d3b20004 mType=systemGestures mFrame=[0,0][84,2340] mAttachedInsets=null mVisible=true mFlags= mSideHint=LEFT mBoundingRects=null}, InsetsSource: {d3b20005 mType=mandatorySystemGestures mFrame=[0,2250][1080,2340] mAttachedInsets=null mVisible=true mFlags= mSideHint=BOTTOM mBoundingRects=null}, InsetsSource: {d3b20006 mType=tappableElement mFrame=[0,0][0,0] mAttachedInsets=null mVisible=true mFlags= mSideHint=NONE mBoundingRects=null}, InsetsSource: {d3b20024 mType=systemGestures mFrame=[996,0][1080,2340] mAttachedInsets=null mVisible=true mFlags= mSideHint=RIGHT mBoundingRects=null}, InsetsSource: {dc640000 mType=statusBars mFrame=[0,0][1080,77] mAttachedInsets=null mVisible=true mFlags= mSideHint=TOP mBoundingRects=null}, InsetsSource: {dc640005 mType=mandatorySystemGestures mFrame=[0,0][1080,111] mAttachedInsets=null mVisible=true mFlags= mSideHint=TOP mBoundingRects=null}, InsetsSource: {dc640006 mType=tappableElement mFrame=[0,0][1080,77] mAttachedInsets=null mVisible=true mFlags= mSideHint=TOP mBoundingRects=null}, InsetsSource: {3 mType=ime mFrame=[0,0][0,0] mAttachedInsets=null mVisible=false mFlags=INVALID mSideHint=NONE mBoundingRects=null}, InsetsSource: {27 mType=displayCutout mFrame=[0,0][1080,77] mAttachedInsets=null mVisible=true mFlags= mSideHint=TOP mBoundingRects=null} }
07-08 21:03:50.508  2990  4438 I VRI[LauncherActivity]@11b5082: mWNT: t=0xb40000733d21fa50 mBlastBufferQueue=0xb40000736d6f8d20 fn= 125 HdrRenderState mRenderHdrSdrRatio=1.0 caller= com.android.systemui.shared.launcher.ViewRootImplCompat.mergeWithNextTransaction:4 com.honeyspace.transition.utils.SurfaceTransactionApplier.scheduleApply$lambda$1:16 com.honeyspace.transition.utils.SurfaceTransactionApplier.b:0 
07-08 21:03:50.508  5738  5738 I VRI[MainActivity]@947b7c6: synced displayState. AttachInfo displayState=2
07-08 21:03:50.508  5738  5738 I VRI[MainActivity]@947b7c6: setView = com.android.internal.policy.DecorView@55ac95 IsHRR=false mFlingFrameRateChange=0 TM=true
07-08 21:03:50.509  5738  5738 I IDS_TAG : Starting IDS observe window
07-08 21:03:50.509  5738  5738 I IDS_TAG : Getting Shared Preference for com.fylexcon.askmemore.MainApplication@3c848e6 uid = 10051
07-08 21:03:50.512  5738  5738 I IDS_TAG : App com.fylexcon.askmemore.MainApplication@3c848e6 has not finished training
07-08 21:03:50.513  5738  5756 D HWUI    : HWUI - treat SMPTE_170M as sRGB
07-08 21:03:50.513  5738  5738 I IDS_TAG : Closing IDS observe window
07-08 21:03:50.513  5738  5738 I IDS_TAG : Getting Shared Preference for com.fylexcon.askmemore.MainApplication@3c848e6 uid = 10051
07-08 21:03:50.514  5738  5738 I IDS_TAG : IDS count updated to 2 for com.fylexcon.askmemore.MainApplication@3c848e6
07-08 21:03:50.516  5738  5738 D VRI[MainActivity]@947b7c6: WindowInsets changed: 1080x2340 statusBars:[0,77,0,0] navigationBars:[0,0,0,42] mandatorySystemGestures:[0,111,0,90] 
07-08 21:03:50.517  5738  5738 D WindowOnBackDispatcher: setTopOnBackInvokedCallback (unwrapped): android.view.ViewRootImpl$$ExternalSyntheticLambda16@92710e4
07-08 21:03:50.517  1433  3882 D CoreBackPreview: Window{68db237 u0 com.fylexcon.askmemore/com.fylexcon.askmemore.MainActivity}: Setting back callback OnBackInvokedCallbackInfo{mCallback=android.window.IOnBackInvokedCallback$Stub$Proxy@cee8cc2, mPriority=0, mIsAnimationCallback=false, mOverrideBehavior=0}
07-08 21:03:50.518  1433  1533 I WindowManager: Relayout Window{68db237 u0 com.fylexcon.askmemore/com.fylexcon.askmemore.MainActivity}: viewVisibility=0 req=1080x2340 ty=1 d0
07-08 21:03:50.518  1065  1117 I SurfaceFlinger: id=1649 createSurf, flag=44004, com.fylexcon.askmemore/com.fylexcon.askmemore.MainActivity$_5738#1649
07-08 21:03:50.519  1433  1533 D WindowManager: makeSurface duration=1 name=com.fylexcon.askmemore/com.fylexcon.askmemore.MainActivity$_5738
07-08 21:03:50.520  1433  1533 D WindowManager: Changing focus from null to Window{68db237 u0 com.fylexcon.askmemore/com.fylexcon.askmemore.MainActivity} displayId=0 Callers=com.android.server.wm.WindowManagerService.relayoutWindow:1350 com.android.server.wm.Session.relayout:30 android.view.IWindowSession$Stub.onTransact:840 com.android.server.wm.Session.onTransact:1 
07-08 21:03:50.520  1433  1533 I WindowManager: Cancelling animation restarting=true, leash=Surface(name=Surface(name=bcdb033 StatusBar#79)/@0x441d939 - animation-leash of insets_animation#1645)/@0x9389703
07-08 21:03:50.520  1433  1533 I WindowManager: Reparenting to original parent: Surface(name=WindowToken{437fba2 type=2000 android.os.BinderProxy@5732f84}#78)/@0xb4f0b7e, destroy=false, surface=Surface(name=bcdb033 StatusBar#79)/@0x441d939
07-08 21:03:50.520  1433  1533 I WindowManager: Reparenting to leash, surface=Surface(name=bcdb033 StatusBar#79)/@0x441d939, leashParent=Surface(name=WindowToken{437fba2 type=2000 android.os.BinderProxy@5732f84}#78)/@0xb4f0b7e
07-08 21:03:50.521  1065  1117 I SurfaceFlinger: id=1650 createSurf, flag=24000, Surface(name=bcdb033 StatusBar#79)/@0x441d939 - animation-leash of insets_animation#1650
07-08 21:03:50.521  1433  1533 D WindowManager: makeSurface duration=0 leash=Surface(name=Surface(name=bcdb033 StatusBar#79)/@0x441d939 - animation-leash of insets_animation#1650)/@0x9248610
07-08 21:03:50.521  1433  1533 D InsetsSourceProvider: updateControlForTarget: control=InsetsSourceControl: {dc640000 mType=statusBars initiallyVisible mSurfacePosition=Point(0, 0) mInsetsHint=Insets{left=0, top=77, right=0, bottom=0}}, target=Window{68db237 u0 com.fylexcon.askmemore/com.fylexcon.askmemore.MainActivity}, from=com.android.server.wm.InsetsStateController.onControlTargetChanged:82 com.android.server.wm.InsetsPolicy.updateBarControlTarget:203 com.android.server.wm.DisplayPolicy.updateSystemBarAttributes:439 com.android.server.wm.WindowManagerService.updateFocusedWindowLocked:358 com.android.server.wm.WindowManagerService.relayoutWindow:1350 
07-08 21:03:50.521  1433  1533 I WindowManager: Cancelling animation restarting=true, leash=Surface(name=Surface(name=1a4b965 NavigationBar0#72)/@0x5ed992c - animation-leash of insets_animation#1646)/@0xccfd4b9
07-08 21:03:50.521  1433  1533 I WindowManager: Reparenting to original parent: Surface(name=WindowToken{8a1825c type=2019 android.os.BinderProxy@cc8a52e}#71)/@0xeddcff5, destroy=false, surface=Surface(name=1a4b965 NavigationBar0#72)/@0x5ed992c
07-08 21:03:50.522  1433  1533 I WindowManager: Reparenting to leash, surface=Surface(name=1a4b965 NavigationBar0#72)/@0x5ed992c, leashParent=Surface(name=WindowToken{8a1825c type=2019 android.os.BinderProxy@cc8a52e}#71)/@0xeddcff5
07-08 21:03:50.522  1065  1117 I SurfaceFlinger: id=1651 createSurf, flag=24000, Surface(name=1a4b965 NavigationBar0#72)/@0x5ed992c - animation-leash of insets_animation#1651
07-08 21:03:50.522  1065  1065 I SurfaceFlinger: RequestedLayer [68db237 com.fylexcon.askmemore/com.fylexcon.askmemore.MainActivity#1648] hidden!! flag  from(1) --> to(0)
07-08 21:03:50.522  1065  1065 I SurfaceFlinger: [com.fylexcon.askmemore/com.fylexcon.askmemore.MainActivity$_5738#1649] attach to parent LayerHierarchy{RequestedLayerState{68db237 com.fylexcon.askmemore/com.fylexcon.askmemore.MainActivity#1648 parentId=1638} 1 children}
